<html>
<body>
<pre>
<h1>礦ision Build Log</h1>
<h2>Tool Versions:</h2>
IDE-Version: μVision V5.16a
Copyright (C) 2015 ARM Ltd and ARM Germany GmbH. All rights reserved.
License Information: li liklon, li, LIC=50DX7-EG0VU-AU24J-U4S0I-B6KJG-K6Q79
 
Tool Versions:
Toolchain:       MDK-ARM Professional  Version: 5.16a
Toolchain Path:  C:\Keil_v5\ARM\ARMCC_505u2\Bin
C Compiler:      Armcc.exe V5.05 update 2 (build 169)
Assembler:       Armasm.exe V5.05 update 2 (build 169)
Linker/Locator:  ArmLink.exe V5.05 update 2 (build 169)
Library Manager: ArmAr.exe V5.05 update 2 (build 169)
Hex Converter:   FromElf.exe V5.05 update 2 (build 169)
CPU DLL:         SARMCR4.DLL V5.16a
Dialog DLL:      DLM.DLL V1.24.0.0
Target DLL:      Segger\JL2CM3.dll V2.99.15.2
Dialog DLL:      TLM.DLL V1.22.0.2
 
<h2>Project:</h2>
E:\产品资料\东芝\东芝\东芝\新建文件夹 (2)\Demo\7inch_Demo\bld\B_Keil\keil\rom2ram\rom2ram.uvproj
Project File Date:  04/13/2016

<h2>Output:</h2>
*** Using Compiler 'V5.05 update 2 (build 169)', folder: 'C:\Keil_v5\ARM\ARMCC_505u2\Bin'
Build Project 'rom2ram' - Target 'ram'
compiling graphics_init.c...
compiling fbuffer.c...
compiling layer.c...
compiling listmngr.c...
compiling adc.c...
compiling blit.c...
compiling ccr.c...
compiling gfunctions.c...
compiling dmac.c...
compiling dmc.c...
compiling draw.c...
compiling esei.c...
compiling fg.c...
compiling ga.c...
compiling gpio.c...
compiling gdc.c...
compiling hsuart.c...
compiling iic.c...
compiling iic_timer.c...
compiling iis.c...
compiling intc.c...
compiling pl353nand.c...
compiling pl353nor.c...
compiling png.c...
compiling qspic.c...
compiling rtc.c...
compiling rotation_matrix.c...
compiling sin_cos.c...
compiling smc.c...
compiling stpu.c...
compiling timer_cmplx.c...
compiling timer_gdc_pwm.c...
compiling timer_hs_pwm.c...
compiling timer_pwm.c...
compiling transf.c...
compiling txcan.c...
compiling wdt.c...
assembling pl353_rw_support.s...
assembling qspic_rw_support.s...
compiling charled.c...
compiling pl353_nandflash.c...
compiling pl353_norflash.c...
compiling dmc_cfg.c...
compiling qspi.c...
assembling core_init_keil.s...
assembling cr4_burst_access_keil.s...
assembling cr4_pmu_keil.s...
assembling excp_hndlr_keil.s...
assembling rom_copy_keil.s...
assembling copy_functions.s...
assembling core.s...
compiling images_copy_rom_to_ram.c...
compiling images_init.c...
compiling images_ram_arrays.c...
compiling images_ram_structs.c...
compiling boardcfg.c...
compiling main.c...
compiling pinconfig.c...
compiling myconfig.c...
compiling mymenu.c...
compiling rotation.c...
compiling statevariables.c...
compiling buttons.c...
compiling icons.c...
linking...
E:\产品资料\东芝\东芝\东芝\新建文件夹 (2)\Demo\7inch_Demo\bld\B_Keil\keil\ram.scat(40): warning: L6314W: No section matches pattern *(.ROMgraphics).
E:\产品资料\东芝\东芝\东芝\新建文件夹 (2)\Demo\7inch_Demo\bld\B_Keil\keil\ram.scat(48): warning: L6314W: No section matches pattern *(.ROMIntrographics).
E:\产品资料\东芝\东芝\东芝\新建文件夹 (2)\Demo\7inch_Demo\bld\B_Keil\keil\ram.scat(113): warning: L6314W: No section matches pattern *(.FBGDC0LB).
E:\产品资料\东芝\东芝\东芝\新建文件夹 (2)\Demo\7inch_Demo\bld\B_Keil\keil\ram.scat(114): warning: L6314W: No section matches pattern *(.FBGDC0LC).
Program Size: Code=278604 RO-data=1784 RW-data=3416 ZI-data=9454984  
Finished: 0 information, 4 warning and 0 error messages.
FromELF: creating hex file...
"..\out\ram.axf" - 0 Error(s), 4 Warning(s).
Build Time Elapsed:  00:00:27
</pre>
</body>
</html>
