Component: ARM Compiler 5.05 update 2 (build 169) Tool: armlink [4d0f33]

==============================================================================

Section Cross References

    gfunctions.o(.text) refers to draw.o(.text) for vDrw_DrawTriangle
    gfunctions.o(.text) refers to rt_memcpy_w.o(.text) for __aeabi_memcpy4
    gfunctions.o(.text) refers to gdc.o(.text) for u32GDC_GetStatVSync
    gfunctions.o(.text) refers to ga.o(.text) for u8GA_GetStatus
    gfunctions.o(.text) refers to png.o(.text) for ePNG_GetStreamPhaseStatus
    gfunctions.o(.text) refers to aeabi_sdiv_cr4.o(x$udiv) for __aeabi_uidiv
    gfunctions.o(.text) refers to blit.o(.text) for vBlit_SetClippWnd
    gfunctions.o(.text) refers to gfunctions.o(.data) for au8MW_GFUNCTIONS_C_REVISION
    gfunctions.o(.text) refers to rotation.o(.data) for u32SubResPPos
    gfunctions.o(.text) refers to listmngr.o(.data) for pstWriteList
    gfunctions.o(.text) refers to rotation.o(.bss) for au32Coordinate
    gfunctions.o(.text) refers to gdc.o(.bss) for u64GDCDCR_REG__Var
    gfunctions.o(.text) refers to gfunctions.o(.bss) for stGastate
    gfunctions.o(.text) refers to f2d.o(x$fpl$f2d) for __aeabi_f2d
    gfunctions.o(.text) refers to dleqf.o(x$fpl$dleqf) for __aeabi_cdcmple
    gfunctions.o(.text) refers to ddiv.o(x$fpl$ddiv) for __aeabi_ddiv
    gfunctions.o(.text) refers to dfix.o(x$fpl$dfix) for __aeabi_d2iz
    gfunctions.o(.text) refers to dflt_clz.o(x$fpl$dflt) for __aeabi_i2d
    gfunctions.o(.text) refers to dmul.o(x$fpl$dmul) for __aeabi_dmul
    gfunctions.o(.text) refers to daddsub_clz.o(x$fpl$dsub) for __aeabi_dsub
    gfunctions.o(.text) refers to d2f.o(x$fpl$d2f) for __aeabi_d2f
    gfunctions.o(.text) refers to daddsub_clz.o(x$fpl$dadd) for __aeabi_dadd
    gfunctions.o(.text) refers to drleqf.o(x$fpl$drleqf) for __aeabi_cdrcmple
    gfunctions.o(.text) refers to fflt_clz.o(x$fpl$ffltu) for __aeabi_ui2f
    gfunctions.o(.text) refers to fflt_clz.o(x$fpl$fflt) for __aeabi_i2f
    gfunctions.o(.text) refers to fmul.o(x$fpl$fmul) for __aeabi_fmul
    gfunctions.o(.text) refers to fdiv.o(x$fpl$fdiv) for __aeabi_fdiv
    gfunctions.o(.text) refers to ffix.o(x$fpl$ffix) for __aeabi_f2iz
    gfunctions.o(.text) refers to rotation.o(.text) for vRotLib_Rotate
    gfunctions.o(.text) refers to ffixu.o(x$fpl$ffixu) for __aeabi_f2uiz
    gfunctions.o(.text) refers to aeabi_sdiv_cr4.o(x$udivmod) for __aeabi_uidivmod
    gfunctions.o(.text) refers to listmngr.o(.text) for vGfListExecute
    gfunctions.o(.text) refers to aeabi_sdiv_cr4.o(x$sdiv) for __aeabi_idiv
    gfunctions.o(.text) refers to transf.o(.text) for vTransf_ConfigTransfOp
    gfunctions.o(.text) refers to acos.o(i.acos) for acos
    gfunctions.o(.text) refers to dfixu.o(x$fpl$dfixu) for __aeabi_d2uiz
    gfunctions.o(.text) refers to dflt_clz.o(x$fpl$dfltu) for __aeabi_ui2d
    gfunctions.o(.text) refers to cos.o(i.cos) for cos
    gfunctions.o(.text) refers to sin.o(i.sin) for sin
    gfunctions.o(.text) refers to faddsub_clz.o(x$fpl$fadd) for __aeabi_fadd
    gfunctions.o(.text) refers to faddsub_clz.o(x$fpl$fsub) for __aeabi_fsub
    gfunctions.o(.text) refers to deqf.o(x$fpl$deqf) for __aeabi_cdcmpeq
    gfunctions.o(.text) refers to daddsub_clz.o(x$fpl$drsb) for __aeabi_drsub
    gfunctions.o(.text) refers to sqrt.o(i.sqrt) for sqrt
    graphics_init.o(.text) refers to pinconfig.o(.text) for vPinconfig_GDC0
    graphics_init.o(.text) refers to ccr.o(.text) for i32CCR_EnableModuleClock
    graphics_init.o(.text) refers to gdc.o(.text) for vGDC_Init
    graphics_init.o(.text) refers to layer.o(.text) for vGfRegisterLayers
    graphics_init.o(.text) refers to fg.o(.text) for vFG_SetCaptureBuffers
    graphics_init.o(.text) refers to rt_memcpy_w.o(.text) for __aeabi_memcpy4
    graphics_init.o(.text) refers to ga.o(.text) for vGA_Enable
    graphics_init.o(.text) refers to draw.o(.text) for boDrw_SetFilterCoefDrawEngine
    graphics_init.o(.text) refers to png.o(.text) for vPNG_Init
    graphics_init.o(.text) refers to dmc.o(.text) for vSetEarlyWriteResponse
    graphics_init.o(.text) refers to gfunctions.o(.text) for vGfInitMWStateVariable
    graphics_init.o(.text) refers to listmngr.o(.text) for vGfListInit
    graphics_init.o(.text) refers to graphics_init.o(.data) for au8MW_GRAPHICS_INIT_C_REVISION
    graphics_init.o(.text) refers to layer.o(.bss) for stGDC0LayerA
    graphics_init.o(.text) refers to graphics_init.o(.constdata) for .constdata
    layer.o(.text) refers to gdc.o(.text) for i32GDC_SetDataFormat
    layer.o(.text) refers to gfunctions.o(.text) for vGfWaitForGA
    layer.o(.text) refers to layer.o(.data) for au8MW_LAYER_C_REVISION
    layer.o(.text) refers to layer.o(.bss) for stGDC0LayerA
    listmngr.o(.text) refers to ga.o(.text) for vGA_ResetList
    listmngr.o(.text) refers to gfunctions.o(.text) for vGfWaitForGA
    listmngr.o(.text) refers to listmngr.o(.data) for au8MW_LISTMNGR_C_REVISION
[...]
    __rt_memcpy_w                            0x40041f78   ARM Code     100  rt_memcpy_w.o(.text)
    _memcpy_lastbytes_aligned                0x40041fc4   ARM Code       0  rt_memcpy_w.o(.text)
    __aeabi_memset                           0x40041fdd   Thumb Code    16  aeabi_memset.o(.text)
    __read_errno                             0x40041fed   Thumb Code    10  _rserrno.o(.text)
    __set_errno                              0x40041ff7   Thumb Code    12  _rserrno.o(.text)
    _printf_int_common                       0x40042003   Thumb Code   178  _printf_intcommon.o(.text)
    _printf_char_common                      0x400420bf   Thumb Code    32  _printf_char_common.o(.text)
    _sputc                                   0x400420e5   Thumb Code    10  _sputc.o(.text)
    _printf_char_file                        0x400420f1   Thumb Code    32  _printf_char_file.o(.text)
    __aeabi_memclr                           0x40042115   Thumb Code     0  rt_memclr.o(.text)
    __rt_memclr                              0x40042115   Thumb Code    68  rt_memclr.o(.text)
    _memset                                  0x40042119   Thumb Code     0  rt_memclr.o(.text)
    __rt_udiv10                              0x40042158   ARM Code      44  rtudiv10.o(.text)
    __aeabi_errno_addr                       0x40042185   Thumb Code     8  rt_errno_addr.o(.text)
    __errno                                  0x40042185   Thumb Code     0  rt_errno_addr.o(.text)
    __rt_errno_addr                          0x40042185   Thumb Code     0  rt_errno_addr.o(.text)
    ferror                                   0x4004218d   Thumb Code     8  ferror.o(.text)
    _initio                                  0x40042195   Thumb Code   210  initio.o(.text)
    _terminateio                             0x40042267   Thumb Code    56  initio.o(.text)
    __aeabi_memclr4                          0x400422cd   Thumb Code     0  rt_memclr_w.o(.text)
    __aeabi_memclr8                          0x400422cd   Thumb Code     0  rt_memclr_w.o(.text)
    __rt_memclr_w                            0x400422cd   Thumb Code    78  rt_memclr_w.o(.text)
    _memset_w                                0x400422d1   Thumb Code     0  rt_memclr_w.o(.text)
    _sys_open                                0x4004231b   Thumb Code    20  sys_io.o(.text)
    _sys_close                               0x4004232f   Thumb Code    12  sys_io.o(.text)
    _sys_write                               0x4004233b   Thumb Code    16  sys_io.o(.text)
    _sys_read                                0x4004234b   Thumb Code    14  sys_io.o(.text)
    _sys_istty                               0x40042359   Thumb Code    12  sys_io.o(.text)
    _sys_seek                                0x40042365   Thumb Code    14  sys_io.o(.text)
    _sys_ensure                              0x40042373   Thumb Code     2  sys_io.o(.text)
    _sys_flen                                0x40042375   Thumb Code    12  sys_io.o(.text)
    free                                     0x40042381   Thumb Code    78  h1_free.o(.text)
    setvbuf                                  0x400423cf   Thumb Code    70  setvbuf.o(.text)
    freopen                                  0x40042415   Thumb Code   158  fopen.o(.text)
    fopen                                    0x400424b3   Thumb Code    74  fopen.o(.text)
    _fclose_internal                         0x40042501   Thumb Code    76  fclose.o(.text)
    fclose                                   0x40042501   Thumb Code     0  fclose.o(.text)
    __rt_SIGRTRED                            0x4004254d   Thumb Code    14  defsig_rtred_outer.o(.text)
    __I$use$semihosting                      0x4004255b   Thumb Code     0  use_no_semi.o(.text)
    __use_no_semihosting_swi                 0x4004255b   Thumb Code     2  use_no_semi.o(.text)
    __rt_heap_descriptor                     0x4004255d   Thumb Code     8  rt_heap_descriptor.o(.text)
    __semihosting_library_function           0x4004255d   Thumb Code     0  indicate_semi.o(.text)
    __use_no_heap                            0x40042565   Thumb Code     2  hguard.o(.text)
    __heap$guard                             0x40042567   Thumb Code     2  hguard.o(.text)
    _terminate_user_alloc                    0x40042569   Thumb Code     2  init_alloc.o(.text)
    _init_user_alloc                         0x4004256b   Thumb Code     2  init_alloc.o(.text)
    __Heap_Full                              0x4004256d   Thumb Code    32  init_alloc.o(.text)
    __Heap_Broken                            0x4004258d   Thumb Code     6  init_alloc.o(.text)
    _init_alloc                              0x40042593   Thumb Code    94  init_alloc.o(.text)
    malloc                                   0x400425f1   Thumb Code    94  h1_alloc.o(.text)
    _fseek                                   0x40042651   Thumb Code   242  fseek.o(.text)
    fseek                                    0x40042651   Thumb Code     0  fseek.o(.text)
    _seterr                                  0x40042749   Thumb Code    20  stdio.o(.text)
    _writebuf                                0x4004275d   Thumb Code    84  stdio.o(.text)
    _fflush                                  0x400427b1   Thumb Code    70  stdio.o(.text)
    _deferredlazyseek                        0x400427f7   Thumb Code    60  stdio.o(.text)
    __sig_exit                               0x40042839   Thumb Code    10  defsig_exit.o(.text)
    __rt_SIGRTRED_inner                      0x40042845   Thumb Code    14  defsig_rtred_inner.o(.text)
    _sys_exit                                0x40042879   Thumb Code     8  sys_exit.o(.text)
    __Heap_Initialize                        0x40042885   Thumb Code    10  h1_init.o(.text)
    __Heap_DescSize                          0x4004288f   Thumb Code     4  h1_init.o(.text)
    __Heap_ProvideMemory                     0x40042893   Thumb Code    48  h1_extend.o(.text)
    _ftell_internal                          0x400428c3   Thumb Code    66  ftell.o(.text)
    ftell                                    0x400428c3   Thumb Code     0  ftell.o(.text)
    __default_signal_display                 0x40042905   Thumb Code    50  defsig_general.o(.text)
    __rt_SIGRTMEM                            0x40042937   Thumb Code    14  defsig_rtmem_outer.o(.text)
    _ttywrch                                 0x40042945   Thumb Code    14  sys_wrch.o(.text)
    __rt_SIGRTMEM_inner                      0x40042955   Thumb Code    22  defsig_rtmem_inner.o(.text)
    Long ARM to ARM Veneer to vDMC_Init      0x400429a4   ARM Code       8  anon$$obj.o(Veneer$$Code)
    asm_copy_word                            0x400429ac   ARM Code       0  copy_functions.o(copy_function)
    asm_copy_hword                           0x400429c4   ARM Code       0  copy_functions.o(copy_function)
    asm_copy_byte                            0x400429dc   ARM Code       0  copy_functions.o(copy_function)
    __DSB                                    0x400429f4   ARM Code       0  core.o(core_function)
    __ISB                                    0x400429fc   ARM Code       0  core.o(core_function)
    asm_enable_core_int                      0x40042a04   ARM Code       0  core.o(core_function)
    asm_disable_core_int                     0x40042a14   ARM Code       0  core.o(core_function)
    asm_enable_core_fast_int                 0x40042a24   ARM Code       0  core.o(core_function)
    asm_disable_core_fast_int                0x40042a34   ARM Code       0  core.o(core_function)
    asm_enable_core_vic_port                 0x40042a44   ARM Code       0  core.o(core_function)
    asm_disable_core_vic_port                0x40042a54   ARM Code       0  core.o(core_function)
    __ARM_fpclassify                         0x40042a65   Thumb Code    40  fpclassify.o(i.__ARM_fpclassify)
    __ieee754_rem_pio2                       0x40042a8d   Thumb Code   828  rred.o(i.__ieee754_rem_pio2)
    __kernel_cos                             0x40042e11   Thumb Code   232  cos_i.o(i.__kernel_cos)
    __kernel_poly                            0x40042f0d   Thumb Code   170  poly.o(i.__kernel_poly)
    __kernel_sin                             0x40042fb9   Thumb Code   226  sin_i.o(i.__kernel_sin)
    __mathlib_dbl_infnan                     0x400430a9   Thumb Code     6  dunder.o(i.__mathlib_dbl_infnan)
    __mathlib_dbl_invalid                    0x400430af   Thumb Code    12  dunder.o(i.__mathlib_dbl_invalid)
    __mathlib_dbl_underflow                  0x400430bd   Thumb Code    10  dunder.o(i.__mathlib_dbl_underflow)
    _is_digit                                0x400430cd   Thumb Code    14  __printf_wp.o(i._is_digit)
    acos                                     0x400430dd   Thumb Code   570  acos.o(i.acos)
    ceil                                     0x40043355   Thumb Code   190  ceil.o(i.ceil)
    cos                                      0x40043425   Thumb Code   160  cos.o(i.cos)
    floor                                    0x400434cd   Thumb Code   190  floor.o(i.floor)
    sin                                      0x4004359d   Thumb Code   162  sin.o(i.sin)
    sqrt                                     0x40043649   Thumb Code    76  sqrt.o(i.sqrt)
    write_burst4                             0x40043694   ARM Code       0  qspic_rw_support.o(rw_support)
    read_burst4                              0x400436a4   ARM Code       0  qspic_rw_support.o(rw_support)
    write_burst8                             0x400436b4   ARM Code       0  qspic_rw_support.o(rw_support)
    read_burst8                              0x400436c4   ARM Code       0  qspic_rw_support.o(rw_support)
    word_write                               0x400436d8   ARM Code       0  qspic_rw_support.o(rw_support)
    word_read                                0x400436e4   ARM Code       0  qspic_rw_support.o(rw_support)
    hword_write                              0x400436f4   ARM Code       0  qspic_rw_support.o(rw_support)
    hword_read                               0x40043700   ARM Code       0  qspic_rw_support.o(rw_support)
    byte_write                               0x40043710   ARM Code       0  qspic_rw_support.o(rw_support)
    byte_read                                0x4004371c   ARM Code       0  qspic_rw_support.o(rw_support)
    __aeabi_d2f                              0x4004372d   Thumb Code     0  d2f.o(x$fpl$d2f)
    _d2f                                     0x4004372d   Thumb Code    98  d2f.o(x$fpl$d2f)
    __aeabi_dadd                             0x40043791   Thumb Code     0  daddsub_clz.o(x$fpl$dadd)
    _dadd                                    0x40043791   Thumb Code   332  daddsub_clz.o(x$fpl$dadd)
    __fpl_dcheck_NaN1                        0x400438e1   Thumb Code    10  dcheck1.o(x$fpl$dcheck1)
    __fpl_dcmp_Inf                           0x400438f1   Thumb Code    24  dcmpi.o(x$fpl$dcmpinf)
    __aeabi_ddiv                             0x40043909   Thumb Code     0  ddiv.o(x$fpl$ddiv)
    _ddiv                                    0x40043909   Thumb Code   552  ddiv.o(x$fpl$ddiv)
    __aeabi_cdcmpeq                          0x40043bb9   Thumb Code     0  deqf.o(x$fpl$deqf)
    _dcmpeq                                  0x40043bb9   Thumb Code   120  deqf.o(x$fpl$deqf)
    __aeabi_d2iz                             0x40043c31   Thumb Code     0  dfix.o(x$fpl$dfix)
    _dfix                                    0x40043c31   Thumb Code    94  dfix.o(x$fpl$dfix)
    __aeabi_d2uiz                            0x40043c91   Thumb Code     0  dfixu.o(x$fpl$dfixu)
    _dfixu                                   0x40043c91   Thumb Code    90  dfixu.o(x$fpl$dfixu)
    __aeabi_i2d                              0x40043ceb   Thumb Code     0  dflt_clz.o(x$fpl$dflt)
    _dflt                                    0x40043ceb   Thumb Code    46  dflt_clz.o(x$fpl$dflt)
    __aeabi_l2d                              0x40043d19   Thumb Code     0  dfltll_clz.o(x$fpl$dfltll)
    _ll_sto_d                                0x40043d19   Thumb Code   162  dfltll_clz.o(x$fpl$dfltll)
    __aeabi_ui2d                             0x40043dbb   Thumb Code     0  dflt_clz.o(x$fpl$dfltu)
    _dfltu                                   0x40043dbb   Thumb Code    38  dflt_clz.o(x$fpl$dfltu)
    __aeabi_cdcmple                          0x40043de1   Thumb Code     0  dleqf.o(x$fpl$dleqf)
    _dcmple                                  0x40043de1   Thumb Code   120  dleqf.o(x$fpl$dleqf)
    __fpl_dcmple_InfNaN                      0x40043e43   Thumb Code     0  dleqf.o(x$fpl$dleqf)
    __aeabi_dmul                             0x40043e59   Thumb Code     0  dmul.o(x$fpl$dmul)
    _dmul                                    0x40043e59   Thumb Code   332  dmul.o(x$fpl$dmul)
    __fpl_dnaninf                            0x40043fad   Thumb Code   156  dnaninf.o(x$fpl$dnaninf)
    __fpl_dretinf                            0x40044049   Thumb Code    12  dretinf.o(x$fpl$dretinf)
    __aeabi_cdrcmple                         0x40044055   Thumb Code     0  drleqf.o(x$fpl$drleqf)
    _drcmple                                 0x40044055   Thumb Code   108  drleqf.o(x$fpl$drleqf)
    __aeabi_drsub                            0x400440c1   Thumb Code     0  daddsub_clz.o(x$fpl$drsb)
    _drsb                                    0x400440c1   Thumb Code    22  daddsub_clz.o(x$fpl$drsb)
    _dsqrt                                   0x400440d9   Thumb Code   404  dsqrt_umaal.o(x$fpl$dsqrt)
    __aeabi_dsub                             0x40044271   Thumb Code     0  daddsub_clz.o(x$fpl$dsub)
    _dsub                                    0x40044271   Thumb Code   464  daddsub_clz.o(x$fpl$dsub)
    __aeabi_f2d                              0x40044445   Thumb Code     0  f2d.o(x$fpl$f2d)
    _f2d                                     0x40044445   Thumb Code    86  f2d.o(x$fpl$f2d)
    __aeabi_fadd                             0x4004449d   Thumb Code     0  faddsub_clz.o(x$fpl$fadd)
    _fadd                                    0x4004449d   Thumb Code   196  faddsub_clz.o(x$fpl$fadd)
    __fpl_fcmp_Inf                           0x40044561   Thumb Code    24  fcmpi.o(x$fpl$fcmpinf)
    __aeabi_fdiv                             0x40044579   Thumb Code     0  fdiv.o(x$fpl$fdiv)
    _fdiv                                    0x40044579   Thumb Code   384  fdiv.o(x$fpl$fdiv)
    __aeabi_cfcmpeq                          0x400446fd   Thumb Code     0  feqf.o(x$fpl$feqf)
    _fcmpeq                                  0x400446fd   Thumb Code   104  feqf.o(x$fpl$feqf)
    __aeabi_f2iz                             0x40044765   Thumb Code     0  ffix.o(x$fpl$ffix)
    _ffix                                    0x40044765   Thumb Code    54  ffix.o(x$fpl$ffix)
    __aeabi_f2uiz                            0x4004479d   Thumb Code     0  ffixu.o(x$fpl$ffixu)
    _ffixu                                   0x4004479d   Thumb Code    62  ffixu.o(x$fpl$ffixu)
    __aeabi_i2f                              0x400447dd   Thumb Code     0  fflt_clz.o(x$fpl$fflt)
    _fflt                                    0x400447dd   Thumb Code    48  fflt_clz.o(x$fpl$fflt)
    __aeabi_ui2f                             0x4004480d   Thumb Code     0  fflt_clz.o(x$fpl$ffltu)
    _ffltu                                   0x4004480d   Thumb Code    38  fflt_clz.o(x$fpl$ffltu)
    __aeabi_cfcmple                          0x40044835   Thumb Code     0  fleqf.o(x$fpl$fleqf)
    _fcmple                                  0x40044835   Thumb Code   104  fleqf.o(x$fpl$fleqf)
    __fpl_fcmple_InfNaN                      0x40044887   Thumb Code     0  fleqf.o(x$fpl$fleqf)
    __aeabi_fmul                             0x4004489d   Thumb Code     0  fmul.o(x$fpl$fmul)
    _fmul                                    0x4004489d   Thumb Code   258  fmul.o(x$fpl$fmul)
    __fpl_fnaninf                            0x4004499f   Thumb Code   140  fnaninf.o(x$fpl$fnaninf)
    __fpl_fretinf                            0x40044a2b   Thumb Code    10  fretinf.o(x$fpl$fretinf)
    __aeabi_cfrcmple                         0x40044a35   Thumb Code     0  frleqf.o(x$fpl$frleqf)
    _frcmple                                 0x40044a35   Thumb Code    98  frleqf.o(x$fpl$frleqf)
    __aeabi_frsub                            0x40044a97   Thumb Code     0  faddsub_clz.o(x$fpl$frsb)
    _frsb                                    0x40044a97   Thumb Code    20  faddsub_clz.o(x$fpl$frsb)
    __aeabi_fsub                             0x40044aad   Thumb Code     0  faddsub_clz.o(x$fpl$fsub)
    _fsub                                    0x40044aad   Thumb Code   234  faddsub_clz.o(x$fpl$fsub)
    __aeabi_d2lz                             0x40044b99   Thumb Code     0  dfixll.o(x$fpl$llsfromd)
    _ll_sfrom_d                              0x40044b99   Thumb Code   194  dfixll.o(x$fpl$llsfromd)
    __fpl_return_NaN                         0x40044c5b   Thumb Code   100  retnan.o(x$fpl$retnan)
    __ARM_scalbn                             0x40044cbf   Thumb Code    92  scalbn.o(x$fpl$scalbn)
    __fpl_cmpreturn                          0x40044d1b   Thumb Code    48  trapv.o(x$fpl$trapveneer)
    __I$use$fp                               0x40044d4a   Number         0  usenofp.o(x$fpl$usenofp)
    __aeabi_idiv                             0x40044d4b   Thumb Code     6  aeabi_sdiv_cr4.o(x$sdiv)
    __aeabi_uidiv                            0x40044d51   Thumb Code     6  aeabi_sdiv_cr4.o(x$udiv)
    __aeabi_uidivmod                         0x40044d57   Thumb Code    12  aeabi_sdiv_cr4.o(x$udivmod)
    au8PORTRegisterValue                     0x40044ec4   Data        1020  gpio.o(.constdata)
    __stdin_name                             0x40045448   Data           4  sys_io.o(.constdata)
    __stdout_name                            0x4004544c   Data           4  sys_io.o(.constdata)
    __stderr_name                            0x40045450   Data           4  sys_io.o(.constdata)
    Image$$APP$$RO$$Limit                    0x40045454   Number         0  anon$$obj.o ABSOLUTE
    Image$$APP$$RW$$Base                     0x40045454   Number         0  anon$$obj.o ABSOLUTE
    u32NeedleNumber                          0x40045520   Data           4  gfunctions.o(.data)
    u8PNG_Decoder                            0x40045524   Data           1  gfunctions.o(.data)
    u8PNG_PaletteStream6                     0x40045525   Data           1  gfunctions.o(.data)
    u8PNG_PaletteStream7                     0x40045526   Data           1  gfunctions.o(.data)
    u8PreviousOperation                      0x40045527   Data           1  gfunctions.o(.data)
    matrixmode                               0x40045528   Data           1  gfunctions.o(.data)
    pstExecList                              0x40045658   Data           4  listmngr.o(.data)
    pstWriteList                             0x4004565c   Data           4  listmngr.o(.data)
    f32SubResPPos                            0x400456c8   Data           4  rotation.o(.data)
    u32SubResPPos                            0x400456cc   Data           4  rotation.o(.data)
    f32SubResCPos                            0x400456d0   Data           4  rotation.o(.data)
    u32SubResCPos                            0x400456d4   Data           4  rotation.o(.data)
    u32GDCLARA0_REG__Var                     0x40045a00   Data           8  gdc.o(.data)
    u32GDCLARA1_REG__Var                     0x40045a08   Data           8  gdc.o(.data)
    u32GDCWARA_REG__Var                      0x40045a10   Data           8  gdc.o(.data)
    u32GDCBGCR_REG__Var                      0x40045a18   Data           8  gdc.o(.data)
    u32GDCLARB0_REG__Var                     0x40045a20   Data           8  gdc.o(.data)
    u32GDCLARB1_REG__Var                     0x40045a28   Data           8  gdc.o(.data)
    u32GDCWARB_REG__Var                      0x40045a30   Data           8  gdc.o(.data)
    u32GDCLARC0_REG__Var                     0x40045a38   Data           8  gdc.o(.data)
    u32GDCLARC1_REG__Var                     0x40045a40   Data           8  gdc.o(.data)
    u32GDCLARD0_REG__Var                     0x40045a48   Data           8  gdc.o(.data)
    u32GDCLARD1_REG__Var                     0x40045a50   Data           8  gdc.o(.data)
    u32GDCMWRA_REG__Var                      0x40045a58   Data           8  gdc.o(.data)
    u32GDCMWRB_REG__Var                      0x40045a60   Data           8  gdc.o(.data)
    u32GDCMWRC_REG__Var                      0x40045a68   Data           8  gdc.o(.data)
    u32GDCMWRD_REG__Var                      0x40045a70   Data           8  gdc.o(.data)
    u32GDCMWRE_REG__Var                      0x40045a78   Data           8  gdc.o(.data)
    u32GDCLSRA_REG__Var                      0x40045a80   Data           8  gdc.o(.data)
    u32GDCLSRB_REG__Var                      0x40045a88   Data           8  gdc.o(.data)
    u32GDCLSRC_REG__Var                      0x40045a90   Data           8  gdc.o(.data)
    u32GDCLSRD_REG__Var                      0x40045a98   Data           8  gdc.o(.data)
    u32GDCLSRE_REG__Var                      0x40045aa0   Data           8  gdc.o(.data)
    u32GDCLDRA_REG__Var                      0x40045aa8   Data           8  gdc.o(.data)
    u32GDCLDRB_REG__Var                      0x40045ab0   Data           8  gdc.o(.data)
    u32GDCLDRC_REG__Var                      0x40045ab8   Data           8  gdc.o(.data)
    u32GDCLDRD_REG__Var                      0x40045ac0   Data           8  gdc.o(.data)
    u32GDCLDRE_REG__Var                      0x40045ac8   Data           8  gdc.o(.data)
    u32GDCWSRA_REG__Var                      0x40045ad0   Data           8  gdc.o(.data)
    u32GDCWSRB_REG__Var                      0x40045ad8   Data           8  gdc.o(.data)
    u32GDCWIMRA_REG__Var                     0x40045ae0   Data           8  gdc.o(.data)
    u32GDCWIMRB_REG__Var                     0x40045ae8   Data           8  gdc.o(.data)
    u32GDCCAVRB_REG__Var                     0x40045af0   Data           8  gdc.o(.data)
    u32GDCHSR_REG__Var                       0x40045af8   Data           8  gdc.o(.data)
    u32GDCVSR_REG__Var                       0x40045b00   Data           8  gdc.o(.data)
    u32GDCCBAR0_REG__Var                     0x40045b08   Data           8  gdc.o(.data)
    u32GDCCBAR1_REG__Var                     0x40045b10   Data           8  gdc.o(.data)
    u32GDCCBAR2_REG__Var                     0x40045b18   Data           8  gdc.o(.data)
    u32GDCPTCR_REG__Var                      0x40045b20   Data           8  gdc.o(.data)
    u32GDCGPCRA_REG__Var                     0x40045b28   Data           8  gdc.o(.data)
    u32GDCGPCRB_REG__Var                     0x40045b30   Data           8  gdc.o(.data)
    u32GDCGPCRC_REG__Var                     0x40045b38   Data           8  gdc.o(.data)
    u32GDCPSMR_REG__Var                      0x40045b40   Data           8  gdc.o(.data)
    u32GDCLARE0_REG__Var                     0x40045b48   Data           8  gdc.o(.data)
    u32GDCLARE1_REG__Var                     0x40045b50   Data           8  gdc.o(.data)
    u32GDCWARC_REG__Var                      0x40045b58   Data           8  gdc.o(.data)
    u32GDCWARD_REG__Var                      0x40045b60   Data           8  gdc.o(.data)
    u32GDCWARE_REG__Var                      0x40045b68   Data           8  gdc.o(.data)
    u32GDCWSRC_REG__Var                      0x40045b70   Data           8  gdc.o(.data)
    u32GDCWSRD_REG__Var                      0x40045b78   Data           8  gdc.o(.data)
    u32GDCWSRE_REG__Var                      0x40045b80   Data           8  gdc.o(.data)
    u32GDCWIMRC_REG__Var                     0x40045b88   Data           8  gdc.o(.data)
    u32GDCWIMRD_REG__Var                     0x40045b90   Data           8  gdc.o(.data)
    u32GDCWIMRE_REG__Var                     0x40045b98   Data           8  gdc.o(.data)
    u32GDCDSR_REG__Var                       0x40045ba0   Data           8  gdc.o(.data)
    u32GDCDIMR_REG__Var                      0x40045ba8   Data           8  gdc.o(.data)
    u32GDCPROTR_REG__Var                     0x40045bb0   Data           8  gdc.o(.data)
    u32APCPROTR_REG__Var                     0x40045bb8   Data           8  gdc.o(.data)
    u32MBOne                                 0x40046044   Data         128  txcan.o(.data)
    u8SpeedChangeTimeFlag                    0x400460c5   Data           1  main.o(.data)
    u16Type2XYTable                          0x400460c8   Data         128  myconfig.o(.data)
    u16Type3XYTable                          0x40046148   Data         120  myconfig.o(.data)
    u32Type3MinMaxTable                      0x400461c0   Data         240  myconfig.o(.data)
    gRunFunTable                             0x400462b0   Data         128  myconfig.o(.data)
    u8MenuIndex                              0x40046330   Data           1  myconfig.o(.data)
    stSpeedImage                             0x40046332   Data           4  myconfig.o(.data)
    stSOCImage                               0x40046336   Data           4  myconfig.o(.data)
    stAMPImage                               0x4004633a   Data           4  myconfig.o(.data)
    SPEED_NUMBER_X                           0x4004633e   Data           2  myconfig.o(.data)
    SPEED_NUMBER_Y                           0x40046340   Data           2  myconfig.o(.data)
    stBatTable                               0x40046342   Data          32  myconfig.o(.data)
    stRorateTable                            0x40046364   Data          24  myfont.o(.data)
    stImage_14x                              0x4004637c   Data           4  myfont.o(.data)
    stImage_speed                            0x40046380   Data           4  myfont.o(.data)
    stImage_fa                               0x40046384   Data           4  myfont.o(.data)
    stImage_fAA                              0x40046388   Data           4  myfont.o(.data)
    u16ADC1Result                            0x4004638c   Data           2  icons.o(.data)
    stSpeedNeedle                            0x40046390   Data         416  icons.o(.data)
    stRorateSpeedNeedle                      0x40046530   Data         416  icons.o(.data)
    tmp                                      0x400466d0   Data           4  icons.o(.data)
    stKPASpeedNeedle                         0x400466d4   Data         416  icons.o(.data)
    stKPBSpeedNeedle                         0x40046874   Data         416  icons.o(.data)
    stCSpeedNeedle                           0x40046a14   Data         416  icons.o(.data)
    stSOCSpeedNeedle                         0x40046bb4   Data         416  icons.o(.data)
    stVSpeedNeedle                           0x40046d54   Data         416  icons.o(.data)
    DiyBarS2truct                            0x40046ef4   Data           8  icons.o(.data)
    DiyBarStruct                             0x40046efc   Data           8  icons.o(.data)
    u8PowerDir                               0x40046f04   Data           1  icons.o(.data)
    u16SavePwmDuty                           0x40046f06   Data           2  icons.o(.data)
    u32Pushbutton1_wait                      0x40046f08   Data           4  buttons.o(.data)
    u32Pushbutton1_new                       0x40046f0c   Data           4  buttons.o(.data)
    u32Pushbutton1_old                       0x40046f10   Data           4  buttons.o(.data)
    u32Pushbutton2_wait                      0x40046f14   Data           4  buttons.o(.data)
    u32Pushbutton2_new                       0x40046f18   Data           4  buttons.o(.data)
    u32Pushbutton2_old                       0x40046f1c   Data           4  buttons.o(.data)
    u32Pushbutton3_wait                      0x40046f20   Data           4  buttons.o(.data)
    u32Pushbutton3_new                       0x40046f24   Data           4  buttons.o(.data)
    u32Pushbutton3_old                       0x40046f28   Data           4  buttons.o(.data)
    u32Pushbutton4_wait                      0x40046f2c   Data           4  buttons.o(.data)
    u32Pushbutton4_new                       0x40046f30   Data           4  buttons.o(.data)
    u32Pushbutton4_old                       0x40046f34   Data           4  buttons.o(.data)
    u32Pushbutton5_wait                      0x40046f38   Data           4  buttons.o(.data)
    u32Pushbutton5_new                       0x40046f3c   Data           4  buttons.o(.data)
    u32Pushbutton5_old                       0x40046f40   Data           4  buttons.o(.data)
    i8Graytab                                0x40046f44   Data          16  buttons.o(.data)
    i8Enc_delta                              0x40046f54   Data           1  buttons.o(.data)
    i8Encoder_Rest                           0x40046f55   Data           1  buttons.o(.data)
    u8Graycode                               0x40046f56   Data           1  buttons.o(.data)
    u16TimerCount                            0x40046f58   Data           2  buttons.o(.data)
    u16Timer1SFlag                           0x40046f5a   Data           2  buttons.o(.data)
    u16TimerAlpha                            0x40046f5c   Data           2  buttons.o(.data)
    u8QdIndex                                0x40046f5e   Data           1  buttons.o(.data)
    u16TimerQd                               0x40046f60   Data           2  buttons.o(.data)
    u16ReadIndex                             0x40046f62   Data           2  can.o(.data)
    u8IndexFlag                              0x40046f64   Data           1  can.o(.data)
    u16RunIndex                              0x40046f66   Data           2  can.o(.data)
    __aeabi_stdin                            0x40046f68   Data           4  stdio_streams.o(.data)
    __aeabi_stdout                           0x40046f6c   Data           4  stdio_streams.o(.data)
    __aeabi_stderr                           0x40046f70   Data           4  stdio_streams.o(.data)
    Image$$APP$$RW$$Limit                    0x40046f74   Number         0  anon$$obj.o ABSOLUTE
    FBuffRGBA_GDC0_A0                        0x40100000   Data       2457600  fbuffer.o(.FBGDC0LA)
    Image$$V_RAM$$ZI$$Base                   0x40100000   Number         0  anon$$obj.o ABSOLUTE
    FBuffRGBA_GDC0_A1                        0x40358000   Data       2457600  fbuffer.o(.FBGDC0LA)
    u8PNG_SWB_Buffer_Stream_0                0x405b0000   Data       32768  png.o(.PNGBuffer)
    u8PNG_SWB_Buffer_Stream_1                0x405b8000   Data       32768  png.o(.PNGBuffer)
    u8PNG_SWB_Buffer_Stream_2                0x405c0000   Data       32768  png.o(.PNGBuffer)
    u8PNG_SWB_Buffer_Stream_3                0x405c8000   Data       32768  png.o(.PNGBuffer)
    u8PNG_SWB_Buffer_Stream_4                0x405d0000   Data       32768  png.o(.PNGBuffer)
    u8PNG_SWB_Buffer_Stream_5                0x405d8000   Data       32768  png.o(.PNGBuffer)
    u8PNG_SWB_Buffer_Stream_6                0x405e0000   Data       32768  png.o(.PNGBuffer)
    u8PNG_SWB_Buffer_Stream_7                0x405e8000   Data       32768  png.o(.PNGBuffer)
    u8PNG_FSB_Buffer_Stream_0                0x405f0000   Data       16384  png.o(.PNGBuffer)
    u8PNG_FSB_Buffer_Stream_1                0x405f4000   Data       16384  png.o(.PNGBuffer)
    u8PNG_FSB_Buffer_Stream_2                0x405f8000   Data       16384  png.o(.PNGBuffer)
    u8PNG_FSB_Buffer_Stream_3                0x405fc000   Data       16384  png.o(.PNGBuffer)
    u8PNG_FSB_Buffer_Stream_4                0x40600000   Data       16384  png.o(.PNGBuffer)
    u8PNG_FSB_Buffer_Stream_5                0x40604000   Data       16384  png.o(.PNGBuffer)
    u8PNG_FSB_Buffer_Stream_6                0x40608000   Data       16384  png.o(.PNGBuffer)
    u8PNG_FSB_Buffer_Stream_7                0x4060c000   Data       16384  png.o(.PNGBuffer)
    u32SWBBufferStartAddress                 0x40610000   Data          32  png.o(.PNGBuffer)
    u32FSBBufferStartAddress                 0x40610020   Data          32  png.o(.PNGBuffer)
    u32VirtualMemoryStartAddress             0x40610040   Data          32  png.o(.PNGBuffer)
    stImage_AA                               0x40610060   Data         520  images_ram_structs.o(.RAMSTgraphics)
    stImage_a                                0x40610268   Data         520  images_ram_structs.o(.RAMSTgraphics)
    stImage_door_d                           0x40610470   Data         320  images_ram_structs.o(.RAMSTgraphics)
    stImage_disfont                          0x406105b0   Data         220  images_ram_structs.o(.RAMSTgraphics)
    stImage_ERR                              0x4061068c   Data         400  images_ram_structs.o(.RAMSTgraphics)
    stImage_sspic0                           0x4061081c   Data          20  images_ram_structs.o(.RAMSTgraphics)
    stImage_sspic1                           0x40610830   Data          20  images_ram_structs.o(.RAMSTgraphics)
    stImage_sspic10                          0x40610844   Data          20  images_ram_structs.o(.RAMSTgraphics)
    stImage_sspic11                          0x40610858   Data          20  images_ram_structs.o(.RAMSTgraphics)
    stImage_sspic12                          0x4061086c   Data          20  images_ram_structs.o(.RAMSTgraphics)
    stImage_sspic13                          0x40610880   Data          20  images_ram_structs.o(.RAMSTgraphics)
    stImage_sspic14                          0x40610894   Data          20  images_ram_structs.o(.RAMSTgraphics)
    stImage_sspic15                          0x406108a8   Data          20  images_ram_structs.o(.RAMSTgraphics)
    stImage_sspic16                          0x406108bc   Data          20  images_ram_structs.o(.RAMSTgraphics)
    stImage_sspic17                          0x406108d0   Data          20  images_ram_structs.o(.RAMSTgraphics)
    stImage_sspic18                          0x406108e4   Data          20  images_ram_structs.o(.RAMSTgraphics)
    stImage_sspic19                          0x406108f8   Data          20  images_ram_structs.o(.RAMSTgraphics)
    stImage_sspic2                           0x4061090c   Data          20  images_ram_structs.o(.RAMSTgraphics)
    stImage_sspic20                          0x40610920   Data          20  images_ram_structs.o(.RAMSTgraphics)
    stImage_sspic21                          0x40610934   Data          20  images_ram_structs.o(.RAMSTgraphics)
    stImage_sspic22                          0x40610948   Data          20  images_ram_structs.o(.RAMSTgraphics)
    stImage_sspic23                          0x4061095c   Data          20  images_ram_structs.o(.RAMSTgraphics)
    stImage_sspic24                          0x40610970   Data          20  images_ram_structs.o(.RAMSTgraphics)
    stImage_sspic25                          0x40610984   Data          20  images_ram_structs.o(.RAMSTgraphics)
    stImage_sspic26                          0x40610998   Data          20  images_ram_structs.o(.RAMSTgraphics)
    stImage_sspic3                           0x406109ac   Data          20  images_ram_structs.o(.RAMSTgraphics)
    stImage_sspic4                           0x406109c0   Data          20  images_ram_structs.o(.RAMSTgraphics)
    stImage_sspic5                           0x406109d4   Data          20  images_ram_structs.o(.RAMSTgraphics)
    stImage_sspic6                           0x406109e8   Data          20  images_ram_structs.o(.RAMSTgraphics)
    stImage_sspic7                           0x406109fc   Data          20  images_ram_structs.o(.RAMSTgraphics)
    stImage_sspic8                           0x40610a10   Data          20  images_ram_structs.o(.RAMSTgraphics)
    stImage_sspic9                           0x40610a24   Data          20  images_ram_structs.o(.RAMSTgraphics)
    stImage_LEV                              0x40610a38   Data         100  images_ram_structs.o(.RAMSTgraphics)
    stImage_speedfont                        0x40610a9c   Data         200  images_ram_structs.o(.RAMSTgraphics)
    stImage_dial_amp                         0x40610b64   Data          20  images_ram_structs.o(.RAMSTgraphics)
    stImage_dial_soc                         0x40610b78   Data          20  images_ram_structs.o(.RAMSTgraphics)
    stImage_dial_speed                       0x40610b8c   Data          20  images_ram_structs.o(.RAMSTgraphics)
    stImage_needle_amp                       0x40610ba0   Data          20  images_ram_structs.o(.RAMSTgraphics)
    stImage_needle_speed                     0x40610bb4   Data          20  images_ram_structs.o(.RAMSTgraphics)
    u32_AA0_RLE_RAM                          0x40610bc8   Data         536  images_ram_arrays.o(.RAMgraphics)
    u32_AA1_RLE_RAM                          0x40610de0   Data         564  images_ram_arrays.o(.RAMgraphics)
    u32_AA10_RLE_RAM                         0x40611018   Data         596  images_ram_arrays.o(.RAMgraphics)
    u32_AA11_RLE_RAM                         0x40611270   Data         316  images_ram_arrays.o(.RAMgraphics)
    u32_AA12_RLE_RAM                         0x406113b0   Data         728  images_ram_arrays.o(.RAMgraphics)
    u32_AA13_RLE_RAM                         0x40611688   Data         720  images_ram_arrays.o(.RAMgraphics)
    u32_AA14_RLE_RAM                         0x40611958   Data         624  images_ram_arrays.o(.RAMgraphics)
    u32_AA15_RLE_RAM                         0x40611bc8   Data         540  images_ram_arrays.o(.RAMgraphics)
    u32_AA16_RLE_RAM                         0x40611de8   Data         640  images_ram_arrays.o(.RAMgraphics)
    u32_AA17_RLE_RAM                         0x40612068   Data         580  images_ram_arrays.o(.RAMgraphics)
    u32_AA18_RLE_RAM                         0x406122b0   Data         588  images_ram_arrays.o(.RAMgraphics)
    u32_AA19_RLE_RAM                         0x40612500   Data         316  images_ram_arrays.o(.RAMgraphics)
    u32_AA2_RLE_RAM                          0x40612640   Data         588  images_ram_arrays.o(.RAMgraphics)
    u32_AA20_RLE_RAM                         0x40612890   Data         632  images_ram_arrays.o(.RAMgraphics)
    u32_AA21_RLE_RAM                         0x40612b08   Data         592  images_ram_arrays.o(.RAMgraphics)
    u32_AA22_RLE_RAM                         0x40612d58   Data         736  images_ram_arrays.o(.RAMgraphics)
    u32_AA23_RLE_RAM                         0x40613038   Data         584  images_ram_arrays.o(.RAMgraphics)
    u32_AA24_RLE_RAM                         0x40613280   Data         484  images_ram_arrays.o(.RAMgraphics)
    u32_AA25_RLE_RAM                         0x40613468   Data         368  images_ram_arrays.o(.RAMgraphics)
    u32_AA3_RLE_RAM                          0x406135d8   Data         592  images_ram_arrays.o(.RAMgraphics)
    u32_AA4_RLE_RAM                          0x40613828   Data         384  images_ram_arrays.o(.RAMgraphics)
    u32_AA5_RLE_RAM                          0x406139a8   Data         352  images_ram_arrays.o(.RAMgraphics)
    u32_AA6_RLE_RAM                          0x40613b08   Data         608  images_ram_arrays.o(.RAMgraphics)
    u32_AA7_RLE_RAM                          0x40613d68   Data         584  images_ram_arrays.o(.RAMgraphics)
    u32_AA8_RLE_RAM                          0x40613fb0   Data         316  images_ram_arrays.o(.RAMgraphics)
    u32_AA9_RLE_RAM                          0x406140f0   Data         480  images_ram_arrays.o(.RAMgraphics)
    u32_a0_RLE_RAM                           0x406142d0   Data         476  images_ram_arrays.o(.RAMgraphics)
    u32_a1_RLE_RAM                           0x406144b0   Data         572  images_ram_arrays.o(.RAMgraphics)
    u32_a10_RLE_RAM                          0x406146f0   Data         560  images_ram_arrays.o(.RAMgraphics)
    u32_a11_RLE_RAM                          0x40614920   Data         316  images_ram_arrays.o(.RAMgraphics)
    u32_a12_RLE_RAM                          0x40614a60   Data         556  images_ram_arrays.o(.RAMgraphics)
    u32_a13_RLE_RAM                          0x40614c90   Data         476  images_ram_arrays.o(.RAMgraphics)
    u32_a14_RLE_RAM                          0x40614e70   Data         452  images_ram_arrays.o(.RAMgraphics)
    u32_a15_RLE_RAM                          0x40615038   Data         520  images_ram_arrays.o(.RAMgraphics)
    u32_a16_RLE_RAM                          0x40615240   Data         528  images_ram_arrays.o(.RAMgraphics)
    u32_a17_RLE_RAM                          0x40615450   Data         320  images_ram_arrays.o(.RAMgraphics)
    u32_a18_RLE_RAM                          0x40615590   Data         436  images_ram_arrays.o(.RAMgraphics)
    u32_a19_RLE_RAM                          0x40615748   Data         392  images_ram_arrays.o(.RAMgraphics)
    u32_a2_RLE_RAM                           0x406158d0   Data         428  images_ram_arrays.o(.RAMgraphics)
    u32_a20_RLE_RAM                          0x40615a80   Data         468  images_ram_arrays.o(.RAMgraphics)
    u32_a21_RLE_RAM                          0x40615c58   Data         416  images_ram_arrays.o(.RAMgraphics)
    u32_a22_RLE_RAM                          0x40615df8   Data         528  images_ram_arrays.o(.RAMgraphics)
    u32_a23_RLE_RAM                          0x40616008   Data         436  images_ram_arrays.o(.RAMgraphics)
    u32_a24_RLE_RAM                          0x406161c0   Data         468  images_ram_arrays.o(.RAMgraphics)
    u32_a25_RLE_RAM                          0x40616398   Data         312  images_ram_arrays.o(.RAMgraphics)
    u32_a3_RLE_RAM                           0x406164d0   Data         584  images_ram_arrays.o(.RAMgraphics)
    u32_a4_RLE_RAM                           0x40616718   Data         424  images_ram_arrays.o(.RAMgraphics)
    u32_a5_RLE_RAM                           0x406168c0   Data         440  images_ram_arrays.o(.RAMgraphics)
    u32_a6_RLE_RAM                           0x40616a78   Data         524  images_ram_arrays.o(.RAMgraphics)
    u32_a7_RLE_RAM                           0x40616c88   Data         560  images_ram_arrays.o(.RAMgraphics)
    u32_a8_RLE_RAM                           0x40616eb8   Data         280  images_ram_arrays.o(.RAMgraphics)
    u32_a9_RLE_RAM                           0x40616fd0   Data         340  images_ram_arrays.o(.RAMgraphics)
    u32_door_d1_RLE_RAM                      0x40617128   Data       33032  images_ram_arrays.o(.RAMgraphics)
    u32_door_d10_RLE_RAM                     0x4061f230   Data       34516  images_ram_arrays.o(.RAMgraphics)
    u32_door_d11_RLE_RAM                     0x40627908   Data       35640  images_ram_arrays.o(.RAMgraphics)
    u32_door_d12_RLE_RAM                     0x40630440   Data       34924  images_ram_arrays.o(.RAMgraphics)
    u32_door_d13_RLE_RAM                     0x40638cb0   Data       35768  images_ram_arrays.o(.RAMgraphics)
    u32_door_d14_RLE_RAM                     0x40641868   Data       36020  images_ram_arrays.o(.RAMgraphics)
    u32_door_d15_RLE_RAM                     0x4064a520   Data       37860  images_ram_arrays.o(.RAMgraphics)
    u32_door_d2_RLE_RAM                      0x40653908   Data       33340  images_ram_arrays.o(.RAMgraphics)
    u32_door_d3_RLE_RAM                      0x4065bb48   Data       34232  images_ram_arrays.o(.RAMgraphics)
    u32_door_d4_RLE_RAM                      0x40664100   Data       33528  images_ram_arrays.o(.RAMgraphics)
    u32_door_d5_RLE_RAM                      0x4066c3f8   Data       34328  images_ram_arrays.o(.RAMgraphics)
    u32_door_d6_RLE_RAM                      0x40674a10   Data       34684  images_ram_arrays.o(.RAMgraphics)
    u32_door_d7_RLE_RAM                      0x4067d190   Data       35500  images_ram_arrays.o(.RAMgraphics)
    u32_door_d8_RLE_RAM                      0x40685c40   Data       33560  images_ram_arrays.o(.RAMgraphics)
    u32_door_d9_RLE_RAM                      0x4068df58   Data       34444  images_ram_arrays.o(.RAMgraphics)
    u32_disfont0_RLE_RAM                     0x406965e8   Data         636  images_ram_arrays.o(.RAMgraphics)
    u32_disfont1_RLE_RAM                     0x40696868   Data         368  images_ram_arrays.o(.RAMgraphics)
    u32_disfont10_RLE_RAM                    0x406969d8   Data          68  images_ram_arrays.o(.RAMgraphics)
    u32_disfont2_RLE_RAM                     0x40696a20   Data         472  images_ram_arrays.o(.RAMgraphics)
    u32_disfont3_RLE_RAM                     0x40696bf8   Data         484  images_ram_arrays.o(.RAMgraphics)
    u32_disfont4_RLE_RAM                     0x40696de0   Data         512  images_ram_arrays.o(.RAMgraphics)
    u32_disfont5_RLE_RAM                     0x40696fe0   Data         432  images_ram_arrays.o(.RAMgraphics)
    u32_disfont6_RLE_RAM                     0x40697190   Data         612  images_ram_arrays.o(.RAMgraphics)
    u32_disfont7_RLE_RAM                     0x406973f8   Data         376  images_ram_arrays.o(.RAMgraphics)
    u32_disfont8_RLE_RAM                     0x40697570   Data         624  images_ram_arrays.o(.RAMgraphics)
    u32_disfont9_RLE_RAM                     0x406977e0   Data         612  images_ram_arrays.o(.RAMgraphics)
    u32_ERR1_RAM                             0x40697a48   Data       29088  images_ram_arrays.o(.RAMgraphics)
    u32_ERR10_RAM                            0x4069ebe8   Data       28560  images_ram_arrays.o(.RAMgraphics)
    u32_ERR11_RAM                            0x406a5b78   Data       29952  images_ram_arrays.o(.RAMgraphics)
    u32_ERR12_RAM                            0x406ad078   Data       27456  images_ram_arrays.o(.RAMgraphics)
    u32_ERR13_RAM                            0x406b3bb8   Data       28288  images_ram_arrays.o(.RAMgraphics)
    u32_ERR14_RAM                            0x406baa38   Data       31616  images_ram_arrays.o(.RAMgraphics)
    u32_ERR15_RAM                            0x406c25b8   Data       29120  images_ram_arrays.o(.RAMgraphics)
    u32_ERR16_RAM                            0x406c9778   Data       29232  images_ram_arrays.o(.RAMgraphics)
    u32_ERR17_RAM                            0x406d09a8   Data       26796  images_ram_arrays.o(.RAMgraphics)
    u32_ERR18_RAM                            0x406d7258   Data       27608  images_ram_arrays.o(.RAMgraphics)
    u32_ERR19_RAM                            0x406dde30   Data       60736  images_ram_arrays.o(.RAMgraphics)
    u32_ERR2_RAM                             0x406ecb70   Data       26664  images_ram_arrays.o(.RAMgraphics)
    u32_ERR3_RAM                             0x406f3398   Data       27472  images_ram_arrays.o(.RAMgraphics)
    u32_ERR4_RAM                             0x406f9ee8   Data       30704  images_ram_arrays.o(.RAMgraphics)
    u32_ERR5_RAM                             0x407016d8   Data       59568  images_ram_arrays.o(.RAMgraphics)
    u32_ERR6_RAM                             0x4070ff88   Data       29376  images_ram_arrays.o(.RAMgraphics)
    u32_ERR7_RAM                             0x40717248   Data       26928  images_ram_arrays.o(.RAMgraphics)
    u32_ERR8_RAM                             0x4071db78   Data       27744  images_ram_arrays.o(.RAMgraphics)
    u32_ERR9_RAM                             0x407247d8   Data       31008  images_ram_arrays.o(.RAMgraphics)
    u32_sspic0_RAM                           0x4072c0f8   Data        4800  images_ram_arrays.o(.RAMgraphics)
    u32_sspic1_RAM                           0x4072d3b8   Data        4104  images_ram_arrays.o(.RAMgraphics)
    u32_sspic10_RAM                          0x4072e3c0   Data        5676  images_ram_arrays.o(.RAMgraphics)
    u32_sspic11_RAM                          0x4072f9f0   Data        4992  images_ram_arrays.o(.RAMgraphics)
    u32_sspic12_RAM                          0x40730d70   Data        3432  images_ram_arrays.o(.RAMgraphics)
    u32_sspic13_RAM                          0x40731ad8   Data        4524  images_ram_arrays.o(.RAMgraphics)
    u32_sspic14_RAM                          0x40732c88   Data        3712  images_ram_arrays.o(.RAMgraphics)
    u32_sspic15_RAM                          0x40733b08   Data        4256  images_ram_arrays.o(.RAMgraphics)
    u32_sspic16_RAM                          0x40734ba8   Data        4212  images_ram_arrays.o(.RAMgraphics)
    u32_sspic17_RAM                          0x40735c20   Data        3496  images_ram_arrays.o(.RAMgraphics)
    u32_sspic18_RAM                          0x407369c8   Data        4292  images_ram_arrays.o(.RAMgraphics)
    u32_sspic19_RAM                          0x40737a90   Data        4096  images_ram_arrays.o(.RAMgraphics)
    u32_sspic2_RAM                           0x40738a90   Data        4408  images_ram_arrays.o(.RAMgraphics)
    u32_sspic20_RAM                          0x40739bc8   Data        4592  images_ram_arrays.o(.RAMgraphics)
    u32_sspic21_RAM                          0x4073adb8   Data        3472  images_ram_arrays.o(.RAMgraphics)
    u32_sspic22_RAM                          0x4073bb48   Data        5704  images_ram_arrays.o(.RAMgraphics)
    u32_sspic23_RAM                          0x4073d190   Data        5160  images_ram_arrays.o(.RAMgraphics)
    u32_sspic24_RAM                          0x4073e5b8   Data        3072  images_ram_arrays.o(.RAMgraphics)
    u32_sspic25_RAM                          0x4073f1b8   Data        4640  images_ram_arrays.o(.RAMgraphics)
    u32_sspic26_RAM                          0x407403d8   Data        4256  images_ram_arrays.o(.RAMgraphics)
    u32_sspic3_RAM                           0x40741478   Data        5032  images_ram_arrays.o(.RAMgraphics)
    u32_sspic4_RAM                           0x40742820   Data        4988  images_ram_arrays.o(.RAMgraphics)
    u32_sspic5_RAM                           0x40743ba0   Data        4960  images_ram_arrays.o(.RAMgraphics)
    u32_sspic6_RAM                           0x40744f00   Data        5600  images_ram_arrays.o(.RAMgraphics)
    u32_sspic7_RAM                           0x407464e0   Data        4960  images_ram_arrays.o(.RAMgraphics)
    u32_sspic8_RAM                           0x40747840   Data        4320  images_ram_arrays.o(.RAMgraphics)
    u32_sspic9_RAM                           0x40748920   Data        3900  images_ram_arrays.o(.RAMgraphics)
    u32_LEV_D_RAM                            0x40749860   Data        5120  images_ram_arrays.o(.RAMgraphics)
    u32_LEV_N_RAM                            0x4074ac60   Data        4800  images_ram_arrays.o(.RAMgraphics)
    u32_LEV_P_RAM                            0x4074bf20   Data        4800  images_ram_arrays.o(.RAMgraphics)
    u32_LEV_R_RAM                            0x4074d1e0   Data        5440  images_ram_arrays.o(.RAMgraphics)
    u32_LEV_S_RAM                            0x4074e720   Data        4800  images_ram_arrays.o(.RAMgraphics)
    u32_speedfont0_RLE_RAM                   0x4074f9e0   Data        2448  images_ram_arrays.o(.RAMgraphics)
    u32_speedfont1_RLE_RAM                   0x40750370   Data        1460  images_ram_arrays.o(.RAMgraphics)
    u32_speedfont2_RLE_RAM                   0x40750928   Data        1572  images_ram_arrays.o(.RAMgraphics)
    u32_speedfont3_RLE_RAM                   0x40750f50   Data        1688  images_ram_arrays.o(.RAMgraphics)
    u32_speedfont4_RLE_RAM                   0x407515e8   Data        1928  images_ram_arrays.o(.RAMgraphics)
    u32_speedfont5_RLE_RAM                   0x40751d70   Data        1556  images_ram_arrays.o(.RAMgraphics)
    u32_speedfont6_RLE_RAM                   0x40752388   Data        2232  images_ram_arrays.o(.RAMgraphics)
    u32_speedfont7_RLE_RAM                   0x40752c40   Data        1304  images_ram_arrays.o(.RAMgraphics)
    u32_speedfont8_RLE_RAM                   0x40753158   Data        2480  images_ram_arrays.o(.RAMgraphics)
    u32_speedfont9_RLE_RAM                   0x40753b08   Data        2236  images_ram_arrays.o(.RAMgraphics)
    u32_dial_amp_RAM                         0x407543c8   Data       75392  images_ram_arrays.o(.RAMgraphics)
    u32_dial_soc_RAM                         0x40766a48   Data       776136  images_ram_arrays.o(.RAMgraphics)
    u32_dial_speed_RAM                       0x40824210   Data       781452  images_ram_arrays.o(.RAMgraphics)
    u32_needle_amp_RAM                       0x408e2ea0   Data       15128  images_ram_arrays.o(.RAMgraphics)
    u32_needle_speed_RAM                     0x408e69b8   Data       206400  images_ram_arrays.o(.RAMgraphics)
    stGastate                                0x40918ff8   Data          44  gfunctions.o(.bss)
    u32MinMaxValues                          0x40919024   Data         320  gfunctions.o(.bss)
    u32MinMaxValues_old                      0x40919164   Data         320  gfunctions.o(.bss)
    u32MinMaxValues_old_old                  0x409192a4   Data         320  gfunctions.o(.bss)
    u32MinMaxValuesBase                      0x409193e4   Data         320  gfunctions.o(.bss)
    u32MinMaxValuesBase_old                  0x40919524   Data         320  gfunctions.o(.bss)
    u32MinMaxValuesBase_old_old              0x40919664   Data         320  gfunctions.o(.bss)
    viewport                                 0x409197a8   Data          32  gfunctions.o(.bss)
    modelview                                0x409197c8   Data         128  gfunctions.o(.bss)
    projection                               0x40919848   Data         128  gfunctions.o(.bss)
    ip                                       0x409198c8   Data         128  gfunctions.o(.bss)
    stGDC0LayerA                             0x40919948   Data          52  layer.o(.bss)
    stGDC0LayerB                             0x4091997c   Data          52  layer.o(.bss)
    stGDC0LayerC                             0x409199b0   Data          52  layer.o(.bss)
    stGDC0LayerD                             0x409199e4   Data          52  layer.o(.bss)
    stGDC0LayerE                             0x40919a18   Data          52  layer.o(.bss)
    stGDC1LayerA                             0x40919a4c   Data          52  layer.o(.bss)
    stGDC1LayerB                             0x40919a80   Data          52  layer.o(.bss)
    stGDC1LayerC                             0x40919ab4   Data          52  layer.o(.bss)
    stGDC1LayerD                             0x40919ae8   Data          52  layer.o(.bss)
    stGDC1LayerE                             0x40919b1c   Data          52  layer.o(.bss)
    au32Coordinate                           0x40919b50   Data          32  rotation.o(.bss)
    obj                                      0x40919b70   Data         128  rotation.o(.bss)
    u64GDCDCR_REG__Var                       0x40919bf0   Data          16  gdc.o(.bss)
    u64GDCCAVRA_REG__Var                     0x40919c00   Data          16  gdc.o(.bss)
    u64GDCSCVRA_REG__Var                     0x40919c10   Data          16  gdc.o(.bss)
    u64GDCSCVRB_REG__Var                     0x40919c20   Data          16  gdc.o(.bss)
    u64GDCSCVRC_REG__Var                     0x40919c30   Data          16  gdc.o(.bss)
    u64GDCSCVRD_REG__Var                     0x40919c40   Data          16  gdc.o(.bss)
    u64APCCR_REG__Var                        0x40919c50   Data          16  gdc.o(.bss)
    u64APCCWR_REG__Var                       0x40919c60   Data          16  gdc.o(.bss)
    u64APCCSR_REG__Var                       0x40919c70   Data          16  gdc.o(.bss)
    u32GDCPxGAR_REG__Var                     0x40919c80   Data          96  gdc.o(.bss)
    u32GDCPxGBR_REG__Var                     0x40919ce0   Data          96  gdc.o(.bss)
    gModeData                                0x40919d58   Data         276  main.o(.bss)
    u8IconConfigTable                        0x40919e6c   Data          32  main.o(.bss)
    stIconTable                              0x40919e8c   Data         256  myconfig.o(.bss)
    stStatevariables                         0x40919f8c   Data          36  statevariables.o(.bss)
    stRecvInfo                               0x40919fb0   Data        1200  can.o(.bss)
    __stdin                                  0x4091a460   Data          84  stdio_streams.o(.bss)
    __stdout                                 0x4091a4b4   Data          84  stdio_streams.o(.bss)
    __stderr                                 0x4091a508   Data          84  stdio_streams.o(.bss)
    Image$$V_RAM$$ZI$$Limit                  0x4091a564   Number         0  anon$$obj.o ABSOLUTE
    stList1                                  0x41ff0000   Data       16400  fbuffer.o(.CommandLists)
    stList2                                  0x41ff4010   Data       16400  fbuffer.o(.CommandLists)



==============================================================================

Memory Map of the image

  Image Entry point : 0x02020000

  Load Region QSPI0_BL (Base: 0x02010000, Size: 0x000009a8, Max: 0x00010000, ABSOLUTE)

    Execution Region SBL (Base: 0x00840000, Size: 0x000009a8, Max: 0xffffffff, ABSOLUTE)

    Base Addr    Size         Type   Attr      Idx    E Section Name        Object

    0x00840000   0x000001ac   Code   RO          917    init                core_bootloader_keil.o
    0x008401ac   0x00000008   Ven    RO         1784    Veneer$$Code        anon$$obj.o
    0x008401b4   0x0000004c   PAD
    0x00840200   0x0000001c   Code   RO          928    exc_handler         excp_hndlr_keil.o
    0x0084021c   0x00000254   Code   RO          269    init                dmc.o
    0x00840470   0x00000244   Code   RO          901    init                dmc_cfg.o
    0x008406b4   0x0000004c   PAD
    0x00840700   0x00000134   Code   RO          922    init                cr4_burst_access_keil.o
    0x00840834   0x000000cc   PAD
    0x00840900   0x000000a8   Code   RO          931    init                rom_copy_keil.o



  Load Region QSPI0_PROG (Base: 0x02020000, Size: 0x00046fb4, Max: 0x000e0000, ABSOLUTE)

    Execution Region EXC_TABLE (Base: 0x02020000, Size: 0x00000040, Max: 0xffffffff, ABSOLUTE)

    Base Addr    Size         Type   Attr      Idx    E Section Name        Object

    0x02020000   0x00000040   Code   RO          916  * exc_table           core_bootloader_keil.o


    Execution Region APP (Base: 0x40000000, Size: 0x00046f74, Max: 0xffffffff, ABSOLUTE)

    Base Addr    Size         Type   Attr      Idx    E Section Name        Object

    0x40000000   0x00000000   Code   RO         1259    .ARM.Collect$$_printf_percent$$00000000  c_2.l(_printf_percent.o)
    0x40000000   0x00000006   Code   RO         1258    .ARM.Collect$$_printf_percent$$00000009  c_2.l(_printf_d.o)
    0x40000006   0x00000004   Code   RO         1446    .ARM.Collect$$_printf_percent$$00000017  c_2.l(_printf_percent_end.o)
    0x4000000a   0x00000000   Code   RO         1618    .ARM.Collect$$libinit$$0000000A  c_2.l(libinit2.o)
    0x4000000a   0x00000000   Code   RO         1645    .ARM.Collect$$libinit$$00000025  c_2.l(libinit2.o)
    0x4000000a   0x00000000   Code   RO         1659    .ARM.Collect$$libshutdown$$00000003  c_2.l(libshutdown2.o)
    0x4000000a   0x00000002   PAD
    0x4000000c   0x00000000   Code   RO         1724    .emb_text           c_2.l(maybetermalloc1.o)
    0x4000000c   0x0000f788   Code   RO           49    .text               gfunctions.o
    0x4000f794   0x000005b0   Code   RO          117    .text               graphics_init.o
    0x4000fd44   0x00000c88   Code   RO          138    .text               layer.o
    0x400109cc   0x00000168   Code   RO          157    .text               listmngr.o
    0x40010b34   0x00011484   Code   RO          173    .text               rotation.o
    0x40021fb8   0x000004a4   Code   RO          189    .text               adc.o
    0x4002245c   0x00002294   Code   RO          209    .text               blit.o
    0x400246f0   0x00003ca8   Code   RO          224    .text               ccr.o
    0x40028398   0x00001490   Code   RO          268    .text               dmc.o
    0x40029828   0x000012bc   Code   RO          294    .text               draw.o
    0x4002aae4   0x0000092c   Code   RO          331    .text               fg.o
    0x4002b410   0x0000099c   Code   RO          348    .text               ga.o
    0x4002bdac   0x00003fa4   Code   RO          365    .text               gdc.o
    0x4002fd50   0x000008dc   Code   RO          385    .text               gpio.o
    0x4003062c   0x00000ab4   Code   RO          407    .text               hsuart.o
    0x400310e0   0x00000ac8   Code   RO          489    .text               intc.o
    0x40031ba8   0x00001ae8   Code   RO          546    .text               png.o
    0x40033690   0x0000224c   Code   RO          568    .text               qspic.o
    0x400358dc   0x000013f8   Code   RO          585    .text               rotation_matrix.o
    0x40036cd4   0x000004d4   Code   RO          683    .text               timer_cmplx.o
    0x400371a8   0x000004c0   Code   RO          743    .text               timer_pwm.o
    0x40037668   0x00000b00   Code   RO          764    .text               transf.o
    0x40038168   0x00001298   Code   RO          778    .text               txcan.o
    0x40039400   0x00001150   Code   RO          887    .text               qspi.o
    0x4003a550   0x000000b0   PAD
    0x4003a600   0x00000140   Code   RO          925    .text               cr4_pmu_keil.o
    0x4003a740   0x000014f0   Code   RO          940    .text               images_copy_rom_to_ram.o
    0x4003bc30   0x0000230c   Code   RO          959    .text               images_init.o
    0x4003df3c   0x000003e4   Code   RO          989    .text               boardcfg.o
    0x4003e320   0x000004b4   Code   RO         1011    .text               main.o
    0x4003e7d4   0x00000580   Code   RO         1069    .text               pinconfig.o
    0x4003ed54   0x0000036c   Code   RO         1081    .text               myconfig.o
    0x4003f0c0   0x00000ce4   Code   RO         1107    .text               myfont.o
    0x4003fda4   0x000013e0   Code   RO         1126    .text               icons.o
    0x40041184   0x00000094   Code   RO         1144    .text               statevariables.o
    0x40041218   0x000006cc   Code   RO         1162    .text               buttons.o
    0x400418e4   0x0000044c   Code   RO         1182    .text               can.o
    0x40041d30   0x00000018   Code   RO         1206    .text               c_2.l(noretval__2printf.o)
    0x40041d48   0x00000028   Code   RO         1208    .text               c_2.l(noretval__2sprintf.o)
    0x40041d70   0x0000004e   Code   RO         1212    .text               c_2.l(_printf_pad.o)
    0x40041dbe   0x00000002   PAD
    0x40041dc0   0x00000070   Code   RO         1214    .text               c_2.l(_printf_dec.o)
    0x40041e30   0x0000010e   Code   RO         1245    .text               c_2.l(__printf_wp.o)
    0x40041f3e   0x0000003a   Code   RO         1260    .text               c_2.l(strlen.o)
    0x40041f78   0x00000064   Code   RO         1262    .text               c_2.l(rt_memcpy_w.o)
    0x40041fdc   0x00000010   Code   RO         1264    .text               c_2.l(aeabi_memset.o)
    0x40041fec   0x00000016   Code   RO         1436    .text               c_2.l(_rserrno.o)
    0x40042002   0x000000b2   Code   RO         1438    .text               c_2.l(_printf_intcommon.o)
    0x400420b4   0x00000030   Code   RO         1440    .text               c_2.l(_printf_char_common.o)
    0x400420e4   0x0000000a   Code   RO         1442    .text               c_2.l(_sputc.o)
    0x400420ee   0x00000002   PAD
    0x400420f0   0x00000024   Code   RO         1444    .text               c_2.l(_printf_char_file.o)
    0x40042114   0x00000044   Code   RO         1453    .text               c_2.l(rt_memclr.o)
    0x40042158   0x0000002c   Code   RO         1455    .text               c_2.l(rtudiv10.o)
    0x40042184   0x00000008   Code   RO         1506    .text               c_2.l(rt_errno_addr.o)
    0x4004218c   0x00000008   Code   RO         1513    .text               c_2.l(ferror.o)
    0x40042194   0x00000138   Code   RO         1515    .text               c_2.l(initio.o)
    0x400422cc   0x0000004e   Code   RO         1521    .text               c_2.l(rt_memclr_w.o)
    0x4004231a   0x00000066   Code   RO         1527    .text               c_2.l(sys_io.o)
    0x40042380   0x0000004e   Code   RO         1539    .text               c_2.l(h1_free.o)
    0x400423ce   0x00000046   Code   RO         1593    .text               c_2.l(setvbuf.o)
    0x40042414   0x000000ec   Code   RO         1596    .text               c_2.l(fopen.o)
    0x40042500   0x0000004c   Code   RO         1598    .text               c_2.l(fclose.o)
    0x4004254c   0x0000000e   Code   RO         1608    .text               c_2.l(defsig_rtred_outer.o)
    0x4004255a   0x00000002   Code   RO         1674    .text               c_2.l(use_no_semi.o)
    0x4004255c   0x00000000   Code   RO         1676    .text               c_2.l(indicate_semi.o)
    0x4004255c   0x00000008   Code   RO         1679    .text               c_2.l(rt_heap_descriptor.o)
    0x40042564   0x00000004   Code   RO         1684    .text               c_2.l(hguard.o)
    0x40042568   0x00000088   Code   RO         1686    .text               c_2.l(init_alloc.o)
    0x400425f0   0x0000005e   Code   RO         1692    .text               c_2.l(h1_alloc.o)
    0x4004264e   0x00000002   PAD
    0x40042650   0x000000f8   Code   RO         1706    .text               c_2.l(fseek.o)
    0x40042748   0x000000f0   Code   RO         1708    .text               c_2.l(stdio.o)
    0x40042838   0x0000000a   Code   RO         1710    .text               c_2.l(defsig_exit.o)
    0x40042842   0x00000002   PAD
    0x40042844   0x00000034   Code   RO         1714    .text               c_2.l(defsig_rtred_inner.o)
    0x40042878   0x0000000c   Code   RO         1722    .text               c_2.l(sys_exit.o)
    0x40042884   0x0000000e   Code   RO         1726    .text               c_2.l(h1_init.o)
    0x40042892   0x00000030   Code   RO         1728    .text               c_2.l(h1_extend.o)
    0x400428c2   0x00000042   Code   RO         1734    .text               c_2.l(ftell.o)
    0x40042904   0x00000032   Code   RO         1738    .text               c_2.l(defsig_general.o)
    0x40042936   0x0000000e   Code   RO         1740    .text               c_2.l(defsig_rtmem_outer.o)
    0x40042944   0x0000000e   Code   RO         1755    .text               c_2.l(sys_wrch.o)
    0x40042952   0x00000002   PAD
    0x40042954   0x00000050   Code   RO         1763    .text               c_2.l(defsig_rtmem_inner.o)
    0x400429a4   0x00000008   Ven    RO         1785    Veneer$$Code        anon$$obj.o
    0x400429ac   0x00000048   Code   RO          934    copy_function       copy_functions.o
    0x400429f4   0x00000070   Code   RO          937    core_function       core.o
    0x40042a64   0x00000028   Code   RO         1525    i.__ARM_fpclassify  m_2s.l(fpclassify.o)
    0x40042a8c   0x00000384   Code   RO         1493    i.__ieee754_rem_pio2  m_2s.l(rred.o)
    0x40042e10   0x000000fc   Code   RO         1474    i.__kernel_cos      m_2s.l(cos_i.o)
    0x40042f0c   0x000000aa   Code   RO         1491    i.__kernel_poly     m_2s.l(poly.o)
    0x40042fb6   0x00000002   PAD
    0x40042fb8   0x000000f0   Code   RO         1498    i.__kernel_sin      m_2s.l(sin_i.o)
    0x400430a8   0x00000006   Code   RO         1478    i.__mathlib_dbl_infnan  m_2s.l(dunder.o)
    0x400430ae   0x0000000c   Code   RO         1480    i.__mathlib_dbl_invalid  m_2s.l(dunder.o)
    0x400430ba   0x00000002   PAD
    0x400430bc   0x00000010   Code   RO         1483    i.__mathlib_dbl_underflow  m_2s.l(dunder.o)
    0x400430cc   0x0000000e   Code   RO         1247    i._is_digit         c_2.l(__printf_wp.o)
    0x400430da   0x00000002   PAD
    0x400430dc   0x00000278   Code   RO         1387    i.acos              m_2s.l(acos.o)
    0x40043354   0x000000d0   Code   RO         1397    i.ceil              m_2s.l(ceil.o)
    0x40043424   0x000000a8   Code   RO         1401    i.cos               m_2s.l(cos.o)
    0x400434cc   0x000000d0   Code   RO         1409    i.floor             m_2s.l(floor.o)
    0x4004359c   0x000000ac   Code   RO         1413    i.sin               m_2s.l(sin.o)
    0x40043648   0x0000004c   Code   RO         1421    i.sqrt              m_2s.l(sqrt.o)
    0x40043694   0x00000098   Code   RO          822    rw_support          qspic_rw_support.o
    0x4004372c   0x00000062   Code   RO         1310    x$fpl$d2f           fz_2s.l(d2f.o)
    0x4004378e   0x00000002   PAD
    0x40043790   0x00000150   Code   RO         1312    x$fpl$dadd          fz_2s.l(daddsub_clz.o)
    0x400438e0   0x00000010   Code   RO         1523    x$fpl$dcheck1       fz_2s.l(dcheck1.o)
    0x400438f0   0x00000018   Code   RO         1457    x$fpl$dcmpinf       fz_2s.l(dcmpi.o)
    0x40043908   0x000002b0   Code   RO         1319    x$fpl$ddiv          fz_2s.l(ddiv.o)
    0x40043bb8   0x00000078   Code   RO         1322    x$fpl$deqf          fz_2s.l(deqf.o)
    0x40043c30   0x0000005e   Code   RO         1324    x$fpl$dfix          fz_2s.l(dfix.o)
    0x40043c8e   0x00000002   PAD
    0x40043c90   0x0000005a   Code   RO         1332    x$fpl$dfixu         fz_2s.l(dfixu.o)
    0x40043cea   0x0000002e   Code   RO         1337    x$fpl$dflt          fz_2s.l(dflt_clz.o)
    0x40043d18   0x000000a2   Code   RO         1342    x$fpl$dfltll        fz_2s.l(dfltll_clz.o)
    0x40043dba   0x00000026   Code   RO         1336    x$fpl$dfltu         fz_2s.l(dflt_clz.o)
    0x40043de0   0x00000078   Code   RO         1346    x$fpl$dleqf         fz_2s.l(dleqf.o)
    0x40043e58   0x00000154   Code   RO         1348    x$fpl$dmul          fz_2s.l(dmul.o)
    0x40043fac   0x0000009c   Code   RO         1459    x$fpl$dnaninf       fz_2s.l(dnaninf.o)
    0x40044048   0x0000000c   Code   RO         1461    x$fpl$dretinf       fz_2s.l(dretinf.o)
    0x40044054   0x0000006c   Code   RO         1350    x$fpl$drleqf        fz_2s.l(drleqf.o)
    0x400440c0   0x00000016   Code   RO         1313    x$fpl$drsb          fz_2s.l(daddsub_clz.o)
    0x400440d6   0x00000002   PAD
    0x400440d8   0x00000198   Code   RO         1463    x$fpl$dsqrt         fz_2s.l(dsqrt_umaal.o)
    0x40044270   0x000001d4   Code   RO         1314    x$fpl$dsub          fz_2s.l(daddsub_clz.o)
    0x40044444   0x00000056   Code   RO         1352    x$fpl$f2d           fz_2s.l(f2d.o)
    0x4004449a   0x00000002   PAD
    0x4004449c   0x000000c4   Code   RO         1354    x$fpl$fadd          fz_2s.l(faddsub_clz.o)
    0x40044560   0x00000018   Code   RO         1465    x$fpl$fcmpinf       fz_2s.l(fcmpi.o)
    0x40044578   0x00000184   Code   RO         1361    x$fpl$fdiv          fz_2s.l(fdiv.o)
    0x400446fc   0x00000068   Code   RO         1364    x$fpl$feqf          fz_2s.l(feqf.o)
    0x40044764   0x00000036   Code   RO         1366    x$fpl$ffix          fz_2s.l(ffix.o)
    0x4004479a   0x00000002   PAD
    0x4004479c   0x0000003e   Code   RO         1370    x$fpl$ffixu         fz_2s.l(ffixu.o)
    0x400447da   0x00000002   PAD
    0x400447dc   0x00000030   Code   RO         1375    x$fpl$fflt          fz_2s.l(fflt_clz.o)
    0x4004480c   0x00000026   Code   RO         1374    x$fpl$ffltu         fz_2s.l(fflt_clz.o)
    0x40044832   0x00000002   PAD
    0x40044834   0x00000068   Code   RO         1380    x$fpl$fleqf         fz_2s.l(fleqf.o)
    0x4004489c   0x00000102   Code   RO         1382    x$fpl$fmul          fz_2s.l(fmul.o)
    0x4004499e   0x0000008c   Code   RO         1467    x$fpl$fnaninf       fz_2s.l(fnaninf.o)
    0x40044a2a   0x0000000a   Code   RO         1469    x$fpl$fretinf       fz_2s.l(fretinf.o)
    0x40044a34   0x00000062   Code   RO         1384    x$fpl$frleqf        fz_2s.l(frleqf.o)
    0x40044a96   0x00000014   Code   RO         1355    x$fpl$frsb          fz_2s.l(faddsub_clz.o)
    0x40044aaa   0x00000002   PAD
    0x40044aac   0x000000ea   Code   RO         1356    x$fpl$fsub          fz_2s.l(faddsub_clz.o)
    0x40044b96   0x00000002   PAD
    0x40044b98   0x000000c2   Code   RO         1328    x$fpl$llsfromd      fz_2s.l(dfixll.o)
    0x40044c5a   0x00000064   Code   RO         1672    x$fpl$retnan        fz_2s.l(retnan.o)
    0x40044cbe   0x0000005c   Code   RO         1471    x$fpl$scalbn        fz_2s.l(scalbn.o)
    0x40044d1a   0x00000030   Code   RO         1720    x$fpl$trapveneer    fz_2s.l(trapv.o)
    0x40044d4a   0x00000000   Code   RO         1473    x$fpl$usenofp       fz_2s.l(usenofp.o)
    0x40044d4a   0x00000006   Code   RO         1267    x$sdiv              c_2.l(aeabi_sdiv_cr4.o)
    0x40044d50   0x00000006   Code   RO         1269    x$udiv              c_2.l(aeabi_sdiv_cr4.o)
    0x40044d56   0x0000000c   Code   RO         1270    x$udivmod           c_2.l(aeabi_sdiv_cr4.o)
    0x40044d62   0x00000002   PAD
    0x40044d64   0x00000100   Data   RO          118    .constdata          graphics_init.o
    0x40044e64   0x00000060   Data   RO          367    .constdata          gdc.o
    0x40044ec4   0x000003fc   Data   RO          386    .constdata          gpio.o
    0x400452c0   0x00000010   Data   RO          490    .constdata          intc.o
    0x400452d0   0x00000008   Data   RO         1013    .constdata          main.o
    0x400452d8   0x00000050   Data   RO         1388    .constdata          m_2s.l(acos.o)
    0x40045328   0x00000030   Data   RO         1475    .constdata          m_2s.l(cos_i.o)
    0x40045358   0x000000c8   Data   RO         1495    .constdata          m_2s.l(rred.o)
    0x40045420   0x00000028   Data   RO         1499    .constdata          m_2s.l(sin_i.o)
    0x40045448   0x00000004   Data   RO         1528    .constdata          c_2.l(sys_io.o)
    0x4004544c   0x00000004   Data   RO         1529    .constdata          c_2.l(sys_io.o)
    0x40045450   0x00000004   Data   RO         1530    .constdata          c_2.l(sys_io.o)
    0x40045454   0x000000d5   Data   RW           51    .data               gfunctions.o
    0x40045529   0x00000065   Data   RW          119    .data               graphics_init.o
    0x4004558e   0x00000065   Data   RW          140    .data               layer.o
    0x400455f3   0x00000001   PAD
    0x400455f4   0x0000006c   Data   RW          158    .data               listmngr.o
    0x40045660   0x00000078   Data   RW          175    .data               rotation.o
    0x400456d8   0x0000006b   Data   RW          190    .data               adc.o
    0x40045743   0x00000050   Data   RW          210    .data               blit.o
    0x40045793   0x00000090   Data   RW          225    .data               ccr.o
    0x40045823   0x0000006c   Data   RW          270    .data               dmc.o
    0x4004588f   0x00000050   Data   RW          295    .data               draw.o
    0x400458df   0x00000078   Data   RW          332    .data               fg.o
    0x40045957   0x00000001   PAD
    0x40045958   0x000000a4   Data   RW          349    .data               ga.o
    0x400459fc   0x00000004   PAD
    0x40045a00   0x00000238   Data   RW          368    .data               gdc.o
    0x40045c38   0x0000006c   Data   RW          387    .data               gpio.o
    0x40045ca4   0x0000006c   Data   RW          408    .data               hsuart.o
    0x40045d10   0x0000006c   Data   RW          491    .data               intc.o
    0x40045d7c   0x00000078   Data   RW          548    .data               png.o
    0x40045df4   0x0000006d   Data   RW          569    .data               qspic.o
    0x40045e61   0x00000050   Data   RW          586    .data               rotation_matrix.o
    0x40045eb1   0x0000006a   Data   RW          684    .data               timer_cmplx.o
    0x40045f1b   0x0000006b   Data   RW          745    .data               timer_pwm.o
    0x40045f86   0x00000050   Data   RW          765    .data               transf.o
    0x40045fd6   0x00000002   PAD
    0x40045fd8   0x000000ec   Data   RW          779    .data               txcan.o
    0x400460c4   0x00000001   Data   RW          888    .data               qspi.o
    0x400460c5   0x00000001   Data   RW         1014    .data               main.o
    0x400460c6   0x00000002   PAD
    0x400460c8   0x0000029a   Data   RW         1083    .data               myconfig.o
    0x40046362   0x00000002   PAD
    0x40046364   0x00000028   Data   RW         1108    .data               myfont.o
    0x4004638c   0x00000b7c   Data   RW         1127    .data               icons.o
    0x40046f08   0x0000005a   Data   RW         1163    .data               buttons.o
    0x40046f62   0x00000006   Data   RW         1184    .data               can.o
    0x40046f68   0x00000004   Data   RW         1450    .data               c_2.l(stdio_streams.o)
    0x40046f6c   0x00000004   Data   RW         1451    .data               c_2.l(stdio_streams.o)
    0x40046f70   0x00000004   Data   RW         1452    .data               c_2.l(stdio_streams.o)



  Load Region QSPI0_GRAPH (Base: 0x02100000, Size: 0x00000000, Max: 0x00e00000, ABSOLUTE)

    Execution Region GRAPHICS (Base: 0x02100000, Size: 0x00000000, Max: 0x00e00000, ABSOLUTE)

    **** No section assigned to this execution region ****



  Load Region QSPI0_IGRAPH (Base: 0x02f00000, Size: 0x00000000, Max: 0x00100000, ABSOLUTE)

    Execution Region IGRAPHICS (Base: 0x02f00000, Size: 0x00000000, Max: 0x00100000, ABSOLUTE)

    **** No section assigned to this execution region ****



  Load Region TCMA (Base: 0x00000040, Size: 0x00000000, Max: 0x00007fc0, ABSOLUTE)

    Execution Region TCMA_EMPTY (Base: 0x00000040, Size: 0x00007fc0, Max: 0x00007fc0, ABSOLUTE)

    Base Addr    Size         Type   Attr      Idx    E Section Name        Object

    0x00000040   0x00007fc0   Zero   RW            1    TCMA_EMPTY.bss      anon$$obj.o



  Load Region TCMB (Base: 0x00008000, Size: 0x00000000, Max: 0x00008000, ABSOLUTE)

    Execution Region TCMB_EMPTY (Base: 0x00008000, Size: 0x00008000, Max: 0x00008000, ABSOLUTE)

    Base Addr    Size         Type   Attr      Idx    E Section Name        Object

    0x00008000   0x00008000   Zero   RW            2    TCMB_EMPTY.bss      anon$$obj.o



  Load Region GFXSRAM (Base: 0x00800000, Size: 0x00000000, Max: 0x00040000, ABSOLUTE)

    Execution Region ARM_LIB_HEAP (Base: 0x00800000, Size: 0x00020000, Max: 0x00020000, ABSOLUTE)

    Base Addr    Size         Type   Attr      Idx    E Section Name        Object

    0x00800000   0x00020000   Zero   RW            3    ARM_LIB_HEAP.bss    anon$$obj.o


    Execution Region ARM_LIB_STACK (Base: 0x00820000, Size: 0x00020000, Max: 0x00020000, ABSOLUTE)

    Base Addr    Size         Type   Attr      Idx    E Section Name        Object

    0x00820000   0x00020000   Zero   RW            4    ARM_LIB_STACK.bss   anon$$obj.o



  Load Region HPMSRAM_ECC (Base: 0x00880000, Size: 0x00000000, Max: 0x00040000, ABSOLUTE)

    Execution Region HPMSRAM_ECC_EMPTY (Base: 0x00880000, Size: 0x00040000, Max: 0x00040000, ABSOLUTE)

    Base Addr    Size         Type   Attr      Idx    E Section Name        Object

    0x00880000   0x00040000   Zero   RW            5    HPMSRAM_ECC_EMPTY.bss  anon$$obj.o



  Load Region RAM_2 (Base: 0x40100000, Size: 0x00000000, Max: 0x01f00000, ABSOLUTE)

    Execution Region V_RAM (Base: 0x40100000, Size: 0x0081a564, Max: 0xffffffff, ABSOLUTE)

    Base Addr    Size         Type   Attr      Idx    E Section Name        Object

    0x40100000   0x004b0000   Zero   RW            7    .FBGDC0LA           fbuffer.o
    0x405b0000   0x00060060   Zero   RW          547    .PNGBuffer          png.o
    0x40610060   0x00000b68   Zero   RW          980    .RAMSTgraphics      images_ram_structs.o
    0x40610bc8   0x00308430   Zero   RW          971    .RAMgraphics        images_ram_arrays.o
    0x40918ff8   0x00000950   Zero   RW           50    .bss                gfunctions.o
    0x40919948   0x00000208   Zero   RW          139    .bss                layer.o
    0x40919b50   0x000000a0   Zero   RW          174    .bss                rotation.o
    0x40919bf0   0x00000150   Zero   RW          366    .bss                gdc.o
    0x40919d40   0x00000018   Zero   RW          744    .bss                timer_pwm.o
    0x40919d58   0x00000134   Zero   RW         1012    .bss                main.o
    0x40919e8c   0x00000100   Zero   RW         1082    .bss                myconfig.o
    0x40919f8c   0x00000024   Zero   RW         1145    .bss                statevariables.o
    0x40919fb0   0x000004b0   Zero   RW         1183    .bss                can.o
    0x4091a460   0x00000054   Zero   RW         1447    .bss                c_2.l(stdio_streams.o)
    0x4091a4b4   0x00000054   Zero   RW         1448    .bss                c_2.l(stdio_streams.o)
    0x4091a508   0x00000054   Zero   RW         1449    .bss                c_2.l(stdio_streams.o)
    0x4091a55c   0x00000004   Zero   RW         1507    .bss                c_2.l(rt_errno_addr.o)
    0x4091a560   0x00000004   Zero   RW         1680    .bss                c_2.l(rt_heap_descriptor.o)


    Execution Region CMD_LIST (Base: 0x41ff0000, Size: 0x00008020, Max: 0x00010000, ABSOLUTE)

    Base Addr    Size         Type   Attr      Idx    E Section Name        Object

    0x41ff0000   0x00008020   Zero   RW            6    .CommandLists       fbuffer.o


==============================================================================

Image component sizes


      Code (inc. data)   RO Data    RW Data    ZI Data      Debug   Object Name

      1188         28          0        107          0       7516   adc.o
      8852         88          0         80          0       5824   blit.o
       996          8          0          0          0       1380   boardcfg.o
      1740        108          0         90          0       4038   buttons.o
      1100         28          0          6       1200       2494   can.o
     15528         92          0        144          0      24113   ccr.o
        72          0          0          0          0        352   copy_functions.o
       112          0          0          0          0        348   core.o
       492         32          0          0          0        832   core_bootloader_keil.o
       308          0          0          0          0        448   cr4_burst_access_keil.o
       320          0          0          0          0        460   cr4_pmu_keil.o
      5860         80          0        108          0      22245   dmc.o
       580          4          0          0          0       2048   dmc_cfg.o
      4796         44          0         80          0       6900   draw.o
        28          0          0          0          0        364   excp_hndlr_keil.o
         0          0          0          0    4948000      23746   fbuffer.o
      2348         28          0        120          0       8757   fg.o
      2460         52          0        164          0      10852   ga.o
     16292        616         96        568        336      35552   gdc.o
     63368        388          0        213       2384     118844   gfunctions.o
      2268         32       1020        108          0      37860   gpio.o
      1456         60        256        101          0       6972   graphics_init.o
      2740         28          0        108          0      11762   hsuart.o
      5088        156          0       2940          0      11513   icons.o
      5360       1240          0          0          0       1736   images_copy_rom_to_ram.o
      8972        732          0          0          0       4160   images_init.o
         0          0          0          0    3179568       9758   images_ram_arrays.o
         0          0          0          0       2920       2643   images_ram_structs.o
      2760         32         16        108          0      14149   intc.o
      3208         56          0        101        520       6733   layer.o
       360         32          0        108          0       2889   listmngr.o
      1204         60          8          1        308      13546   main.o
       876        136          0        666        256       8576   myconfig.o
      3300        112          0         40          0      11789   myfont.o
      1408          0          0          0          0       1352   pinconfig.o
         0          0          0          0          0       1244   pl353_norflash.o
      6888        112          0        120     393312      11855   png.o
      4432         28          0          1          0       5639   qspi.o
      8780         52          0        109          0      21528   qspic.o
       152          0          0          0          0        384   qspic_rw_support.o
       168         36          0          0          0        380   rom_copy_keil.o
     70788        160          0        120        160      27959   rotation.o
      5112         32          0         80          0       5352   rotation_matrix.o
       148          4          0          0         36       1805   statevariables.o
      1236         24          0        106          0       8733   timer_cmplx.o
      1216         28          0        107         24       7474   timer_pwm.o
      2816         28          0         80          0       4413   transf.o
      4760         48          0        236          0      36099   txcan.o

    ----------------------------------------------------------------------
    272484       4984       1396       6932    9118784     555416   Object Totals
        16          8          0          0     589760          0   (incl. Generated)
       532        152          0         12          0          0   (incl. Padding)

    ----------------------------------------------------------------------

      Code (inc. data)   RO Data    RW Data    ZI Data      Debug   Library Member Name

       284          0          0          0          0        156   __printf_wp.o
        48          6          0          0          0         96   _printf_char_common.o
        36          4          0          0          0         80   _printf_char_file.o
         6          0          0          0          0          0   _printf_d.o
       112         16          0          0          0         92   _printf_dec.o
       178          0          0          0          0         88   _printf_intcommon.o
        78          0          0          0          0        108   _printf_pad.o
         0          0          0          0          0          0   _printf_percent.o
         4          0          0          0          0          0   _printf_percent_end.o
        22          0          0          0          0        100   _rserrno.o
        10          0          0          0          0         68   _sputc.o
        16          0          0          0          0         68   aeabi_memset.o
        24          0          0          0          0        204   aeabi_sdiv_cr4.o
        10          0          0          0          0         68   defsig_exit.o
        50          0          0          0          0         88   defsig_general.o
        80         58          0          0          0         76   defsig_rtmem_inner.o
        14          0          0          0          0         80   defsig_rtmem_outer.o
        52         38          0          0          0         76   defsig_rtred_inner.o
        14          0          0          0          0         80   defsig_rtred_outer.o
        76          0          0          0          0         88   fclose.o
         8          0          0          0          0         68   ferror.o
       236          4          0          0          0        128   fopen.o
       248          6          0          0          0         84   fseek.o
        66          0          0          0          0         76   ftell.o
        94          0          0          0          0         80   h1_alloc.o
        48          0          0          0          0         68   h1_extend.o
        78          0          0          0          0         80   h1_free.o
        14          0          0          0          0         84   h1_init.o
         4          0          0          0          0        136   hguard.o
         0          0          0          0          0          0   indicate_semi.o
       136          0          0          0          0        168   init_alloc.o
       312         46          0          0          0        112   initio.o
         0          0          0          0          0          0   libinit2.o
         0          0          0          0          0          0   libshutdown2.o
         0          0          0          0          0          0   maybetermalloc1.o
        24          4          0          0          0         84   noretval__2printf.o
        40          6          0          0          0         84   noretval__2sprintf.o
         8          4          0          0          4         68   rt_errno_addr.o
         8          4          0          0          4         68   rt_heap_descriptor.o
        68          0          0          0          0         68   rt_memclr.o
        78          0          0          0          0         80   rt_memclr_w.o
       100          0          0          0          0         80   rt_memcpy_w.o
        44          0          0          0          0         68   rtudiv10.o
        70          0          0          0          0         80   setvbuf.o
       240          6          0          0          0        156   stdio.o
         0          0          0         12        252          0   stdio_streams.o
        58          0          0          0          0         68   strlen.o
        12          4          0          0          0         68   sys_exit.o
       102          0         12          0          0        240   sys_io.o
        14          0          0          0          0         76   sys_wrch.o
         2          0          0          0          0         68   use_no_semi.o
        98          4          0          0          0         92   d2f.o
       826         16          0          0          0        348   daddsub_clz.o
        16          4          0          0          0         68   dcheck1.o
        24          0          0          0          0         68   dcmpi.o
       688        140          0          0          0        208   ddiv.o
       120          4          0          0          0         92   deqf.o
        94          4          0          0          0         92   dfix.o
       194          4          0          0          0        116   dfixll.o
        90          4          0          0          0         92   dfixu.o
        84          0          0          0          0        136   dflt_clz.o
       162          0          0          0          0         84   dfltll_clz.o
       120          4          0          0          0         92   dleqf.o
       340         12          0          0          0        104   dmul.o
       156          4          0          0          0         92   dnaninf.o
        12          0          0          0          0         68   dretinf.o
       108          0          0          0          0         80   drleqf.o
       408         56          0          0          0        120   dsqrt_umaal.o
        86          4          0          0          0         84   f2d.o
       450          8          0          0          0        236   faddsub_clz.o
        24          0          0          0          0         68   fcmpi.o
       388         76          0          0          0         96   fdiv.o
       104          4          0          0          0         84   feqf.o
        54          4          0          0          0         84   ffix.o
        62          4          0          0          0         84   ffixu.o
        86          0          0          0          0        136   fflt_clz.o
       104          4          0          0          0         84   fleqf.o
       258          4          0          0          0         84   fmul.o
       140          4          0          0          0         84   fnaninf.o
        10          0          0          0          0         68   fretinf.o
        98          0          0          0          0         68   frleqf.o
       100          0          0          0          0         68   retnan.o
        92          0          0          0          0         68   scalbn.o
        48          0          0          0          0         68   trapv.o
         0          0          0          0          0          0   usenofp.o
       632         62         80          0          0        184   acos.o
       208         18          0          0          0         84   ceil.o
       168          8          0          0          0        104   cos.o
       252         20         48          0          0        128   cos_i.o
        34          6          0          0          0        204   dunder.o
       208         18          0          0          0         84   floor.o
        40          0          0          0          0         68   fpclassify.o
       170          0          0          0          0         96   poly.o
       900         72        200          0          0        132   rred.o
       172         10          0          0          0        108   sin.o
       240         14         40          0          0        128   sin_i.o
        76          0          0          0          0         84   sqrt.o

    ----------------------------------------------------------------------
     12008        802        380         12        260       8876   Library Totals
        38          0          0          0          0          0   (incl. Padding)

    ----------------------------------------------------------------------

      Code (inc. data)   RO Data    RW Data    ZI Data      Debug   Library Name

      3226        206         12         12        260       4056   c_2.l
      5644        368          0          0          0       3416   fz_2s.l
      3100        228        368          0          0       1404   m_2s.l

    ----------------------------------------------------------------------
     12008        802        380         12        260       8876   Library Totals

    ----------------------------------------------------------------------

==============================================================================


      Code (inc. data)   RO Data    RW Data    ZI Data      Debug   

    284492       5786       1776       6944    9119044     555192   Grand Totals
    284492       5786       1776       6944    9119044     555192   ELF Image Totals
    284492       5786       1776       6944          0          0   ROM Totals

==============================================================================

    Total RO  Size (Code + RO Data)               286268 ( 279.56kB)
    Total RW  Size (RW Data + ZI Data)           9125988 (8912.10kB)
    Total ROM Size (Code + RO Data + RW Data)     293212 ( 286.34kB)

==============================================================================

