<!doctype html public "-//w3c//dtd html 4.0 transitional//en">
<html><head>
<title>Static Call Graph - [..\out\rom2ram.axf]</title></head>
<body><HR>
<H1>Static Call Graph for image ..\out\rom2ram.axf</H1><HR>
<BR><P>#&#060CALLGRAPH&#062# ARM Linker, 5050169: Last Updated: Tue Sep 20 14:57:41 2016
<BR><P>
<H3>Maximum Stack Usage =        600 bytes + Unknown(Functions without stacksize, Untraceable Function Pointers)</H3><H3>
Call chain for Maximum Stack Depth:</H3>
vShowTotalCurrent &rArr; vGfLayerRotateBlendBitmapFull &rArr; vGfBuffRotateBlendBitmapFull &rArr; vRotLib_RotateBlend &rArr; vRotLib_CalculateForwardRotatedCornerCoordinates_RotateFull &rArr; sin &rArr; __ieee754_rem_pio2 &rArr; __aeabi_dmul
<P>
<H3>
Functions with no stack information
</H3><UL>
 <LI><a href="#[267]">unhandled_exception</a>
 <LI><a href="#[268]">undef_exception</a>
 <LI><a href="#[269]">svccall_exception</a>
 <LI><a href="#[26a]">pref_exception</a>
 <LI><a href="#[26b]">databort_exception</a>
 <LI><a href="#[26c]">irq_exception</a>
 <LI><a href="#[26d]">fiq_exception</a>
 <LI><a href="#[263]">vASM_Init8WordsInBurst</a>
 <LI><a href="#[26f]">vASM_Copy8WordsInBurst</a>
 <LI><a href="#[270]">vASM_Copy4WordsInBurstMem2FiFo</a>
 <LI><a href="#[271]">vASM_Copy4WordsInBurstFiFo2Mem</a>
 <LI><a href="#[272]">vASM_Copy8WordsInBurstMem2FiFo</a>
 <LI><a href="#[273]">vASM_Copy8WordsInBurstFiFo2Mem</a>
 <LI><a href="#[265]">vASM_Copy_all_areas</a>
 <LI><a href="#[266]">vASM_Init_zi</a>
 <LI><a href="#[512]">u32CR4_GetPMN</a>
 <LI><a href="#[513]">vCR4_PMNConfig</a>
 <LI><a href="#[514]">vCR4_SetCntDivider</a>
 <LI><a href="#[1b8]">vCR4_EnablePMU</a>
 <LI><a href="#[515]">vCR4_DisablePMU</a>
 <LI><a href="#[1b9]">vCR4_EnableCCNT</a>
 <LI><a href="#[516]">vCR4_DisableCCNT</a>
 <LI><a href="#[517]">vCR4_EnablePMN</a>
 <LI><a href="#[518]">vCR4_DisablePMN</a>
 <LI><a href="#[519]">u32CR4_ReadCCNT</a>
 <LI><a href="#[51a]">u32CR4_ReadPMN</a>
 <LI><a href="#[51b]">u32CR4_ReadFlags</a>
 <LI><a href="#[51c]">vCR4_WriteFlags</a>
 <LI><a href="#[51d]">vCR4_EnableCCNTIrq</a>
 <LI><a href="#[51e]">vCR4_DisableCCNTIrq</a>
 <LI><a href="#[51f]">vCR4_EnablePmnIrq</a>
 <LI><a href="#[520]">vCR4_DisablePMNIrq</a>
 <LI><a href="#[521]">vCR4_ResetPMN</a>
 <LI><a href="#[1ba]">vCR4_ResetCCNT</a>
 <LI><a href="#[522]">vCR4_PMUSoftwareIncrement</a>
 <LI><a href="#[523]">vCR4_EnablePMUUserAccess</a>
 <LI><a href="#[524]">vCR4_DisablePMUUserAccess</a>
 <LI><a href="#[198]">asm_copy_word</a>
 <LI><a href="#[53a]">asm_copy_hword</a>
 <LI><a href="#[53b]">asm_copy_byte</a>
 <LI><a href="#[156]">__DSB</a>
 <LI><a href="#[53c]">__ISB</a>
 <LI><a href="#[19c]">asm_enable_core_int</a>
 <LI><a href="#[53d]">asm_disable_core_int</a>
 <LI><a href="#[19d]">asm_enable_core_fast_int</a>
 <LI><a href="#[53e]">asm_disable_core_fast_int</a>
 <LI><a href="#[19b]">asm_enable_core_vic_port</a>
 <LI><a href="#[53f]">asm_disable_core_vic_port</a>
 <LI><a href="#[540]">write_burst4</a>
 <LI><a href="#[184]">read_burst4</a>
 <LI><a href="#[541]">write_burst8</a>
 <LI><a href="#[186]">read_burst8</a>
 <LI><a href="#[542]">word_write</a>
 <LI><a href="#[182]">word_read</a>
 <LI><a href="#[543]">hword_write</a>
 <LI><a href="#[544]">hword_read</a>
 <LI><a href="#[545]">byte_write</a>
 <LI><a href="#[546]">byte_read</a>
 <LI><a href="#[2b]">Reset_Hndlr</a>
</UL>
</UL>
<P>
<H3>
Function Pointers
</H3><UL>
 <LI><a href="#[a]">_printf_input_char</a> from _printf_char_common.o(.text) referenced from _printf_char_common.o(.text)
 <LI><a href="#[9]">_sputc</a> from _sputc.o(.text) referenced from noretval__2sprintf.o(.text)
 <LI><a href="#[b]">fputc</a> from main.o(.text) referenced from _printf_char_file.o(.text)
 <LI><a href="#[1da]">vADCISR_Func</a> from icons.o(.text) referenced from icons.o(.text)
 <LI><a href="#[1eb]">vCanRxInterrupt</a> from can.o(.text) referenced from can.o(.text)
 <LI><a href="#[1ff]">vCanStatusInterrupt</a> from can.o(.text) referenced from can.o(.text)
 <LI><a href="#[1f3]">vCanTxInterrupt</a> from can.o(.text) referenced from can.o(.text)
 <LI><a href="#[1e3]">vISREncoder</a> from buttons.o(.text) referenced from buttons.o(.text)
 <LI><a href="#[2a]">vRunIconFunction</a> from icons.o(.text) referenced from myconfig.o(.data)
 <LI><a href="#[c]">vSetIcons</a> from icons.o(.text) referenced from myconfig.o(.data)
 <LI><a href="#[e]">vSetSpeedNeedle</a> from icons.o(.text) referenced from myconfig.o(.data)
 <LI><a href="#[25]">vShowAlphaChange</a> from icons.o(.text) referenced from myconfig.o(.data)
 <LI><a href="#[1f]">vShowBatteryDropT</a> from icons.o(.text) referenced from myconfig.o(.data)
 <LI><a href="#[1e]">vShowBatteryDropV</a> from icons.o(.text) referenced from myconfig.o(.data)
 <LI><a href="#[16]">vShowBatteryLife</a> from icons.o(.text) referenced from myconfig.o(.data)
 <LI><a href="#[21]">vShowBatteryMaxT</a> from icons.o(.text) referenced from myconfig.o(.data)
 <LI><a href="#[1c]">vShowBatteryMaxV</a> from icons.o(.text) referenced from myconfig.o(.data)
 <LI><a href="#[22]">vShowBatteryMinT</a> from icons.o(.text) referenced from myconfig.o(.data)
 <LI><a href="#[1d]">vShowBatteryMinV</a> from icons.o(.text) referenced from myconfig.o(.data)
 <LI><a href="#[26]">vShowBatteryT</a> from icons.o(.text) referenced from myconfig.o(.data)
 <LI><a href="#[15]">vShowBatteryVoltage</a> from icons.o(.text) referenced from myconfig.o(.data)
 <LI><a href="#[20]">vShowChargeTime</a> from icons.o(.text) referenced from myconfig.o(.data)
 <LI><a href="#[1b]">vShowControlT</a> from icons.o(.text) referenced from myconfig.o(.data)
 <LI><a href="#[29]">vShowCurrentTime</a> from icons.o(.text) referenced from myconfig.o(.data)
 <LI><a href="#[27]">vShowDCACT</a> from icons.o(.text) referenced from myconfig.o(.data)
 <LI><a href="#[d]">vShowInit</a> from myconfig.o(.text) referenced from myconfig.o(.data)
 <LI><a href="#[11]">vShowMotorPower</a> from icons.o(.text) referenced from myconfig.o(.data)
 <LI><a href="#[1a]">vShowMotorT</a> from icons.o(.text) referenced from myconfig.o(.data)
 <LI><a href="#[10]">vShowRotateSpeed</a> from icons.o(.text) referenced from myconfig.o(.data)
 <LI><a href="#[13]">vShowSOCNumber</a> from icons.o(.text) referenced from myconfig.o(.data)
 <LI><a href="#[f]">vShowSpeedNumber</a> from icons.o(.text) referenced from myconfig.o(.data)
 <LI><a href="#[19]">vShowTorque</a> from icons.o(.text) referenced from myconfig.o(.data)
 <LI><a href="#[14]">vShowTotalCurrent</a> from icons.o(.text) referenced from myconfig.o(.data)
 <LI><a href="#[17]">vShowTotalDistance</a> from icons.o(.text) referenced from myconfig.o(.data)
 <LI><a href="#[12]">vShowTotalVoltage</a> from icons.o(.text) referenced from myconfig.o(.data)
 <LI><a href="#[18]">vShowTripDistance</a> from icons.o(.text) referenced from myconfig.o(.data)
 <LI><a href="#[28]">vShowUPST</a> from icons.o(.text) referenced from myconfig.o(.data)
 <LI><a href="#[23]">vShowkpa</a> from icons.o(.text) referenced from myconfig.o(.data)
 <LI><a href="#[24]">vShowkpb</a> from icons.o(.text) referenced from myconfig.o(.data)
</UL>
<P>
<H3>
Global Symbols
</H3>
<P><STRONG><a name="[267]"></a>unhandled_exception</STRONG> (ARM, 0 bytes, Stack size unknown bytes, excp_hndlr_keil.o(exc_handler), UNUSED)
<BR><BR>[Calls]<UL><LI><a href="#[267]">&gt;&gt;</a>&nbsp;&nbsp;&nbsp;unhandled_exception
</UL>
<BR>[Called By]<UL><LI><a href="#[267]">&gt;&gt;</a>&nbsp;&nbsp;&nbsp;unhandled_exception
</UL>

<P><STRONG><a name="[268]"></a>undef_exception</STRONG> (ARM, 0 bytes, Stack size unknown bytes, excp_hndlr_keil.o(exc_handler), UNUSED)
<BR><BR>[Calls]<UL><LI><a href="#[268]">&gt;&gt;</a>&nbsp;&nbsp;&nbsp;undef_exception
</UL>
<BR>[Called By]<UL><LI><a href="#[268]">&gt;&gt;</a>&nbsp;&nbsp;&nbsp;undef_exception
</UL>

<P><STRONG><a name="[269]"></a>svccall_exception</STRONG> (ARM, 0 bytes, Stack size unknown bytes, excp_hndlr_keil.o(exc_handler), UNUSED)
<BR><BR>[Calls]<UL><LI><a href="#[269]">&gt;&gt;</a>&nbsp;&nbsp;&nbsp;svccall_exception
</UL>
<BR>[Called By]<UL><LI><a href="#[269]">&gt;&gt;</a>&nbsp;&nbsp;&nbsp;svccall_exception
</UL>

<P><STRONG><a name="[26a]"></a>pref_exception</STRONG> (ARM, 0 bytes, Stack size unknown bytes, excp_hndlr_keil.o(exc_handler), UNUSED)
<BR><BR>[Calls]<UL><LI><a href="#[26a]">&gt;&gt;</a>&nbsp;&nbsp;&nbsp;pref_exception
</UL>
<BR>[Called By]<UL><LI><a href="#[26a]">&gt;&gt;</a>&nbsp;&nbsp;&nbsp;pref_exception
</UL>

<P><STRONG><a name="[26b]"></a>databort_exception</STRONG> (ARM, 0 bytes, Stack size unknown bytes, excp_hndlr_keil.o(exc_handler), UNUSED)
<BR><BR>[Calls]<UL><LI><a href="#[26b]">&gt;&gt;</a>&nbsp;&nbsp;&nbsp;databort_exception
</UL>
<BR>[Called By]<UL><LI><a href="#[26b]">&gt;&gt;</a>&nbsp;&nbsp;&nbsp;databort_exception
</UL>

<P><STRONG><a name="[26c]"></a>irq_exception</STRONG> (ARM, 0 bytes, Stack size unknown bytes, excp_hndlr_keil.o(exc_handler), UNUSED)
<BR><BR>[Calls]<UL><LI><a href="#[26c]">&gt;&gt;</a>&nbsp;&nbsp;&nbsp;irq_exception
</UL>
<BR>[Called By]<UL><LI><a href="#[26c]">&gt;&gt;</a>&nbsp;&nbsp;&nbsp;irq_exception
</UL>

<P><STRONG><a name="[26d]"></a>fiq_exception</STRONG> (ARM, 0 bytes, Stack size unknown bytes, excp_hndlr_keil.o(exc_handler), UNUSED)
<BR><BR>[Calls]<UL><LI><a href="#[26d]">&gt;&gt;</a>&nbsp;&nbsp;&nbsp;fiq_exception
</UL>
<BR>[Called By]<UL><LI><a href="#[26d]">&gt;&gt;</a>&nbsp;&nbsp;&nbsp;fiq_exception
</UL>

<P><STRONG><a name="[14b]"></a>vDMC_Init</STRONG> (ARM, 556 bytes, Stack size 0 bytes, dmc.o(init), UNUSED, KEPT)
<BR><BR>[Called By]<UL><LI><a href="#[14a]">&gt;&gt;</a>&nbsp;&nbsp;&nbsp;i32DMC_ExitDeviceMode (via Veneer)
<LI><a href="#[264]">&gt;&gt;</a>&nbsp;&nbsp;&nbsp;vDMC_Cfg
</UL>

<P><STRONG><a name="[26e]"></a>boGetMemDeviceParams</STRONG> (ARM, 532 bytes, Stack size 0 bytes, dmc_cfg.o(init), UNUSED, KEPT)
<BR><BR>[Called By]<UL><LI><a href="#[264]">&gt;&gt;</a>&nbsp;&nbsp;&nbsp;vDMC_Cfg
</UL>

<P><STRONG><a name="[264]"></a>vDMC_Cfg</STRONG> (ARM, 44 bytes, Stack size 80 bytes, dmc_cfg.o(init), UNUSED, KEPT)
<BR><BR>[Stack]<UL><LI>Max Depth = 80<LI>Call Chain = vDMC_Cfg
</UL>
<BR>[Calls]<UL><LI><a href="#[14b]">&gt;&gt;</a>&nbsp;&nbsp;&nbsp;vDMC_Init
<LI><a href="#[26e]">&gt;&gt;</a>&nbsp;&nbsp;&nbsp;boGetMemDeviceParams
</UL>
<BR>[Called By]<UL><LI><a href="#[2b]">&gt;&gt;</a>&nbsp;&nbsp;&nbsp;Reset_Hndlr
</UL>

<P><STRONG><a name="[263]"></a>vASM_Init8WordsInBurst</STRONG> (ARM, 0 bytes, Stack size unknown bytes, cr4_burst_access_keil.o(init), UNUSED, KEPT)
<BR><BR>[Called By]<UL><LI><a href="#[2b]">&gt;&gt;</a>&nbsp;&nbsp;&nbsp;Reset_Hndlr
</UL>

<P><STRONG><a name="[26f]"></a>vASM_Copy8WordsInBurst</STRONG> (ARM, 0 bytes, Stack size unknown bytes, cr4_burst_access_keil.o(init), UNUSED)

<P><STRONG><a name="[270]"></a>vASM_Copy4WordsInBurstMem2FiFo</STRONG> (ARM, 0 bytes, Stack size unknown bytes, cr4_burst_access_keil.o(init), UNUSED)

<P><STRONG><a name="[271]"></a>vASM_Copy4WordsInBurstFiFo2Mem</STRONG> (ARM, 0 bytes, Stack size unknown bytes, cr4_burst_access_keil.o(init), UNUSED)

<P><STRONG><a name="[272]"></a>vASM_Copy8WordsInBurstMem2FiFo</STRONG> (ARM, 0 bytes, Stack size unknown bytes, cr4_burst_access_keil.o(init), UNUSED)

<P><STRONG><a name="[273]"></a>vASM_Copy8WordsInBurstFiFo2Mem</STRONG> (ARM, 0 bytes, Stack size unknown bytes, cr4_burst_access_keil.o(init), UNUSED)

<P><STRONG><a name="[265]"></a>vASM_Copy_all_areas</STRONG> (ARM, 0 bytes, Stack size unknown bytes, rom_copy_keil.o(init), UNUSED, KEPT)
<BR><BR>[Called By]<UL><LI><a href="#[2b]">&gt;&gt;</a>&nbsp;&nbsp;&nbsp;Reset_Hndlr
</UL>

<P><STRONG><a name="[266]"></a>vASM_Init_zi</STRONG> (ARM, 0 bytes, Stack size unknown bytes, rom_copy_keil.o(init), UNUSED, KEPT)
<BR><BR>[Called By]<UL><LI><a href="#[2b]">&gt;&gt;</a>&nbsp;&nbsp;&nbsp;Reset_Hndlr
</UL>

<P><STRONG><a name="[2c]"></a>_printf_d</STRONG> (Thumb, 0 bytes, Stack size unknown bytes, _printf_d.o(.ARM.Collect$$_printf_percent$$00000009))
<BR><BR>[Stack]<UL><LI>Max Depth = 72 + Unknown Stack Size
<LI>Call Chain = _printf_d &rArr; _printf_int_dec &rArr; _printf_int_common &rArr; _printf_post_padding
</UL>
<BR>[Calls]<UL><LI><a href="#[2d]">&gt;&gt;</a>&nbsp;&nbsp;&nbsp;_printf_int_dec
</UL>

<P><STRONG><a name="[206]"></a>_printf_percent</STRONG> (Thumb, 0 bytes, Stack size unknown bytes, _printf_percent.o(.ARM.Collect$$_printf_percent$$00000000))
<BR><BR>[Called By]<UL><LI><a href="#[204]">&gt;&gt;</a>&nbsp;&nbsp;&nbsp;__printf
</UL>

<P><STRONG><a name="[274]"></a>_printf_percent_end</STRONG> (Thumb, 0 bytes, Stack size unknown bytes, _printf_percent_end.o(.ARM.Collect$$_printf_percent$$00000017))

<P><STRONG><a name="[275]"></a>__rt_lib_init_heap_2</STRONG> (Thumb, 0 bytes, Stack size unknown bytes, libinit2.o(.ARM.Collect$$libinit$$0000000A))

<P><STRONG><a name="[276]"></a>__rt_lib_init_stdio_2</STRONG> (Thumb, 0 bytes, Stack size unknown bytes, libinit2.o(.ARM.Collect$$libinit$$00000025))

<P><STRONG><a name="[277]"></a>__rt_lib_shutdown_stdio_2</STRONG> (Thumb, 0 bytes, Stack size unknown bytes, libshutdown2.o(.ARM.Collect$$libshutdown$$00000003))

<P><STRONG><a name="[278]"></a>_maybe_terminate_alloc</STRONG> (Thumb, 0 bytes, Stack size 20 bytes, maybetermalloc1.o(.emb_text), UNUSED)

<P><STRONG><a name="[279]"></a>vGf_Gfunctions_GetVersion</STRONG> (ARM, 80 bytes, Stack size 20 bytes, gfunctions.o(.text), UNUSED)

<P><STRONG><a name="[2e]"></a>vGfBuffDrawTriangle</STRONG> (ARM, 288 bytes, Stack size 56 bytes, gfunctions.o(.text), UNUSED)
<BR><BR>[Calls]<UL><LI><a href="#[2f]">&gt;&gt;</a>&nbsp;&nbsp;&nbsp;vDrw_DrawTriangle
</UL>
<BR>[Called By]<UL><LI><a href="#[dc]">&gt;&gt;</a>&nbsp;&nbsp;&nbsp;vGfLayerDrawTriangle
<LI><a href="#[93]">&gt;&gt;</a>&nbsp;&nbsp;&nbsp;vGfBuffDrawCircle
<LI><a href="#[30]">&gt;&gt;</a>&nbsp;&nbsp;&nbsp;vGfDrawTriangleSort
</UL>

<P><STRONG><a name="[33]"></a>vGfBuffDrawLine</STRONG> (ARM, 236 bytes, Stack size 56 bytes, gfunctions.o(.text), UNUSED)
<BR><BR>[Calls]<UL><LI><a href="#[34]">&gt;&gt;</a>&nbsp;&nbsp;&nbsp;vDrw_DrawLine
</UL>
<BR>[Called By]<UL><LI><a href="#[db]">&gt;&gt;</a>&nbsp;&nbsp;&nbsp;vGfLayerDrawLine
<LI><a href="#[35]">&gt;&gt;</a>&nbsp;&nbsp;&nbsp;vGfDrawCircleWithEndCaps
</UL>

<P><STRONG><a name="[36]"></a>vGfWaitForVSync</STRONG> (ARM, 80 bytes, Stack size 8 bytes, gfunctions.o(.text), UNUSED, KEPT)
<BR><BR>[Stack]<UL><LI>Max Depth = 8<LI>Call Chain = vGfWaitForVSync
</UL>
<BR>[Calls]<UL><LI><a href="#[37]">&gt;&gt;</a>&nbsp;&nbsp;&nbsp;u32GDC_GetStatVSync
</UL>
<BR>[Called By]<UL><LI><a href="#[116]">&gt;&gt;</a>&nbsp;&nbsp;&nbsp;vGfLayerSwitchBufferSync
</UL>

<P><STRONG><a name="[38]"></a>u32GfGetVSyncStatus</STRONG> (ARM, 28 bytes, Stack size 16 bytes, gfunctions.o(.text), UNUSED)
<BR><BR>[Calls]<UL><LI><a href="#[37]">&gt;&gt;</a>&nbsp;&nbsp;&nbsp;u32GDC_GetStatVSync
</UL>

<P><STRONG><a name="[39]"></a>eGfGetGAStatus</STRONG> (ARM, 40 bytes, Stack size 8 bytes, gfunctions.o(.text), UNUSED)
<BR><BR>[Calls]<UL><LI><a href="#[3a]">&gt;&gt;</a>&nbsp;&nbsp;&nbsp;u8GA_GetStatus
</UL>

<P><STRONG><a name="[3b]"></a>vGfWaitForGA</STRONG> (ARM, 28 bytes, Stack size 8 bytes, gfunctions.o(.text))
<BR><BR>[Stack]<UL><LI>Max Depth = 8<LI>Call Chain = vGfWaitForGA
</UL>
<BR>[Calls]<UL><LI><a href="#[3a]">&gt;&gt;</a>&nbsp;&nbsp;&nbsp;u8GA_GetStatus
</UL>
<BR>[Called By]<UL><LI><a href="#[11c]">&gt;&gt;</a>&nbsp;&nbsp;&nbsp;vGfListWaitToComplete
<LI><a href="#[116]">&gt;&gt;</a>&nbsp;&nbsp;&nbsp;vGfLayerSwitchBufferSync
<LI><a href="#[114]">&gt;&gt;</a>&nbsp;&nbsp;&nbsp;vGfLayerSwitchBuffer
<LI><a href="#[74]">&gt;&gt;</a>&nbsp;&nbsp;&nbsp;vGfListExecute
<LI><a href="#[5b]">&gt;&gt;</a>&nbsp;&nbsp;&nbsp;vGfBuffBlendBitmapPart
<LI><a href="#[58]">&gt;&gt;</a>&nbsp;&nbsp;&nbsp;vGfBuffBlendBitmapFull
<LI><a href="#[4e]">&gt;&gt;</a>&nbsp;&nbsp;&nbsp;vGfBuffBlitBitmapPart
<LI><a href="#[4a]">&gt;&gt;</a>&nbsp;&nbsp;&nbsp;vGfBuffBlitBitmapFull
</UL>

<P><STRONG><a name="[3c]"></a>vGfWaitForPNGDecode</STRONG> (ARM, 32 bytes, Stack size 8 bytes, gfunctions.o(.text))
<BR><BR>[Stack]<UL><LI>Max Depth = 8<LI>Call Chain = vGfWaitForPNGDecode
</UL>
<BR>[Calls]<UL><LI><a href="#[3d]">&gt;&gt;</a>&nbsp;&nbsp;&nbsp;ePNG_GetStreamPhaseStatus
</UL>
<BR>[Called By]<UL><LI><a href="#[5b]">&gt;&gt;</a>&nbsp;&nbsp;&nbsp;vGfBuffBlendBitmapPart
<LI><a href="#[58]">&gt;&gt;</a>&nbsp;&nbsp;&nbsp;vGfBuffBlendBitmapFull
<LI><a href="#[4e]">&gt;&gt;</a>&nbsp;&nbsp;&nbsp;vGfBuffBlitBitmapPart
<LI><a href="#[4a]">&gt;&gt;</a>&nbsp;&nbsp;&nbsp;vGfBuffBlitBitmapFull
</UL>

<P><STRONG><a name="[109]"></a>vGfInitMWStateVariable</STRONG> (ARM, 168 bytes, Stack size 0 bytes, gfunctions.o(.text), UNUSED, KEPT)
<BR><BR>[Called By]<UL><LI><a href="#[106]">&gt;&gt;</a>&nbsp;&nbsp;&nbsp;vGfInitGfxMiddleWare
</UL>

<P><STRONG><a name="[27a]"></a>vGfSetNeedleNumber</STRONG> (ARM, 28 bytes, Stack size 0 bytes, gfunctions.o(.text), UNUSED)

<P><STRONG><a name="[3e]"></a>u32GfGetNeedleNumber</STRONG> (ARM, 24 bytes, Stack size 8 bytes, gfunctions.o(.text), UNUSED)
<BR><BR>[Calls]<UL><LI><a href="#[3f]">&gt;&gt;</a>&nbsp;&nbsp;&nbsp;__aeabi_uidiv (via BLX)
</UL>

<P><STRONG><a name="[27b]"></a>vGfSetPaletteStream</STRONG> (ARM, 24 bytes, Stack size 0 bytes, gfunctions.o(.text), UNUSED)

<P><STRONG><a name="[27c]"></a>vGfSetStateRedChanProtect</STRONG> (ARM, 28 bytes, Stack size 0 bytes, gfunctions.o(.text), UNUSED)

<P><STRONG><a name="[27d]"></a>vGfSetStateGreenChanProtect</STRONG> (ARM, 32 bytes, Stack size 0 bytes, gfunctions.o(.text), UNUSED)

<P><STRONG><a name="[27e]"></a>vGfSetStateBlueChanProtect</STRONG> (ARM, 28 bytes, Stack size 0 bytes, gfunctions.o(.text), UNUSED)

<P><STRONG><a name="[27f]"></a>vGfSetStateColorChanProtect</STRONG> (ARM, 36 bytes, Stack size 8 bytes, gfunctions.o(.text), UNUSED)

<P><STRONG><a name="[280]"></a>stGfGetStateColorChanProtect</STRONG> (ARM, 60 bytes, Stack size 8 bytes, gfunctions.o(.text), UNUSED)

<P><STRONG><a name="[281]"></a>vGfSetStateAlphaChanProtect</STRONG> (ARM, 12 bytes, Stack size 0 bytes, gfunctions.o(.text), UNUSED)

<P><STRONG><a name="[282]"></a>eGfGetStateAlphaChanProtect</STRONG> (ARM, 12 bytes, Stack size 0 bytes, gfunctions.o(.text), UNUSED)

<P><STRONG><a name="[283]"></a>eGfSetStateRedChanFading</STRONG> (ARM, 12 bytes, Stack size 0 bytes, gfunctions.o(.text), UNUSED)

<P><STRONG><a name="[284]"></a>eGfGetStateRedChanFading</STRONG> (ARM, 12 bytes, Stack size 0 bytes, gfunctions.o(.text), UNUSED)

<P><STRONG><a name="[285]"></a>eGfSetStateGreenChanFading</STRONG> (ARM, 12 bytes, Stack size 0 bytes, gfunctions.o(.text), UNUSED)

<P><STRONG><a name="[286]"></a>eGfGetStateGreenChanFading</STRONG> (ARM, 12 bytes, Stack size 0 bytes, gfunctions.o(.text), UNUSED)

<P><STRONG><a name="[287]"></a>eGfSetStateBlueChanFading</STRONG> (ARM, 12 bytes, Stack size 0 bytes, gfunctions.o(.text), UNUSED)

<P><STRONG><a name="[288]"></a>eGfGetStateBlueChanFading</STRONG> (ARM, 12 bytes, Stack size 0 bytes, gfunctions.o(.text), UNUSED)

<P><STRONG><a name="[289]"></a>eGfSetStateAlphaChanFading</STRONG> (ARM, 12 bytes, Stack size 0 bytes, gfunctions.o(.text), UNUSED)

<P><STRONG><a name="[28a]"></a>eGfGetStateAlphaChanFading</STRONG> (ARM, 12 bytes, Stack size 0 bytes, gfunctions.o(.text), UNUSED)

<P><STRONG><a name="[28b]"></a>vGfSetStateFilter</STRONG> (ARM, 12 bytes, Stack size 0 bytes, gfunctions.o(.text), UNUSED)

<P><STRONG><a name="[28c]"></a>eGfGetStateFilter</STRONG> (ARM, 12 bytes, Stack size 0 bytes, gfunctions.o(.text), UNUSED)

<P><STRONG><a name="[28d]"></a>vGfSetStateBlendOrder</STRONG> (ARM, 12 bytes, Stack size 0 bytes, gfunctions.o(.text), UNUSED)

<P><STRONG><a name="[28e]"></a>eGfGetStateBlendOrder</STRONG> (ARM, 12 bytes, Stack size 0 bytes, gfunctions.o(.text), UNUSED)

<P><STRONG><a name="[28f]"></a>vGfSetStateFadeMode</STRONG> (ARM, 12 bytes, Stack size 0 bytes, gfunctions.o(.text), UNUSED)

<P><STRONG><a name="[290]"></a>eGfGetStateFadeMode</STRONG> (ARM, 12 bytes, Stack size 0 bytes, gfunctions.o(.text), UNUSED)

<P><STRONG><a name="[291]"></a>vGfSetStateFadingFactor</STRONG> (ARM, 12 bytes, Stack size 0 bytes, gfunctions.o(.text), UNUSED)

<P><STRONG><a name="[292]"></a>u8GfGetStateFadingFactor</STRONG> (ARM, 12 bytes, Stack size 0 bytes, gfunctions.o(.text), UNUSED)

<P><STRONG><a name="[293]"></a>vGfSetStateTransparentColor</STRONG> (ARM, 12 bytes, Stack size 0 bytes, gfunctions.o(.text), UNUSED)

<P><STRONG><a name="[294]"></a>eGfGetStateTransparentColor</STRONG> (ARM, 12 bytes, Stack size 0 bytes, gfunctions.o(.text), UNUSED)

<P><STRONG><a name="[295]"></a>vGfSetStateTransparencyValues</STRONG> (ARM, 28 bytes, Stack size 12 bytes, gfunctions.o(.text), UNUSED)

<P><STRONG><a name="[296]"></a>stGfGetStateTransparencyValues</STRONG> (ARM, 40 bytes, Stack size 12 bytes, gfunctions.o(.text), UNUSED)

<P><STRONG><a name="[297]"></a>vGfSetStateAlphaValues</STRONG> (ARM, 28 bytes, Stack size 8 bytes, gfunctions.o(.text), UNUSED)

<P><STRONG><a name="[298]"></a>stGfGetStateAlphaValues</STRONG> (ARM, 40 bytes, Stack size 8 bytes, gfunctions.o(.text), UNUSED)

<P><STRONG><a name="[299]"></a>vGfSetStateTransformationMode</STRONG> (ARM, 12 bytes, Stack size 0 bytes, gfunctions.o(.text), UNUSED)

<P><STRONG><a name="[29a]"></a>eGfGetStateTransformationMode</STRONG> (ARM, 12 bytes, Stack size 0 bytes, gfunctions.o(.text), UNUSED)

<P><STRONG><a name="[29b]"></a>vGfSetStateTransformationPredefinedColor</STRONG> (ARM, 12 bytes, Stack size 0 bytes, gfunctions.o(.text), UNUSED)

<P><STRONG><a name="[29c]"></a>eGfGetStateTransformationPredefinedColor</STRONG> (ARM, 12 bytes, Stack size 0 bytes, gfunctions.o(.text), UNUSED)

<P><STRONG><a name="[29d]"></a>vGfSetStateRasterOperationModeEnable</STRONG> (ARM, 12 bytes, Stack size 0 bytes, gfunctions.o(.text), UNUSED)

<P><STRONG><a name="[29e]"></a>eGfGetStateRasterOperationModeEnable</STRONG> (ARM, 12 bytes, Stack size 0 bytes, gfunctions.o(.text), UNUSED)

<P><STRONG><a name="[29f]"></a>vGfSetStateRasterOperationMode</STRONG> (ARM, 12 bytes, Stack size 0 bytes, gfunctions.o(.text), UNUSED)

<P><STRONG><a name="[2a0]"></a>eGfGetStateRasterOperationMode</STRONG> (ARM, 12 bytes, Stack size 0 bytes, gfunctions.o(.text), UNUSED)

<P><STRONG><a name="[2a1]"></a>vGfSetStateRasterOperationValue</STRONG> (ARM, 12 bytes, Stack size 0 bytes, gfunctions.o(.text), UNUSED)

<P><STRONG><a name="[2a2]"></a>eGfGetStateRasterOperationValue</STRONG> (ARM, 12 bytes, Stack size 0 bytes, gfunctions.o(.text), UNUSED)

<P><STRONG><a name="[2a3]"></a>vGfSetStateClipWindow</STRONG> (ARM, 12 bytes, Stack size 0 bytes, gfunctions.o(.text), UNUSED)

<P><STRONG><a name="[2a4]"></a>eGfGetStateClipWindow</STRONG> (ARM, 12 bytes, Stack size 0 bytes, gfunctions.o(.text), UNUSED)

<P><STRONG><a name="[2a5]"></a>vGfSetStateClipWindowCoordinates</STRONG> (ARM, 28 bytes, Stack size 8 bytes, gfunctions.o(.text), UNUSED)

<P><STRONG><a name="[96]"></a>vGfSetSubRes</STRONG> (ARM, 124 bytes, Stack size 0 bytes, gfunctions.o(.text), UNUSED)
<BR><BR>[Called By]<UL><LI><a href="#[93]">&gt;&gt;</a>&nbsp;&nbsp;&nbsp;vGfBuffDrawCircle
</UL>

<P><STRONG><a name="[2a6]"></a>f32GfGetSubRes_Position</STRONG> (ARM, 12 bytes, Stack size 0 bytes, gfunctions.o(.text), UNUSED)

<P><STRONG><a name="[94]"></a>u32GfGetSubRes_Position</STRONG> (ARM, 12 bytes, Stack size 0 bytes, gfunctions.o(.text), UNUSED)
<BR><BR>[Called By]<UL><LI><a href="#[93]">&gt;&gt;</a>&nbsp;&nbsp;&nbsp;vGfBuffDrawCircle
</UL>

<P><STRONG><a name="[2a7]"></a>f32GfGetSubRes_CenterPosition</STRONG> (ARM, 12 bytes, Stack size 0 bytes, gfunctions.o(.text), UNUSED)

<P><STRONG><a name="[95]"></a>u32GfGetSubRes_CenterPosition</STRONG> (ARM, 12 bytes, Stack size 0 bytes, gfunctions.o(.text), UNUSED)
<BR><BR>[Called By]<UL><LI><a href="#[93]">&gt;&gt;</a>&nbsp;&nbsp;&nbsp;vGfBuffDrawCircle
</UL>

<P><STRONG><a name="[42]"></a>vGfBuffFillArea</STRONG> (ARM, 272 bytes, Stack size 56 bytes, gfunctions.o(.text))
<BR><BR>[Stack]<UL><LI>Max Depth = 172<LI>Call Chain = vGfBuffFillArea &rArr; eHandleClipWindowBlit &rArr; vBlit_SetClippWnd
</UL>
<BR>[Calls]<UL><LI><a href="#[43]">&gt;&gt;</a>&nbsp;&nbsp;&nbsp;vBlit_OverwriteFillRGB
<LI><a href="#[40]">&gt;&gt;</a>&nbsp;&nbsp;&nbsp;eHandleClipWindowBlit
</UL>
<BR>[Called By]<UL><LI><a href="#[b7]">&gt;&gt;</a>&nbsp;&nbsp;&nbsp;vGfLayerFillArea
<LI><a href="#[1a7]">&gt;&gt;</a>&nbsp;&nbsp;&nbsp;vInitSytem
</UL>

<P><STRONG><a name="[44]"></a>vGfBuffBlitBitmapRLE16</STRONG> (ARM, 328 bytes, Stack size 72 bytes, gfunctions.o(.text), UNUSED)
<BR><BR>[Calls]<UL><LI><a href="#[45]">&gt;&gt;</a>&nbsp;&nbsp;&nbsp;vBlit_OverwriteRLEI_RGB
<LI><a href="#[40]">&gt;&gt;</a>&nbsp;&nbsp;&nbsp;eHandleClipWindowBlit
</UL>
<BR>[Called By]<UL><LI><a href="#[bc]">&gt;&gt;</a>&nbsp;&nbsp;&nbsp;vGfLayerBlitBitmapRLE16
<LI><a href="#[4d]">&gt;&gt;</a>&nbsp;&nbsp;&nbsp;u32GfBuffBlitBitmapFull
</UL>

<P><STRONG><a name="[46]"></a>vGfBuffBlitBitmapRLE24</STRONG> (ARM, 328 bytes, Stack size 72 bytes, gfunctions.o(.text), UNUSED)
<BR><BR>[Calls]<UL><LI><a href="#[45]">&gt;&gt;</a>&nbsp;&nbsp;&nbsp;vBlit_OverwriteRLEI_RGB
<LI><a href="#[40]">&gt;&gt;</a>&nbsp;&nbsp;&nbsp;eHandleClipWindowBlit
</UL>
<BR>[Called By]<UL><LI><a href="#[bd]">&gt;&gt;</a>&nbsp;&nbsp;&nbsp;vGfLayerBlitBitmapRLE24
<LI><a href="#[4d]">&gt;&gt;</a>&nbsp;&nbsp;&nbsp;u32GfBuffBlitBitmapFull
</UL>

<P><STRONG><a name="[47]"></a>vGfBuffBlitBitmapRLE24A</STRONG> (ARM, 292 bytes, Stack size 64 bytes, gfunctions.o(.text), UNUSED)
<BR><BR>[Calls]<UL><LI><a href="#[48]">&gt;&gt;</a>&nbsp;&nbsp;&nbsp;vBlit_OverwriteRLEI_RGBA
<LI><a href="#[40]">&gt;&gt;</a>&nbsp;&nbsp;&nbsp;eHandleClipWindowBlit
</UL>
<BR>[Called By]<UL><LI><a href="#[be]">&gt;&gt;</a>&nbsp;&nbsp;&nbsp;vGfLayerBlitBitmapRLE24A
<LI><a href="#[4d]">&gt;&gt;</a>&nbsp;&nbsp;&nbsp;u32GfBuffBlitBitmapFull
</UL>

<P><STRONG><a name="[49]"></a>vGfBuffBlitBitmapRLE32</STRONG> (ARM, 292 bytes, Stack size 64 bytes, gfunctions.o(.text), UNUSED)
<BR><BR>[Calls]<UL><LI><a href="#[48]">&gt;&gt;</a>&nbsp;&nbsp;&nbsp;vBlit_OverwriteRLEI_RGBA
<LI><a href="#[40]">&gt;&gt;</a>&nbsp;&nbsp;&nbsp;eHandleClipWindowBlit
</UL>
<BR>[Called By]<UL><LI><a href="#[bf]">&gt;&gt;</a>&nbsp;&nbsp;&nbsp;vGfLayerBlitBitmapRLE32
<LI><a href="#[4d]">&gt;&gt;</a>&nbsp;&nbsp;&nbsp;u32GfBuffBlitBitmapFull
</UL>

<P><STRONG><a name="[4a]"></a>vGfBuffBlitBitmapFull</STRONG> (ARM, 708 bytes, Stack size 72 bytes, gfunctions.o(.text), UNUSED, KEPT)
<BR><BR>[Stack]<UL><LI>Max Depth = 188<LI>Call Chain = vGfBuffBlitBitmapFull &rArr; eHandleClipWindowBlit &rArr; vBlit_SetClippWnd
</UL>
<BR>[Calls]<UL><LI><a href="#[4c]">&gt;&gt;</a>&nbsp;&nbsp;&nbsp;vBlit_OverwriteRGB
<LI><a href="#[4b]">&gt;&gt;</a>&nbsp;&nbsp;&nbsp;i32PNG_SetUpStream
<LI><a href="#[3c]">&gt;&gt;</a>&nbsp;&nbsp;&nbsp;vGfWaitForPNGDecode
<LI><a href="#[3b]">&gt;&gt;</a>&nbsp;&nbsp;&nbsp;vGfWaitForGA
<LI><a href="#[40]">&gt;&gt;</a>&nbsp;&nbsp;&nbsp;eHandleClipWindowBlit
</UL>
<BR>[Called By]<UL><LI><a href="#[b9]">&gt;&gt;</a>&nbsp;&nbsp;&nbsp;vGfLayerBlitBitmapFull
<LI><a href="#[4d]">&gt;&gt;</a>&nbsp;&nbsp;&nbsp;u32GfBuffBlitBitmapFull
<LI><a href="#[197]">&gt;&gt;</a>&nbsp;&nbsp;&nbsp;vGfCopyImagesROMtoRAM
</UL>

<P><STRONG><a name="[4d]"></a>u32GfBuffBlitBitmapFull</STRONG> (ARM, 368 bytes, Stack size 24 bytes, gfunctions.o(.text), UNUSED)
<BR><BR>[Calls]<UL><LI><a href="#[4a]">&gt;&gt;</a>&nbsp;&nbsp;&nbsp;vGfBuffBlitBitmapFull
<LI><a href="#[49]">&gt;&gt;</a>&nbsp;&nbsp;&nbsp;vGfBuffBlitBitmapRLE32
<LI><a href="#[47]">&gt;&gt;</a>&nbsp;&nbsp;&nbsp;vGfBuffBlitBitmapRLE24A
<LI><a href="#[46]">&gt;&gt;</a>&nbsp;&nbsp;&nbsp;vGfBuffBlitBitmapRLE24
<LI><a href="#[44]">&gt;&gt;</a>&nbsp;&nbsp;&nbsp;vGfBuffBlitBitmapRLE16
</UL>
<BR>[Called By]<UL><LI><a href="#[b8]">&gt;&gt;</a>&nbsp;&nbsp;&nbsp;u32GfLayerBlitBitmapFull
</UL>

<P><STRONG><a name="[4e]"></a>vGfBuffBlitBitmapPart</STRONG> (ARM, 836 bytes, Stack size 72 bytes, gfunctions.o(.text), UNUSED)
<BR><BR>[Calls]<UL><LI><a href="#[4c]">&gt;&gt;</a>&nbsp;&nbsp;&nbsp;vBlit_OverwriteRGB
<LI><a href="#[4b]">&gt;&gt;</a>&nbsp;&nbsp;&nbsp;i32PNG_SetUpStream
<LI><a href="#[3c]">&gt;&gt;</a>&nbsp;&nbsp;&nbsp;vGfWaitForPNGDecode
<LI><a href="#[3b]">&gt;&gt;</a>&nbsp;&nbsp;&nbsp;vGfWaitForGA
<LI><a href="#[40]">&gt;&gt;</a>&nbsp;&nbsp;&nbsp;eHandleClipWindowBlit
</UL>
<BR>[Called By]<UL><LI><a href="#[ba]">&gt;&gt;</a>&nbsp;&nbsp;&nbsp;vGfLayerBlitBitmapPart
<LI><a href="#[4f]">&gt;&gt;</a>&nbsp;&nbsp;&nbsp;u32GfBuffBlitBitmapPart
</UL>

<P><STRONG><a name="[4f]"></a>u32GfBuffBlitBitmapPart</STRONG> (ARM, 204 bytes, Stack size 32 bytes, gfunctions.o(.text), UNUSED)
<BR><BR>[Calls]<UL><LI><a href="#[4e]">&gt;&gt;</a>&nbsp;&nbsp;&nbsp;vGfBuffBlitBitmapPart
</UL>
<BR>[Called By]<UL><LI><a href="#[bb]">&gt;&gt;</a>&nbsp;&nbsp;&nbsp;u32GfLayerBlitBitmapPart
</UL>

<P><STRONG><a name="[50]"></a>vGfBuffBlendFillArea</STRONG> (ARM, 568 bytes, Stack size 80 bytes, gfunctions.o(.text), UNUSED)
<BR><BR>[Calls]<UL><LI><a href="#[52]">&gt;&gt;</a>&nbsp;&nbsp;&nbsp;vBlit_BlendFillRGBA
<LI><a href="#[51]">&gt;&gt;</a>&nbsp;&nbsp;&nbsp;vBlit_BlendFillRGB
<LI><a href="#[40]">&gt;&gt;</a>&nbsp;&nbsp;&nbsp;eHandleClipWindowBlit
</UL>
<BR>[Called By]<UL><LI><a href="#[c0]">&gt;&gt;</a>&nbsp;&nbsp;&nbsp;vGfLayerBlendFillArea
</UL>

<P><STRONG><a name="[53]"></a>vGfBuffBlendBitmapRLE16</STRONG> (ARM, 424 bytes, Stack size 80 bytes, gfunctions.o(.text))
<BR><BR>[Stack]<UL><LI>Max Depth = 196<LI>Call Chain = vGfBuffBlendBitmapRLE16 &rArr; eHandleClipWindowBlit &rArr; vBlit_SetClippWnd
</UL>
<BR>[Calls]<UL><LI><a href="#[54]">&gt;&gt;</a>&nbsp;&nbsp;&nbsp;vBlit_BlendRLEI
<LI><a href="#[40]">&gt;&gt;</a>&nbsp;&nbsp;&nbsp;eHandleClipWindowBlit
</UL>
<BR>[Called By]<UL><LI><a href="#[c5]">&gt;&gt;</a>&nbsp;&nbsp;&nbsp;vGfLayerBlendBitmapRLE16
<LI><a href="#[5a]">&gt;&gt;</a>&nbsp;&nbsp;&nbsp;u32GfBuffBlendBitmapFull
</UL>

<P><STRONG><a name="[55]"></a>vGfBuffBlendBitmapRLE24</STRONG> (ARM, 424 bytes, Stack size 80 bytes, gfunctions.o(.text))
<BR><BR>[Stack]<UL><LI>Max Depth = 196<LI>Call Chain = vGfBuffBlendBitmapRLE24 &rArr; eHandleClipWindowBlit &rArr; vBlit_SetClippWnd
</UL>
<BR>[Calls]<UL><LI><a href="#[54]">&gt;&gt;</a>&nbsp;&nbsp;&nbsp;vBlit_BlendRLEI
<LI><a href="#[40]">&gt;&gt;</a>&nbsp;&nbsp;&nbsp;eHandleClipWindowBlit
</UL>
<BR>[Called By]<UL><LI><a href="#[c6]">&gt;&gt;</a>&nbsp;&nbsp;&nbsp;vGfLayerBlendBitmapRLE24
<LI><a href="#[5a]">&gt;&gt;</a>&nbsp;&nbsp;&nbsp;u32GfBuffBlendBitmapFull
</UL>

<P><STRONG><a name="[56]"></a>vGfBuffBlendBitmapRLE24A</STRONG> (ARM, 444 bytes, Stack size 80 bytes, gfunctions.o(.text))
<BR><BR>[Stack]<UL><LI>Max Depth = 196<LI>Call Chain = vGfBuffBlendBitmapRLE24A &rArr; eHandleClipWindowBlit &rArr; vBlit_SetClippWnd
</UL>
<BR>[Calls]<UL><LI><a href="#[54]">&gt;&gt;</a>&nbsp;&nbsp;&nbsp;vBlit_BlendRLEI
<LI><a href="#[40]">&gt;&gt;</a>&nbsp;&nbsp;&nbsp;eHandleClipWindowBlit
</UL>
<BR>[Called By]<UL><LI><a href="#[c7]">&gt;&gt;</a>&nbsp;&nbsp;&nbsp;vGfLayerBlendBitmapRLE24A
<LI><a href="#[5a]">&gt;&gt;</a>&nbsp;&nbsp;&nbsp;u32GfBuffBlendBitmapFull
</UL>

<P><STRONG><a name="[57]"></a>vGfBuffBlendBitmapRLE32</STRONG> (ARM, 424 bytes, Stack size 80 bytes, gfunctions.o(.text))
<BR><BR>[Stack]<UL><LI>Max Depth = 196<LI>Call Chain = vGfBuffBlendBitmapRLE32 &rArr; eHandleClipWindowBlit &rArr; vBlit_SetClippWnd
</UL>
<BR>[Calls]<UL><LI><a href="#[54]">&gt;&gt;</a>&nbsp;&nbsp;&nbsp;vBlit_BlendRLEI
<LI><a href="#[40]">&gt;&gt;</a>&nbsp;&nbsp;&nbsp;eHandleClipWindowBlit
</UL>
<BR>[Called By]<UL><LI><a href="#[c8]">&gt;&gt;</a>&nbsp;&nbsp;&nbsp;vGfLayerBlendBitmapRLE32
<LI><a href="#[5a]">&gt;&gt;</a>&nbsp;&nbsp;&nbsp;u32GfBuffBlendBitmapFull
</UL>

<P><STRONG><a name="[58]"></a>vGfBuffBlendBitmapFull</STRONG> (ARM, 804 bytes, Stack size 80 bytes, gfunctions.o(.text))
<BR><BR>[Stack]<UL><LI>Max Depth = 196<LI>Call Chain = vGfBuffBlendBitmapFull &rArr; eHandleClipWindowBlit &rArr; vBlit_SetClippWnd
</UL>
<BR>[Calls]<UL><LI><a href="#[4b]">&gt;&gt;</a>&nbsp;&nbsp;&nbsp;i32PNG_SetUpStream
<LI><a href="#[59]">&gt;&gt;</a>&nbsp;&nbsp;&nbsp;i32Blit_BlendRGB
<LI><a href="#[3c]">&gt;&gt;</a>&nbsp;&nbsp;&nbsp;vGfWaitForPNGDecode
<LI><a href="#[3b]">&gt;&gt;</a>&nbsp;&nbsp;&nbsp;vGfWaitForGA
<LI><a href="#[40]">&gt;&gt;</a>&nbsp;&nbsp;&nbsp;eHandleClipWindowBlit
</UL>
<BR>[Called By]<UL><LI><a href="#[c2]">&gt;&gt;</a>&nbsp;&nbsp;&nbsp;vGfLayerBlendBitmapFull
<LI><a href="#[5a]">&gt;&gt;</a>&nbsp;&nbsp;&nbsp;u32GfBuffBlendBitmapFull
</UL>

<P><STRONG><a name="[5a]"></a>u32GfBuffBlendBitmapFull</STRONG> (ARM, 368 bytes, Stack size 24 bytes, gfunctions.o(.text))
<BR><BR>[Stack]<UL><LI>Max Depth = 220<LI>Call Chain = u32GfBuffBlendBitmapFull &rArr; vGfBuffBlendBitmapFull &rArr; eHandleClipWindowBlit &rArr; vBlit_SetClippWnd
</UL>
<BR>[Calls]<UL><LI><a href="#[58]">&gt;&gt;</a>&nbsp;&nbsp;&nbsp;vGfBuffBlendBitmapFull
<LI><a href="#[57]">&gt;&gt;</a>&nbsp;&nbsp;&nbsp;vGfBuffBlendBitmapRLE32
<LI><a href="#[56]">&gt;&gt;</a>&nbsp;&nbsp;&nbsp;vGfBuffBlendBitmapRLE24A
<LI><a href="#[55]">&gt;&gt;</a>&nbsp;&nbsp;&nbsp;vGfBuffBlendBitmapRLE24
<LI><a href="#[53]">&gt;&gt;</a>&nbsp;&nbsp;&nbsp;vGfBuffBlendBitmapRLE16
</UL>
<BR>[Called By]<UL><LI><a href="#[c1]">&gt;&gt;</a>&nbsp;&nbsp;&nbsp;u32GfLayerBlendBitmapFull
</UL>

<P><STRONG><a name="[5b]"></a>vGfBuffBlendBitmapPart</STRONG> (ARM, 932 bytes, Stack size 80 bytes, gfunctions.o(.text), UNUSED)
<BR><BR>[Calls]<UL><LI><a href="#[4b]">&gt;&gt;</a>&nbsp;&nbsp;&nbsp;i32PNG_SetUpStream
<LI><a href="#[59]">&gt;&gt;</a>&nbsp;&nbsp;&nbsp;i32Blit_BlendRGB
<LI><a href="#[3c]">&gt;&gt;</a>&nbsp;&nbsp;&nbsp;vGfWaitForPNGDecode
<LI><a href="#[3b]">&gt;&gt;</a>&nbsp;&nbsp;&nbsp;vGfWaitForGA
<LI><a href="#[40]">&gt;&gt;</a>&nbsp;&nbsp;&nbsp;eHandleClipWindowBlit
</UL>
<BR>[Called By]<UL><LI><a href="#[c4]">&gt;&gt;</a>&nbsp;&nbsp;&nbsp;vGfLayerBlendBitmapPart
<LI><a href="#[5c]">&gt;&gt;</a>&nbsp;&nbsp;&nbsp;u32GfBuffBlendBitmapPart
</UL>

<P><STRONG><a name="[5c]"></a>u32GfBuffBlendBitmapPart</STRONG> (ARM, 204 bytes, Stack size 32 bytes, gfunctions.o(.text), UNUSED)
<BR><BR>[Calls]<UL><LI><a href="#[5b]">&gt;&gt;</a>&nbsp;&nbsp;&nbsp;vGfBuffBlendBitmapPart
</UL>
<BR>[Called By]<UL><LI><a href="#[c3]">&gt;&gt;</a>&nbsp;&nbsp;&nbsp;u32GfLayerBlendBitmapPart
</UL>

<P><STRONG><a name="[68]"></a>vGfBuffRotateBitmapFull</STRONG> (ARM, 524 bytes, Stack size 88 bytes, gfunctions.o(.text), UNUSED)
<BR><BR>[Calls]<UL><LI><a href="#[6e]">&gt;&gt;</a>&nbsp;&nbsp;&nbsp;vRotLib_Rotate
<LI><a href="#[5d]">&gt;&gt;</a>&nbsp;&nbsp;&nbsp;f32CheckAngle
<LI><a href="#[6b]">&gt;&gt;</a>&nbsp;&nbsp;&nbsp;__aeabi_fmul (via BLX)
<LI><a href="#[69]">&gt;&gt;</a>&nbsp;&nbsp;&nbsp;__aeabi_ui2f (via BLX)
<LI><a href="#[6a]">&gt;&gt;</a>&nbsp;&nbsp;&nbsp;__aeabi_i2f (via BLX)
<LI><a href="#[6d]">&gt;&gt;</a>&nbsp;&nbsp;&nbsp;__aeabi_f2iz (via BLX)
<LI><a href="#[6c]">&gt;&gt;</a>&nbsp;&nbsp;&nbsp;__aeabi_fdiv (via BLX)
<LI><a href="#[5e]">&gt;&gt;</a>&nbsp;&nbsp;&nbsp;__aeabi_f2d (via BLX)
</UL>
<BR>[Called By]<UL><LI><a href="#[c9]">&gt;&gt;</a>&nbsp;&nbsp;&nbsp;vGfLayerRotateBitmapFull
</UL>

<P><STRONG><a name="[6f]"></a>vGfBuffRotateBitmapPart</STRONG> (ARM, 624 bytes, Stack size 96 bytes, gfunctions.o(.text), UNUSED)
<BR><BR>[Calls]<UL><LI><a href="#[70]">&gt;&gt;</a>&nbsp;&nbsp;&nbsp;vRotLib_Rotate_Part
<LI><a href="#[5d]">&gt;&gt;</a>&nbsp;&nbsp;&nbsp;f32CheckAngle
<LI><a href="#[6b]">&gt;&gt;</a>&nbsp;&nbsp;&nbsp;__aeabi_fmul (via BLX)
<LI><a href="#[69]">&gt;&gt;</a>&nbsp;&nbsp;&nbsp;__aeabi_ui2f (via BLX)
<LI><a href="#[6a]">&gt;&gt;</a>&nbsp;&nbsp;&nbsp;__aeabi_i2f (via BLX)
<LI><a href="#[6d]">&gt;&gt;</a>&nbsp;&nbsp;&nbsp;__aeabi_f2iz (via BLX)
<LI><a href="#[6c]">&gt;&gt;</a>&nbsp;&nbsp;&nbsp;__aeabi_fdiv (via BLX)
<LI><a href="#[5e]">&gt;&gt;</a>&nbsp;&nbsp;&nbsp;__aeabi_f2d (via BLX)
</UL>
<BR>[Called By]<UL><LI><a href="#[ca]">&gt;&gt;</a>&nbsp;&nbsp;&nbsp;vGfLayerRotateBitmapPart
</UL>

<P><STRONG><a name="[71]"></a>vGfBuffRotateBitmapOptimized</STRONG> (ARM, 1704 bytes, Stack size 136 bytes, gfunctions.o(.text), UNUSED)
<BR><BR>[Calls]<UL><LI><a href="#[70]">&gt;&gt;</a>&nbsp;&nbsp;&nbsp;vRotLib_Rotate_Part
<LI><a href="#[74]">&gt;&gt;</a>&nbsp;&nbsp;&nbsp;vGfListExecute
<LI><a href="#[5d]">&gt;&gt;</a>&nbsp;&nbsp;&nbsp;f32CheckAngle
<LI><a href="#[73]">&gt;&gt;</a>&nbsp;&nbsp;&nbsp;__aeabi_uidivmod (via BLX)
<LI><a href="#[3f]">&gt;&gt;</a>&nbsp;&nbsp;&nbsp;__aeabi_uidiv (via BLX)
<LI><a href="#[6b]">&gt;&gt;</a>&nbsp;&nbsp;&nbsp;__aeabi_fmul (via BLX)
<LI><a href="#[69]">&gt;&gt;</a>&nbsp;&nbsp;&nbsp;__aeabi_ui2f (via BLX)
<LI><a href="#[6a]">&gt;&gt;</a>&nbsp;&nbsp;&nbsp;__aeabi_i2f (via BLX)
<LI><a href="#[72]">&gt;&gt;</a>&nbsp;&nbsp;&nbsp;__aeabi_f2uiz (via BLX)
<LI><a href="#[6c]">&gt;&gt;</a>&nbsp;&nbsp;&nbsp;__aeabi_fdiv (via BLX)
<LI><a href="#[5e]">&gt;&gt;</a>&nbsp;&nbsp;&nbsp;__aeabi_f2d (via BLX)
</UL>
<BR>[Called By]<UL><LI><a href="#[cb]">&gt;&gt;</a>&nbsp;&nbsp;&nbsp;vGfLayerRotateBitmapOptimized
</UL>

<P><STRONG><a name="[75]"></a>vGfBuffRotateBlendBitmapFull</STRONG> (ARM, 644 bytes, Stack size 96 bytes, gfunctions.o(.text))
<BR><BR>[Stack]<UL><LI>Max Depth = 536<LI>Call Chain = vGfBuffRotateBlendBitmapFull &rArr; vRotLib_RotateBlend &rArr; vRotLib_CalculateForwardRotatedCornerCoordinates_RotateFull &rArr; sin &rArr; __ieee754_rem_pio2 &rArr; __aeabi_dmul
</UL>
<BR>[Calls]<UL><LI><a href="#[76]">&gt;&gt;</a>&nbsp;&nbsp;&nbsp;vRotLib_RotateBlend
<LI><a href="#[5d]">&gt;&gt;</a>&nbsp;&nbsp;&nbsp;f32CheckAngle
<LI><a href="#[6b]">&gt;&gt;</a>&nbsp;&nbsp;&nbsp;__aeabi_fmul (via BLX)
<LI><a href="#[69]">&gt;&gt;</a>&nbsp;&nbsp;&nbsp;__aeabi_ui2f (via BLX)
<LI><a href="#[6a]">&gt;&gt;</a>&nbsp;&nbsp;&nbsp;__aeabi_i2f (via BLX)
<LI><a href="#[6d]">&gt;&gt;</a>&nbsp;&nbsp;&nbsp;__aeabi_f2iz (via BLX)
<LI><a href="#[6c]">&gt;&gt;</a>&nbsp;&nbsp;&nbsp;__aeabi_fdiv (via BLX)
<LI><a href="#[5e]">&gt;&gt;</a>&nbsp;&nbsp;&nbsp;__aeabi_f2d (via BLX)
</UL>
<BR>[Called By]<UL><LI><a href="#[cc]">&gt;&gt;</a>&nbsp;&nbsp;&nbsp;vGfLayerRotateBlendBitmapFull
</UL>

<P><STRONG><a name="[77]"></a>vGfBuffRotateBlendBitmapPart</STRONG> (ARM, 716 bytes, Stack size 104 bytes, gfunctions.o(.text), UNUSED)
<BR><BR>[Calls]<UL><LI><a href="#[78]">&gt;&gt;</a>&nbsp;&nbsp;&nbsp;vRotLib_RotateBlend_Part
<LI><a href="#[5d]">&gt;&gt;</a>&nbsp;&nbsp;&nbsp;f32CheckAngle
<LI><a href="#[6b]">&gt;&gt;</a>&nbsp;&nbsp;&nbsp;__aeabi_fmul (via BLX)
<LI><a href="#[69]">&gt;&gt;</a>&nbsp;&nbsp;&nbsp;__aeabi_ui2f (via BLX)
<LI><a href="#[6a]">&gt;&gt;</a>&nbsp;&nbsp;&nbsp;__aeabi_i2f (via BLX)
<LI><a href="#[6d]">&gt;&gt;</a>&nbsp;&nbsp;&nbsp;__aeabi_f2iz (via BLX)
<LI><a href="#[6c]">&gt;&gt;</a>&nbsp;&nbsp;&nbsp;__aeabi_fdiv (via BLX)
<LI><a href="#[5e]">&gt;&gt;</a>&nbsp;&nbsp;&nbsp;__aeabi_f2d (via BLX)
</UL>
<BR>[Called By]<UL><LI><a href="#[cd]">&gt;&gt;</a>&nbsp;&nbsp;&nbsp;vGfLayerRotateBlendBitmapPart
</UL>

<P><STRONG><a name="[79]"></a>vGfBuffRotateNeedleFill</STRONG> (ARM, 3656 bytes, Stack size 144 bytes, gfunctions.o(.text), UNUSED)
<BR><BR>[Calls]<UL><LI><a href="#[6e]">&gt;&gt;</a>&nbsp;&nbsp;&nbsp;vRotLib_Rotate
<LI><a href="#[74]">&gt;&gt;</a>&nbsp;&nbsp;&nbsp;vGfListExecute
<LI><a href="#[43]">&gt;&gt;</a>&nbsp;&nbsp;&nbsp;vBlit_OverwriteFillRGB
<LI><a href="#[5d]">&gt;&gt;</a>&nbsp;&nbsp;&nbsp;f32CheckAngle
<LI><a href="#[40]">&gt;&gt;</a>&nbsp;&nbsp;&nbsp;eHandleClipWindowBlit
<LI><a href="#[7d]">&gt;&gt;</a>&nbsp;&nbsp;&nbsp;u32GfGetMaxYCoordinate
<LI><a href="#[7c]">&gt;&gt;</a>&nbsp;&nbsp;&nbsp;u32GfGetMaxXCoordinate
<LI><a href="#[7b]">&gt;&gt;</a>&nbsp;&nbsp;&nbsp;u32GfGetMinYCoordinate
<LI><a href="#[7a]">&gt;&gt;</a>&nbsp;&nbsp;&nbsp;u32GfGetMinXCoordinate
<LI><a href="#[3f]">&gt;&gt;</a>&nbsp;&nbsp;&nbsp;__aeabi_uidiv (via BLX)
<LI><a href="#[6b]">&gt;&gt;</a>&nbsp;&nbsp;&nbsp;__aeabi_fmul (via BLX)
<LI><a href="#[69]">&gt;&gt;</a>&nbsp;&nbsp;&nbsp;__aeabi_ui2f (via BLX)
<LI><a href="#[6a]">&gt;&gt;</a>&nbsp;&nbsp;&nbsp;__aeabi_i2f (via BLX)
<LI><a href="#[72]">&gt;&gt;</a>&nbsp;&nbsp;&nbsp;__aeabi_f2uiz (via BLX)
<LI><a href="#[6c]">&gt;&gt;</a>&nbsp;&nbsp;&nbsp;__aeabi_fdiv (via BLX)
<LI><a href="#[5e]">&gt;&gt;</a>&nbsp;&nbsp;&nbsp;__aeabi_f2d (via BLX)
</UL>
<BR>[Called By]<UL><LI><a href="#[ce]">&gt;&gt;</a>&nbsp;&nbsp;&nbsp;vGfLayerRotateNeedleFill
</UL>

<P><STRONG><a name="[7e]"></a>vGfBuffRotateNeedle</STRONG> (ARM, 4916 bytes, Stack size 208 bytes, gfunctions.o(.text), UNUSED)
<BR><BR>[Calls]<UL><LI><a href="#[6e]">&gt;&gt;</a>&nbsp;&nbsp;&nbsp;vRotLib_Rotate
<LI><a href="#[74]">&gt;&gt;</a>&nbsp;&nbsp;&nbsp;vGfListExecute
<LI><a href="#[4c]">&gt;&gt;</a>&nbsp;&nbsp;&nbsp;vBlit_OverwriteRGB
<LI><a href="#[59]">&gt;&gt;</a>&nbsp;&nbsp;&nbsp;i32Blit_BlendRGB
<LI><a href="#[5d]">&gt;&gt;</a>&nbsp;&nbsp;&nbsp;f32CheckAngle
<LI><a href="#[40]">&gt;&gt;</a>&nbsp;&nbsp;&nbsp;eHandleClipWindowBlit
<LI><a href="#[7d]">&gt;&gt;</a>&nbsp;&nbsp;&nbsp;u32GfGetMaxYCoordinate
<LI><a href="#[7c]">&gt;&gt;</a>&nbsp;&nbsp;&nbsp;u32GfGetMaxXCoordinate
<LI><a href="#[7b]">&gt;&gt;</a>&nbsp;&nbsp;&nbsp;u32GfGetMinYCoordinate
<LI><a href="#[7a]">&gt;&gt;</a>&nbsp;&nbsp;&nbsp;u32GfGetMinXCoordinate
<LI><a href="#[3f]">&gt;&gt;</a>&nbsp;&nbsp;&nbsp;__aeabi_uidiv (via BLX)
<LI><a href="#[6b]">&gt;&gt;</a>&nbsp;&nbsp;&nbsp;__aeabi_fmul (via BLX)
<LI><a href="#[69]">&gt;&gt;</a>&nbsp;&nbsp;&nbsp;__aeabi_ui2f (via BLX)
<LI><a href="#[6a]">&gt;&gt;</a>&nbsp;&nbsp;&nbsp;__aeabi_i2f (via BLX)
<LI><a href="#[72]">&gt;&gt;</a>&nbsp;&nbsp;&nbsp;__aeabi_f2uiz (via BLX)
<LI><a href="#[6c]">&gt;&gt;</a>&nbsp;&nbsp;&nbsp;__aeabi_fdiv (via BLX)
<LI><a href="#[5e]">&gt;&gt;</a>&nbsp;&nbsp;&nbsp;__aeabi_f2d (via BLX)
</UL>
<BR>[Called By]<UL><LI><a href="#[cf]">&gt;&gt;</a>&nbsp;&nbsp;&nbsp;vGfLayerRotateNeedle
</UL>

<P><STRONG><a name="[7f]"></a>vGfBuffRotateNeedleTipandBaseFill</STRONG> (ARM, 5620 bytes, Stack size 192 bytes, gfunctions.o(.text), UNUSED)
<BR><BR>[Calls]<UL><LI><a href="#[70]">&gt;&gt;</a>&nbsp;&nbsp;&nbsp;vRotLib_Rotate_Part
<LI><a href="#[74]">&gt;&gt;</a>&nbsp;&nbsp;&nbsp;vGfListExecute
<LI><a href="#[43]">&gt;&gt;</a>&nbsp;&nbsp;&nbsp;vBlit_OverwriteFillRGB
<LI><a href="#[5d]">&gt;&gt;</a>&nbsp;&nbsp;&nbsp;f32CheckAngle
<LI><a href="#[40]">&gt;&gt;</a>&nbsp;&nbsp;&nbsp;eHandleClipWindowBlit
<LI><a href="#[7d]">&gt;&gt;</a>&nbsp;&nbsp;&nbsp;u32GfGetMaxYCoordinate
<LI><a href="#[7c]">&gt;&gt;</a>&nbsp;&nbsp;&nbsp;u32GfGetMaxXCoordinate
<LI><a href="#[7b]">&gt;&gt;</a>&nbsp;&nbsp;&nbsp;u32GfGetMinYCoordinate
<LI><a href="#[7a]">&gt;&gt;</a>&nbsp;&nbsp;&nbsp;u32GfGetMinXCoordinate
<LI><a href="#[80]">&gt;&gt;</a>&nbsp;&nbsp;&nbsp;__aeabi_idiv (via BLX)
<LI><a href="#[6b]">&gt;&gt;</a>&nbsp;&nbsp;&nbsp;__aeabi_fmul (via BLX)
<LI><a href="#[69]">&gt;&gt;</a>&nbsp;&nbsp;&nbsp;__aeabi_ui2f (via BLX)
<LI><a href="#[6a]">&gt;&gt;</a>&nbsp;&nbsp;&nbsp;__aeabi_i2f (via BLX)
<LI><a href="#[72]">&gt;&gt;</a>&nbsp;&nbsp;&nbsp;__aeabi_f2uiz (via BLX)
<LI><a href="#[6c]">&gt;&gt;</a>&nbsp;&nbsp;&nbsp;__aeabi_fdiv (via BLX)
<LI><a href="#[5e]">&gt;&gt;</a>&nbsp;&nbsp;&nbsp;__aeabi_f2d (via BLX)
</UL>
<BR>[Called By]<UL><LI><a href="#[d0]">&gt;&gt;</a>&nbsp;&nbsp;&nbsp;vGfLayerRotateNeedleTipandBaseFill
</UL>

<P><STRONG><a name="[81]"></a>vGfBuffRotateNeedleTipandBase</STRONG> (ARM, 7344 bytes, Stack size 256 bytes, gfunctions.o(.text), UNUSED)
<BR><BR>[Calls]<UL><LI><a href="#[70]">&gt;&gt;</a>&nbsp;&nbsp;&nbsp;vRotLib_Rotate_Part
<LI><a href="#[74]">&gt;&gt;</a>&nbsp;&nbsp;&nbsp;vGfListExecute
<LI><a href="#[4c]">&gt;&gt;</a>&nbsp;&nbsp;&nbsp;vBlit_OverwriteRGB
<LI><a href="#[59]">&gt;&gt;</a>&nbsp;&nbsp;&nbsp;i32Blit_BlendRGB
<LI><a href="#[5d]">&gt;&gt;</a>&nbsp;&nbsp;&nbsp;f32CheckAngle
<LI><a href="#[40]">&gt;&gt;</a>&nbsp;&nbsp;&nbsp;eHandleClipWindowBlit
<LI><a href="#[7d]">&gt;&gt;</a>&nbsp;&nbsp;&nbsp;u32GfGetMaxYCoordinate
<LI><a href="#[7c]">&gt;&gt;</a>&nbsp;&nbsp;&nbsp;u32GfGetMaxXCoordinate
<LI><a href="#[7b]">&gt;&gt;</a>&nbsp;&nbsp;&nbsp;u32GfGetMinYCoordinate
<LI><a href="#[7a]">&gt;&gt;</a>&nbsp;&nbsp;&nbsp;u32GfGetMinXCoordinate
<LI><a href="#[80]">&gt;&gt;</a>&nbsp;&nbsp;&nbsp;__aeabi_idiv (via BLX)
<LI><a href="#[6b]">&gt;&gt;</a>&nbsp;&nbsp;&nbsp;__aeabi_fmul (via BLX)
<LI><a href="#[69]">&gt;&gt;</a>&nbsp;&nbsp;&nbsp;__aeabi_ui2f (via BLX)
<LI><a href="#[6a]">&gt;&gt;</a>&nbsp;&nbsp;&nbsp;__aeabi_i2f (via BLX)
<LI><a href="#[72]">&gt;&gt;</a>&nbsp;&nbsp;&nbsp;__aeabi_f2uiz (via BLX)
<LI><a href="#[6c]">&gt;&gt;</a>&nbsp;&nbsp;&nbsp;__aeabi_fdiv (via BLX)
<LI><a href="#[5e]">&gt;&gt;</a>&nbsp;&nbsp;&nbsp;__aeabi_f2d (via BLX)
</UL>
<BR>[Called By]<UL><LI><a href="#[d1]">&gt;&gt;</a>&nbsp;&nbsp;&nbsp;vGfLayerRotateNeedleTipandBase
</UL>

<P><STRONG><a name="[82]"></a>vGfBuffShearFull</STRONG> (ARM, 340 bytes, Stack size 88 bytes, gfunctions.o(.text), UNUSED)
<BR><BR>[Calls]<UL><LI><a href="#[83]">&gt;&gt;</a>&nbsp;&nbsp;&nbsp;vRotLib_Shear
<LI><a href="#[5e]">&gt;&gt;</a>&nbsp;&nbsp;&nbsp;__aeabi_f2d (via BLX)
</UL>
<BR>[Called By]<UL><LI><a href="#[d2]">&gt;&gt;</a>&nbsp;&nbsp;&nbsp;vGfLayerShearFull
</UL>

<P><STRONG><a name="[84]"></a>vGfBuffShearBlendFull</STRONG> (ARM, 464 bytes, Stack size 96 bytes, gfunctions.o(.text), UNUSED)
<BR><BR>[Calls]<UL><LI><a href="#[85]">&gt;&gt;</a>&nbsp;&nbsp;&nbsp;vRotLib_ShearBlend
<LI><a href="#[5e]">&gt;&gt;</a>&nbsp;&nbsp;&nbsp;__aeabi_f2d (via BLX)
</UL>
<BR>[Called By]<UL><LI><a href="#[d3]">&gt;&gt;</a>&nbsp;&nbsp;&nbsp;vGfLayerShearBlendFull
</UL>

<P><STRONG><a name="[86]"></a>vGfBuffScaleFull</STRONG> (ARM, 348 bytes, Stack size 88 bytes, gfunctions.o(.text), UNUSED)
<BR><BR>[Calls]<UL><LI><a href="#[87]">&gt;&gt;</a>&nbsp;&nbsp;&nbsp;vRotLib_Scale
<LI><a href="#[5e]">&gt;&gt;</a>&nbsp;&nbsp;&nbsp;__aeabi_f2d (via BLX)
</UL>
<BR>[Called By]<UL><LI><a href="#[d4]">&gt;&gt;</a>&nbsp;&nbsp;&nbsp;vGfLayerScaleFull
</UL>

<P><STRONG><a name="[88]"></a>vGfBuffScaleBlendFull</STRONG> (ARM, 456 bytes, Stack size 96 bytes, gfunctions.o(.text), UNUSED)
<BR><BR>[Calls]<UL><LI><a href="#[89]">&gt;&gt;</a>&nbsp;&nbsp;&nbsp;vRotLib_ScaleBlend
<LI><a href="#[5e]">&gt;&gt;</a>&nbsp;&nbsp;&nbsp;__aeabi_f2d (via BLX)
</UL>
<BR>[Called By]<UL><LI><a href="#[d5]">&gt;&gt;</a>&nbsp;&nbsp;&nbsp;vGfLayerScaleBlendFull
</UL>

<P><STRONG><a name="[8a]"></a>vGfBuffPerspectiveBlitFull</STRONG> (ARM, 400 bytes, Stack size 128 bytes, gfunctions.o(.text), UNUSED)
<BR><BR>[Calls]<UL><LI><a href="#[8b]">&gt;&gt;</a>&nbsp;&nbsp;&nbsp;vRotLib_Perspective
<LI><a href="#[5e]">&gt;&gt;</a>&nbsp;&nbsp;&nbsp;__aeabi_f2d (via BLX)
</UL>
<BR>[Called By]<UL><LI><a href="#[d6]">&gt;&gt;</a>&nbsp;&nbsp;&nbsp;vGfLayerPerspectiveBlitFull
</UL>

<P><STRONG><a name="[8c]"></a>vGfBuffPerspectiveBlendFull</STRONG> (ARM, 508 bytes, Stack size 144 bytes, gfunctions.o(.text), UNUSED)
<BR><BR>[Calls]<UL><LI><a href="#[8d]">&gt;&gt;</a>&nbsp;&nbsp;&nbsp;vRotLib_PerspectiveBlend
<LI><a href="#[5e]">&gt;&gt;</a>&nbsp;&nbsp;&nbsp;__aeabi_f2d (via BLX)
</UL>
<BR>[Called By]<UL><LI><a href="#[d7]">&gt;&gt;</a>&nbsp;&nbsp;&nbsp;vGfLayerPerspectiveBlendFull
</UL>

<P><STRONG><a name="[8e]"></a>vGfBuffTransformationFull</STRONG> (ARM, 380 bytes, Stack size 64 bytes, gfunctions.o(.text), UNUSED)
<BR><BR>[Calls]<UL><LI><a href="#[8f]">&gt;&gt;</a>&nbsp;&nbsp;&nbsp;vTransf_ConfigTransfOp
<LI><a href="#[3f]">&gt;&gt;</a>&nbsp;&nbsp;&nbsp;__aeabi_uidiv (via BLX)
</UL>
<BR>[Called By]<UL><LI><a href="#[d8]">&gt;&gt;</a>&nbsp;&nbsp;&nbsp;vGfLayerTransformationFull
</UL>

<P><STRONG><a name="[90]"></a>vGfBuffTransformationFullOptimized</STRONG> (ARM, 1172 bytes, Stack size 112 bytes, gfunctions.o(.text), UNUSED)
<BR><BR>[Calls]<UL><LI><a href="#[8f]">&gt;&gt;</a>&nbsp;&nbsp;&nbsp;vTransf_ConfigTransfOp
<LI><a href="#[74]">&gt;&gt;</a>&nbsp;&nbsp;&nbsp;vGfListExecute
<LI><a href="#[3f]">&gt;&gt;</a>&nbsp;&nbsp;&nbsp;__aeabi_uidiv (via BLX)
</UL>
<BR>[Called By]<UL><LI><a href="#[d9]">&gt;&gt;</a>&nbsp;&nbsp;&nbsp;vGfLayerTransformationFullOptimized
</UL>

<P><STRONG><a name="[91]"></a>vGfBuffTransformationBlendFull</STRONG> (ARM, 472 bytes, Stack size 80 bytes, gfunctions.o(.text), UNUSED)
<BR><BR>[Calls]<UL><LI><a href="#[92]">&gt;&gt;</a>&nbsp;&nbsp;&nbsp;vTransf_ConfigTransfBlendOp
<LI><a href="#[3f]">&gt;&gt;</a>&nbsp;&nbsp;&nbsp;__aeabi_uidiv (via BLX)
</UL>
<BR>[Called By]<UL><LI><a href="#[da]">&gt;&gt;</a>&nbsp;&nbsp;&nbsp;vGfLayerTransformationBlendFull
</UL>

<P><STRONG><a name="[93]"></a>vGfBuffDrawCircle</STRONG> (ARM, 2668 bytes, Stack size 152 bytes, gfunctions.o(.text), UNUSED)
<BR><BR>[Calls]<UL><LI><a href="#[95]">&gt;&gt;</a>&nbsp;&nbsp;&nbsp;u32GfGetSubRes_CenterPosition
<LI><a href="#[94]">&gt;&gt;</a>&nbsp;&nbsp;&nbsp;u32GfGetSubRes_Position
<LI><a href="#[96]">&gt;&gt;</a>&nbsp;&nbsp;&nbsp;vGfSetSubRes
<LI><a href="#[2e]">&gt;&gt;</a>&nbsp;&nbsp;&nbsp;vGfBuffDrawTriangle
<LI><a href="#[35]">&gt;&gt;</a>&nbsp;&nbsp;&nbsp;vGfDrawCircleWithEndCaps
<LI><a href="#[30]">&gt;&gt;</a>&nbsp;&nbsp;&nbsp;vGfDrawTriangleSort
<LI><a href="#[9b]">&gt;&gt;</a>&nbsp;&nbsp;&nbsp;sin (via BLX)
<LI><a href="#[9a]">&gt;&gt;</a>&nbsp;&nbsp;&nbsp;cos (via BLX)
<LI><a href="#[97]">&gt;&gt;</a>&nbsp;&nbsp;&nbsp;acos (via BLX)
<LI><a href="#[69]">&gt;&gt;</a>&nbsp;&nbsp;&nbsp;__aeabi_ui2f (via BLX)
<LI><a href="#[72]">&gt;&gt;</a>&nbsp;&nbsp;&nbsp;__aeabi_f2uiz (via BLX)
<LI><a href="#[9d]">&gt;&gt;</a>&nbsp;&nbsp;&nbsp;__aeabi_fsub (via BLX)
<LI><a href="#[9c]">&gt;&gt;</a>&nbsp;&nbsp;&nbsp;__aeabi_fadd (via BLX)
<LI><a href="#[5e]">&gt;&gt;</a>&nbsp;&nbsp;&nbsp;__aeabi_f2d (via BLX)
<LI><a href="#[67]">&gt;&gt;</a>&nbsp;&nbsp;&nbsp;__aeabi_cdrcmple (via BLX)
<LI><a href="#[63]">&gt;&gt;</a>&nbsp;&nbsp;&nbsp;__aeabi_dmul (via BLX)
<LI><a href="#[5f]">&gt;&gt;</a>&nbsp;&nbsp;&nbsp;__aeabi_cdcmple (via BLX)
<LI><a href="#[99]">&gt;&gt;</a>&nbsp;&nbsp;&nbsp;__aeabi_ui2d (via BLX)
<LI><a href="#[62]">&gt;&gt;</a>&nbsp;&nbsp;&nbsp;__aeabi_i2d (via BLX)
<LI><a href="#[98]">&gt;&gt;</a>&nbsp;&nbsp;&nbsp;__aeabi_d2uiz (via BLX)
<LI><a href="#[60]">&gt;&gt;</a>&nbsp;&nbsp;&nbsp;__aeabi_ddiv (via BLX)
<LI><a href="#[66]">&gt;&gt;</a>&nbsp;&nbsp;&nbsp;__aeabi_dadd (via BLX)
<LI><a href="#[65]">&gt;&gt;</a>&nbsp;&nbsp;&nbsp;__aeabi_d2f (via BLX)
</UL>
<BR>[Called By]<UL><LI><a href="#[dd]">&gt;&gt;</a>&nbsp;&nbsp;&nbsp;vGfLayerDrawCircle
</UL>

<P><STRONG><a name="[9e]"></a>vGfBuffDrawPolygon</STRONG> (ARM, 244 bytes, Stack size 56 bytes, gfunctions.o(.text), UNUSED)
<BR><BR>[Calls]<UL><LI><a href="#[30]">&gt;&gt;</a>&nbsp;&nbsp;&nbsp;vGfDrawTriangleSort
</UL>
<BR>[Called By]<UL><LI><a href="#[de]">&gt;&gt;</a>&nbsp;&nbsp;&nbsp;vGfLayerDrawPolygon
</UL>

<P><STRONG><a name="[9f]"></a>vGfInsertList</STRONG> (ARM, 88 bytes, Stack size 24 bytes, gfunctions.o(.text), UNUSED)
<BR><BR>[Calls]<UL><LI><a href="#[a0]">&gt;&gt;</a>&nbsp;&nbsp;&nbsp;pstGfListGetWrite
</UL>

<P><STRONG><a name="[2a8]"></a>vGfViewport</STRONG> (ARM, 36 bytes, Stack size 20 bytes, gfunctions.o(.text), UNUSED)

<P><STRONG><a name="[a6]"></a>vGfFrustum</STRONG> (ARM, 524 bytes, Stack size 192 bytes, gfunctions.o(.text), UNUSED)
<BR><BR>[Calls]<UL><LI><a href="#[a1]">&gt;&gt;</a>&nbsp;&nbsp;&nbsp;vMMMUL4x4
<LI><a href="#[a7]">&gt;&gt;</a>&nbsp;&nbsp;&nbsp;f64GETMATRIX
<LI><a href="#[63]">&gt;&gt;</a>&nbsp;&nbsp;&nbsp;__aeabi_dmul (via BLX)
<LI><a href="#[60]">&gt;&gt;</a>&nbsp;&nbsp;&nbsp;__aeabi_ddiv (via BLX)
<LI><a href="#[64]">&gt;&gt;</a>&nbsp;&nbsp;&nbsp;__aeabi_dsub (via BLX)
<LI><a href="#[a5]">&gt;&gt;</a>&nbsp;&nbsp;&nbsp;__aeabi_drsub (via BLX)
<LI><a href="#[66]">&gt;&gt;</a>&nbsp;&nbsp;&nbsp;__aeabi_dadd (via BLX)
</UL>

<P><STRONG><a name="[b2]"></a>vGfMatrixMode</STRONG> (ARM, 12 bytes, Stack size 0 bytes, gfunctions.o(.text), UNUSED)
<BR><BR>[Called By]<UL><LI><a href="#[b1]">&gt;&gt;</a>&nbsp;&nbsp;&nbsp;vGfSetIP
</UL>

<P><STRONG><a name="[a8]"></a>vGfLoadIdentity</STRONG> (ARM, 176 bytes, Stack size 8 bytes, gfunctions.o(.text), UNUSED)
<BR><BR>[Calls]<UL><LI><a href="#[a7]">&gt;&gt;</a>&nbsp;&nbsp;&nbsp;f64GETMATRIX
</UL>
<BR>[Called By]<UL><LI><a href="#[b1]">&gt;&gt;</a>&nbsp;&nbsp;&nbsp;vGfSetIP
</UL>

<P><STRONG><a name="[a9]"></a>vGfLoadIP</STRONG> (ARM, 208 bytes, Stack size 8 bytes, gfunctions.o(.text), UNUSED)
<BR><BR>[Calls]<UL><LI><a href="#[a7]">&gt;&gt;</a>&nbsp;&nbsp;&nbsp;f64GETMATRIX
</UL>
<BR>[Called By]<UL><LI><a href="#[b1]">&gt;&gt;</a>&nbsp;&nbsp;&nbsp;vGfSetIP
</UL>

<P><STRONG><a name="[aa]"></a>vGfTranslate</STRONG> (ARM, 200 bytes, Stack size 160 bytes, gfunctions.o(.text), UNUSED)
<BR><BR>[Calls]<UL><LI><a href="#[a1]">&gt;&gt;</a>&nbsp;&nbsp;&nbsp;vMMMUL4x4
<LI><a href="#[a7]">&gt;&gt;</a>&nbsp;&nbsp;&nbsp;f64GETMATRIX
</UL>
<BR>[Called By]<UL><LI><a href="#[b1]">&gt;&gt;</a>&nbsp;&nbsp;&nbsp;vGfSetIP
</UL>

<P><STRONG><a name="[ab]"></a>vGfScale</STRONG> (ARM, 184 bytes, Stack size 160 bytes, gfunctions.o(.text), UNUSED)
<BR><BR>[Calls]<UL><LI><a href="#[a1]">&gt;&gt;</a>&nbsp;&nbsp;&nbsp;vMMMUL4x4
<LI><a href="#[a7]">&gt;&gt;</a>&nbsp;&nbsp;&nbsp;f64GETMATRIX
</UL>
<BR>[Called By]<UL><LI><a href="#[b1]">&gt;&gt;</a>&nbsp;&nbsp;&nbsp;vGfSetIP
</UL>

<P><STRONG><a name="[ac]"></a>vGfRotate</STRONG> (ARM, 1144 bytes, Stack size 248 bytes, gfunctions.o(.text), UNUSED)
<BR><BR>[Calls]<UL><LI><a href="#[a1]">&gt;&gt;</a>&nbsp;&nbsp;&nbsp;vMMMUL4x4
<LI><a href="#[a7]">&gt;&gt;</a>&nbsp;&nbsp;&nbsp;f64GETMATRIX
<LI><a href="#[ad]">&gt;&gt;</a>&nbsp;&nbsp;&nbsp;sqrt (via BLX)
<LI><a href="#[9b]">&gt;&gt;</a>&nbsp;&nbsp;&nbsp;sin (via BLX)
<LI><a href="#[9a]">&gt;&gt;</a>&nbsp;&nbsp;&nbsp;cos (via BLX)
<LI><a href="#[63]">&gt;&gt;</a>&nbsp;&nbsp;&nbsp;__aeabi_dmul (via BLX)
<LI><a href="#[60]">&gt;&gt;</a>&nbsp;&nbsp;&nbsp;__aeabi_ddiv (via BLX)
<LI><a href="#[64]">&gt;&gt;</a>&nbsp;&nbsp;&nbsp;__aeabi_dsub (via BLX)
<LI><a href="#[66]">&gt;&gt;</a>&nbsp;&nbsp;&nbsp;__aeabi_dadd (via BLX)
</UL>

<P><STRONG><a name="[af]"></a>iGfProject</STRONG> (ARM, 128 bytes, Stack size 8 bytes, gfunctions.o(.text), UNUSED)
<BR><BR>[Calls]<UL><LI><a href="#[ae]">&gt;&gt;</a>&nbsp;&nbsp;&nbsp;iProject
</UL>

<P><STRONG><a name="[b0]"></a>iGfUnProject</STRONG> (ARM, 560 bytes, Stack size 376 bytes, gfunctions.o(.text), UNUSED)
<BR><BR>[Calls]<UL><LI><a href="#[a3]">&gt;&gt;</a>&nbsp;&nbsp;&nbsp;iGfInvertMatrix4x4
<LI><a href="#[a2]">&gt;&gt;</a>&nbsp;&nbsp;&nbsp;vMVMUL4x4
<LI><a href="#[a1]">&gt;&gt;</a>&nbsp;&nbsp;&nbsp;vMMMUL4x4
<LI><a href="#[63]">&gt;&gt;</a>&nbsp;&nbsp;&nbsp;__aeabi_dmul (via BLX)
<LI><a href="#[a4]">&gt;&gt;</a>&nbsp;&nbsp;&nbsp;__aeabi_cdcmpeq (via BLX)
<LI><a href="#[60]">&gt;&gt;</a>&nbsp;&nbsp;&nbsp;__aeabi_ddiv (via BLX)
<LI><a href="#[64]">&gt;&gt;</a>&nbsp;&nbsp;&nbsp;__aeabi_dsub (via BLX)
</UL>

<P><STRONG><a name="[b1]"></a>vGfSetIP</STRONG> (ARM, 440 bytes, Stack size 120 bytes, gfunctions.o(.text), UNUSED)
<BR><BR>[Calls]<UL><LI><a href="#[ab]">&gt;&gt;</a>&nbsp;&nbsp;&nbsp;vGfScale
<LI><a href="#[aa]">&gt;&gt;</a>&nbsp;&nbsp;&nbsp;vGfTranslate
<LI><a href="#[a9]">&gt;&gt;</a>&nbsp;&nbsp;&nbsp;vGfLoadIP
<LI><a href="#[a8]">&gt;&gt;</a>&nbsp;&nbsp;&nbsp;vGfLoadIdentity
<LI><a href="#[b2]">&gt;&gt;</a>&nbsp;&nbsp;&nbsp;vGfMatrixMode
<LI><a href="#[ae]">&gt;&gt;</a>&nbsp;&nbsp;&nbsp;iProject
<LI><a href="#[60]">&gt;&gt;</a>&nbsp;&nbsp;&nbsp;__aeabi_ddiv (via BLX)
<LI><a href="#[64]">&gt;&gt;</a>&nbsp;&nbsp;&nbsp;__aeabi_dsub (via BLX)
</UL>

<P><STRONG><a name="[b3]"></a>vGfBuffBlitElement</STRONG> (ARM, 288 bytes, Stack size 104 bytes, gfunctions.o(.text), UNUSED)
<BR><BR>[Calls]<UL><LI><a href="#[b4]">&gt;&gt;</a>&nbsp;&nbsp;&nbsp;vRotLib_PerspectiveOGL
</UL>
<BR>[Called By]<UL><LI><a href="#[df]">&gt;&gt;</a>&nbsp;&nbsp;&nbsp;vGfLayerBlitElement
</UL>

<P><STRONG><a name="[b5]"></a>vGfBuffBlendElement</STRONG> (ARM, 396 bytes, Stack size 120 bytes, gfunctions.o(.text), UNUSED)
<BR><BR>[Calls]<UL><LI><a href="#[b6]">&gt;&gt;</a>&nbsp;&nbsp;&nbsp;vRotLib_PerspectiveBlendOGL
</UL>
<BR>[Called By]<UL><LI><a href="#[e0]">&gt;&gt;</a>&nbsp;&nbsp;&nbsp;vGfLayerBlendElement
</UL>

<P><STRONG><a name="[b7]"></a>vGfLayerFillArea</STRONG> (ARM, 36 bytes, Stack size 16 bytes, gfunctions.o(.text))
<BR><BR>[Stack]<UL><LI>Max Depth = 188<LI>Call Chain = vGfLayerFillArea &rArr; vGfBuffFillArea &rArr; eHandleClipWindowBlit &rArr; vBlit_SetClippWnd
</UL>
<BR>[Calls]<UL><LI><a href="#[42]">&gt;&gt;</a>&nbsp;&nbsp;&nbsp;vGfBuffFillArea
</UL>
<BR>[Called By]<UL><LI><a href="#[c]">&gt;&gt;</a>&nbsp;&nbsp;&nbsp;vSetIcons
<LI><a href="#[1ac]">&gt;&gt;</a>&nbsp;&nbsp;&nbsp;vInitIcons
<LI><a href="#[1c1]">&gt;&gt;</a>&nbsp;&nbsp;&nbsp;vClearScreen
</UL>

<P><STRONG><a name="[b8]"></a>u32GfLayerBlitBitmapFull</STRONG> (ARM, 44 bytes, Stack size 24 bytes, gfunctions.o(.text), UNUSED)
<BR><BR>[Calls]<UL><LI><a href="#[4d]">&gt;&gt;</a>&nbsp;&nbsp;&nbsp;u32GfBuffBlitBitmapFull
</UL>

<P><STRONG><a name="[b9]"></a>vGfLayerBlitBitmapFull</STRONG> (ARM, 44 bytes, Stack size 24 bytes, gfunctions.o(.text), UNUSED)
<BR><BR>[Calls]<UL><LI><a href="#[4a]">&gt;&gt;</a>&nbsp;&nbsp;&nbsp;vGfBuffBlitBitmapFull
</UL>

<P><STRONG><a name="[ba]"></a>vGfLayerBlitBitmapPart</STRONG> (ARM, 52 bytes, Stack size 32 bytes, gfunctions.o(.text), UNUSED)
<BR><BR>[Calls]<UL><LI><a href="#[4e]">&gt;&gt;</a>&nbsp;&nbsp;&nbsp;vGfBuffBlitBitmapPart
</UL>

<P><STRONG><a name="[bb]"></a>u32GfLayerBlitBitmapPart</STRONG> (ARM, 52 bytes, Stack size 32 bytes, gfunctions.o(.text), UNUSED)
<BR><BR>[Calls]<UL><LI><a href="#[4f]">&gt;&gt;</a>&nbsp;&nbsp;&nbsp;u32GfBuffBlitBitmapPart
</UL>

<P><STRONG><a name="[bc]"></a>vGfLayerBlitBitmapRLE16</STRONG> (ARM, 44 bytes, Stack size 24 bytes, gfunctions.o(.text), UNUSED)
<BR><BR>[Calls]<UL><LI><a href="#[44]">&gt;&gt;</a>&nbsp;&nbsp;&nbsp;vGfBuffBlitBitmapRLE16
</UL>

<P><STRONG><a name="[bd]"></a>vGfLayerBlitBitmapRLE24</STRONG> (ARM, 44 bytes, Stack size 24 bytes, gfunctions.o(.text), UNUSED)
<BR><BR>[Calls]<UL><LI><a href="#[46]">&gt;&gt;</a>&nbsp;&nbsp;&nbsp;vGfBuffBlitBitmapRLE24
</UL>

<P><STRONG><a name="[be]"></a>vGfLayerBlitBitmapRLE24A</STRONG> (ARM, 44 bytes, Stack size 24 bytes, gfunctions.o(.text), UNUSED)
<BR><BR>[Calls]<UL><LI><a href="#[47]">&gt;&gt;</a>&nbsp;&nbsp;&nbsp;vGfBuffBlitBitmapRLE24A
</UL>

<P><STRONG><a name="[bf]"></a>vGfLayerBlitBitmapRLE32</STRONG> (ARM, 44 bytes, Stack size 24 bytes, gfunctions.o(.text), UNUSED)
<BR><BR>[Calls]<UL><LI><a href="#[49]">&gt;&gt;</a>&nbsp;&nbsp;&nbsp;vGfBuffBlitBitmapRLE32
</UL>

<P><STRONG><a name="[c0]"></a>vGfLayerBlendFillArea</STRONG> (ARM, 36 bytes, Stack size 16 bytes, gfunctions.o(.text), UNUSED)
<BR><BR>[Calls]<UL><LI><a href="#[50]">&gt;&gt;</a>&nbsp;&nbsp;&nbsp;vGfBuffBlendFillArea
</UL>

<P><STRONG><a name="[c1]"></a>u32GfLayerBlendBitmapFull</STRONG> (ARM, 44 bytes, Stack size 24 bytes, gfunctions.o(.text))
<BR><BR>[Stack]<UL><LI>Max Depth = 244<LI>Call Chain = u32GfLayerBlendBitmapFull &rArr; u32GfBuffBlendBitmapFull &rArr; vGfBuffBlendBitmapFull &rArr; eHandleClipWindowBlit &rArr; vBlit_SetClippWnd
</UL>
<BR>[Calls]<UL><LI><a href="#[5a]">&gt;&gt;</a>&nbsp;&nbsp;&nbsp;u32GfBuffBlendBitmapFull
</UL>
<BR>[Called By]<UL><LI><a href="#[1d4]">&gt;&gt;</a>&nbsp;&nbsp;&nbsp;vShowPRNDS
<LI><a href="#[1cb]">&gt;&gt;</a>&nbsp;&nbsp;&nbsp;stShowString
<LI><a href="#[1c5]">&gt;&gt;</a>&nbsp;&nbsp;&nbsp;vfShowImageAt
<LI><a href="#[2a]">&gt;&gt;</a>&nbsp;&nbsp;&nbsp;vRunIconFunction
</UL>

<P><STRONG><a name="[c2]"></a>vGfLayerBlendBitmapFull</STRONG> (ARM, 44 bytes, Stack size 24 bytes, gfunctions.o(.text), UNUSED)
<BR><BR>[Calls]<UL><LI><a href="#[58]">&gt;&gt;</a>&nbsp;&nbsp;&nbsp;vGfBuffBlendBitmapFull
</UL>

<P><STRONG><a name="[c3]"></a>u32GfLayerBlendBitmapPart</STRONG> (ARM, 52 bytes, Stack size 32 bytes, gfunctions.o(.text), UNUSED)
<BR><BR>[Calls]<UL><LI><a href="#[5c]">&gt;&gt;</a>&nbsp;&nbsp;&nbsp;u32GfBuffBlendBitmapPart
</UL>

<P><STRONG><a name="[c4]"></a>vGfLayerBlendBitmapPart</STRONG> (ARM, 52 bytes, Stack size 32 bytes, gfunctions.o(.text), UNUSED)
<BR><BR>[Calls]<UL><LI><a href="#[5b]">&gt;&gt;</a>&nbsp;&nbsp;&nbsp;vGfBuffBlendBitmapPart
</UL>

<P><STRONG><a name="[c5]"></a>vGfLayerBlendBitmapRLE16</STRONG> (ARM, 44 bytes, Stack size 24 bytes, gfunctions.o(.text), UNUSED)
<BR><BR>[Calls]<UL><LI><a href="#[53]">&gt;&gt;</a>&nbsp;&nbsp;&nbsp;vGfBuffBlendBitmapRLE16
</UL>

<P><STRONG><a name="[c6]"></a>vGfLayerBlendBitmapRLE24</STRONG> (ARM, 44 bytes, Stack size 24 bytes, gfunctions.o(.text), UNUSED)
<BR><BR>[Calls]<UL><LI><a href="#[55]">&gt;&gt;</a>&nbsp;&nbsp;&nbsp;vGfBuffBlendBitmapRLE24
</UL>

<P><STRONG><a name="[c7]"></a>vGfLayerBlendBitmapRLE24A</STRONG> (ARM, 44 bytes, Stack size 24 bytes, gfunctions.o(.text), UNUSED)
<BR><BR>[Calls]<UL><LI><a href="#[56]">&gt;&gt;</a>&nbsp;&nbsp;&nbsp;vGfBuffBlendBitmapRLE24A
</UL>

<P><STRONG><a name="[c8]"></a>vGfLayerBlendBitmapRLE32</STRONG> (ARM, 44 bytes, Stack size 24 bytes, gfunctions.o(.text), UNUSED)
<BR><BR>[Calls]<UL><LI><a href="#[57]">&gt;&gt;</a>&nbsp;&nbsp;&nbsp;vGfBuffBlendBitmapRLE32
</UL>

<P><STRONG><a name="[c9]"></a>vGfLayerRotateBitmapFull</STRONG> (ARM, 52 bytes, Stack size 32 bytes, gfunctions.o(.text), UNUSED)
<BR><BR>[Calls]<UL><LI><a href="#[68]">&gt;&gt;</a>&nbsp;&nbsp;&nbsp;vGfBuffRotateBitmapFull
</UL>

<P><STRONG><a name="[ca]"></a>vGfLayerRotateBitmapPart</STRONG> (ARM, 52 bytes, Stack size 40 bytes, gfunctions.o(.text), UNUSED)
<BR><BR>[Calls]<UL><LI><a href="#[6f]">&gt;&gt;</a>&nbsp;&nbsp;&nbsp;vGfBuffRotateBitmapPart
</UL>

<P><STRONG><a name="[cb]"></a>vGfLayerRotateBitmapOptimized</STRONG> (ARM, 56 bytes, Stack size 48 bytes, gfunctions.o(.text), UNUSED)
<BR><BR>[Calls]<UL><LI><a href="#[71]">&gt;&gt;</a>&nbsp;&nbsp;&nbsp;vGfBuffRotateBitmapOptimized
</UL>

<P><STRONG><a name="[cc]"></a>vGfLayerRotateBlendBitmapFull</STRONG> (ARM, 52 bytes, Stack size 32 bytes, gfunctions.o(.text))
<BR><BR>[Stack]<UL><LI>Max Depth = 568<LI>Call Chain = vGfLayerRotateBlendBitmapFull &rArr; vGfBuffRotateBlendBitmapFull &rArr; vRotLib_RotateBlend &rArr; vRotLib_CalculateForwardRotatedCornerCoordinates_RotateFull &rArr; sin &rArr; __ieee754_rem_pio2 &rArr; __aeabi_dmul
</UL>
<BR>[Calls]<UL><LI><a href="#[75]">&gt;&gt;</a>&nbsp;&nbsp;&nbsp;vGfBuffRotateBlendBitmapFull
</UL>
<BR>[Called By]<UL><LI><a href="#[14]">&gt;&gt;</a>&nbsp;&nbsp;&nbsp;vShowTotalCurrent
<LI><a href="#[13]">&gt;&gt;</a>&nbsp;&nbsp;&nbsp;vShowSOCNumber
<LI><a href="#[e]">&gt;&gt;</a>&nbsp;&nbsp;&nbsp;vSetSpeedNeedle
</UL>

<P><STRONG><a name="[cd]"></a>vGfLayerRotateBlendBitmapPart</STRONG> (ARM, 52 bytes, Stack size 40 bytes, gfunctions.o(.text), UNUSED)
<BR><BR>[Calls]<UL><LI><a href="#[77]">&gt;&gt;</a>&nbsp;&nbsp;&nbsp;vGfBuffRotateBlendBitmapPart
</UL>

<P><STRONG><a name="[ce]"></a>vGfLayerRotateNeedleFill</STRONG> (ARM, 52 bytes, Stack size 40 bytes, gfunctions.o(.text), UNUSED)
<BR><BR>[Calls]<UL><LI><a href="#[79]">&gt;&gt;</a>&nbsp;&nbsp;&nbsp;vGfBuffRotateNeedleFill
</UL>

<P><STRONG><a name="[cf]"></a>vGfLayerRotateNeedle</STRONG> (ARM, 56 bytes, Stack size 48 bytes, gfunctions.o(.text), UNUSED)
<BR><BR>[Calls]<UL><LI><a href="#[7e]">&gt;&gt;</a>&nbsp;&nbsp;&nbsp;vGfBuffRotateNeedle
</UL>

<P><STRONG><a name="[d0]"></a>vGfLayerRotateNeedleTipandBaseFill</STRONG> (ARM, 52 bytes, Stack size 40 bytes, gfunctions.o(.text), UNUSED)
<BR><BR>[Calls]<UL><LI><a href="#[7f]">&gt;&gt;</a>&nbsp;&nbsp;&nbsp;vGfBuffRotateNeedleTipandBaseFill
</UL>

<P><STRONG><a name="[d1]"></a>vGfLayerRotateNeedleTipandBase</STRONG> (ARM, 56 bytes, Stack size 48 bytes, gfunctions.o(.text), UNUSED)
<BR><BR>[Calls]<UL><LI><a href="#[81]">&gt;&gt;</a>&nbsp;&nbsp;&nbsp;vGfBuffRotateNeedleTipandBase
</UL>

<P><STRONG><a name="[d2]"></a>vGfLayerShearFull</STRONG> (ARM, 52 bytes, Stack size 40 bytes, gfunctions.o(.text), UNUSED)
<BR><BR>[Calls]<UL><LI><a href="#[82]">&gt;&gt;</a>&nbsp;&nbsp;&nbsp;vGfBuffShearFull
</UL>

<P><STRONG><a name="[d3]"></a>vGfLayerShearBlendFull</STRONG> (ARM, 52 bytes, Stack size 40 bytes, gfunctions.o(.text), UNUSED)
<BR><BR>[Calls]<UL><LI><a href="#[84]">&gt;&gt;</a>&nbsp;&nbsp;&nbsp;vGfBuffShearBlendFull
</UL>

<P><STRONG><a name="[d4]"></a>vGfLayerScaleFull</STRONG> (ARM, 60 bytes, Stack size 48 bytes, gfunctions.o(.text), UNUSED)
<BR><BR>[Calls]<UL><LI><a href="#[86]">&gt;&gt;</a>&nbsp;&nbsp;&nbsp;vGfBuffScaleFull
</UL>

<P><STRONG><a name="[d5]"></a>vGfLayerScaleBlendFull</STRONG> (ARM, 60 bytes, Stack size 48 bytes, gfunctions.o(.text), UNUSED)
<BR><BR>[Calls]<UL><LI><a href="#[88]">&gt;&gt;</a>&nbsp;&nbsp;&nbsp;vGfBuffScaleBlendFull
</UL>

<P><STRONG><a name="[d6]"></a>vGfLayerPerspectiveBlitFull</STRONG> (ARM, 96 bytes, Stack size 80 bytes, gfunctions.o(.text), UNUSED)
<BR><BR>[Calls]<UL><LI><a href="#[8a]">&gt;&gt;</a>&nbsp;&nbsp;&nbsp;vGfBuffPerspectiveBlitFull
</UL>

<P><STRONG><a name="[d7]"></a>vGfLayerPerspectiveBlendFull</STRONG> (ARM, 96 bytes, Stack size 80 bytes, gfunctions.o(.text), UNUSED)
<BR><BR>[Calls]<UL><LI><a href="#[8c]">&gt;&gt;</a>&nbsp;&nbsp;&nbsp;vGfBuffPerspectiveBlendFull
</UL>

<P><STRONG><a name="[d8]"></a>vGfLayerTransformationFull</STRONG> (ARM, 52 bytes, Stack size 32 bytes, gfunctions.o(.text), UNUSED)
<BR><BR>[Calls]<UL><LI><a href="#[8e]">&gt;&gt;</a>&nbsp;&nbsp;&nbsp;vGfBuffTransformationFull
</UL>

<P><STRONG><a name="[d9]"></a>vGfLayerTransformationFullOptimized</STRONG> (ARM, 56 bytes, Stack size 48 bytes, gfunctions.o(.text), UNUSED)
<BR><BR>[Calls]<UL><LI><a href="#[90]">&gt;&gt;</a>&nbsp;&nbsp;&nbsp;vGfBuffTransformationFullOptimized
</UL>

<P><STRONG><a name="[da]"></a>vGfLayerTransformationBlendFull</STRONG> (ARM, 52 bytes, Stack size 32 bytes, gfunctions.o(.text), UNUSED)
<BR><BR>[Calls]<UL><LI><a href="#[91]">&gt;&gt;</a>&nbsp;&nbsp;&nbsp;vGfBuffTransformationBlendFull
</UL>

<P><STRONG><a name="[db]"></a>vGfLayerDrawLine</STRONG> (ARM, 36 bytes, Stack size 16 bytes, gfunctions.o(.text), UNUSED)
<BR><BR>[Calls]<UL><LI><a href="#[33]">&gt;&gt;</a>&nbsp;&nbsp;&nbsp;vGfBuffDrawLine
</UL>

<P><STRONG><a name="[dc]"></a>vGfLayerDrawTriangle</STRONG> (ARM, 36 bytes, Stack size 16 bytes, gfunctions.o(.text), UNUSED)
<BR><BR>[Calls]<UL><LI><a href="#[2e]">&gt;&gt;</a>&nbsp;&nbsp;&nbsp;vGfBuffDrawTriangle
</UL>

<P><STRONG><a name="[dd]"></a>vGfLayerDrawCircle</STRONG> (ARM, 36 bytes, Stack size 16 bytes, gfunctions.o(.text), UNUSED)
<BR><BR>[Calls]<UL><LI><a href="#[93]">&gt;&gt;</a>&nbsp;&nbsp;&nbsp;vGfBuffDrawCircle
</UL>

<P><STRONG><a name="[de]"></a>vGfLayerDrawPolygon</STRONG> (ARM, 36 bytes, Stack size 16 bytes, gfunctions.o(.text), UNUSED)
<BR><BR>[Calls]<UL><LI><a href="#[9e]">&gt;&gt;</a>&nbsp;&nbsp;&nbsp;vGfBuffDrawPolygon
</UL>

<P><STRONG><a name="[df]"></a>vGfLayerBlitElement</STRONG> (ARM, 28 bytes, Stack size 16 bytes, gfunctions.o(.text), UNUSED)
<BR><BR>[Calls]<UL><LI><a href="#[b3]">&gt;&gt;</a>&nbsp;&nbsp;&nbsp;vGfBuffBlitElement
</UL>

<P><STRONG><a name="[e0]"></a>vGfLayerBlendElement</STRONG> (ARM, 28 bytes, Stack size 16 bytes, gfunctions.o(.text), UNUSED)
<BR><BR>[Calls]<UL><LI><a href="#[b5]">&gt;&gt;</a>&nbsp;&nbsp;&nbsp;vGfBuffBlendElement
</UL>

<P><STRONG><a name="[2a9]"></a>vGf_Graphics_Init_GetVersion</STRONG> (ARM, 40 bytes, Stack size 8 bytes, graphics_init.o(.text), UNUSED)

<P><STRONG><a name="[e1]"></a>vGfInitGDC0</STRONG> (ARM, 508 bytes, Stack size 32 bytes, graphics_init.o(.text), UNUSED, KEPT)
<BR><BR>[Stack]<UL><LI>Max Depth = 108<LI>Call Chain = vGfInitGDC0 &rArr; vGfSetLayer &rArr; i32GDC_SetDataFormat &rArr; vUpdateDCR_Special &rArr; vGDC_SetShadowRegUpdateMode
</UL>
<BR>[Calls]<UL><LI><a href="#[e2]">&gt;&gt;</a>&nbsp;&nbsp;&nbsp;vPinconfig_GDC0
<LI><a href="#[f0]">&gt;&gt;</a>&nbsp;&nbsp;&nbsp;vGfSetLayer
<LI><a href="#[ef]">&gt;&gt;</a>&nbsp;&nbsp;&nbsp;vGfRegisterLayers
<LI><a href="#[ea]">&gt;&gt;</a>&nbsp;&nbsp;&nbsp;vGDC_SyncConfig
<LI><a href="#[f4]">&gt;&gt;</a>&nbsp;&nbsp;&nbsp;vGDC_Switch
<LI><a href="#[e9]">&gt;&gt;</a>&nbsp;&nbsp;&nbsp;vGDC_SetSyncDir
<LI><a href="#[eb]">&gt;&gt;</a>&nbsp;&nbsp;&nbsp;vGDC_SetPolHDisp
<LI><a href="#[f2]">&gt;&gt;</a>&nbsp;&nbsp;&nbsp;vGDC_SetLayerOrder
<LI><a href="#[e8]">&gt;&gt;</a>&nbsp;&nbsp;&nbsp;vGDC_SetDotClkPol
<LI><a href="#[f1]">&gt;&gt;</a>&nbsp;&nbsp;&nbsp;vGDC_SetDitheringMode
<LI><a href="#[ec]">&gt;&gt;</a>&nbsp;&nbsp;&nbsp;vGDC_SetDispConfigType
<LI><a href="#[e6]">&gt;&gt;</a>&nbsp;&nbsp;&nbsp;vGDC_SetBgrColor
<LI><a href="#[e7]">&gt;&gt;</a>&nbsp;&nbsp;&nbsp;vGDC_SelDotClkSrc
<LI><a href="#[e5]">&gt;&gt;</a>&nbsp;&nbsp;&nbsp;vGDC_Init
<LI><a href="#[f3]">&gt;&gt;</a>&nbsp;&nbsp;&nbsp;vCCR_EnableGDC0Interface
<LI><a href="#[ed]">&gt;&gt;</a>&nbsp;&nbsp;&nbsp;i32GDC_SetDisplayStart
<LI><a href="#[ee]">&gt;&gt;</a>&nbsp;&nbsp;&nbsp;i32GDC_SetDisplaySize
<LI><a href="#[e4]">&gt;&gt;</a>&nbsp;&nbsp;&nbsp;i32CCR_SetClockFreq
<LI><a href="#[e3]">&gt;&gt;</a>&nbsp;&nbsp;&nbsp;i32CCR_EnableModuleClock
</UL>
<BR>[Called By]<UL><LI><a href="#[106]">&gt;&gt;</a>&nbsp;&nbsp;&nbsp;vGfInitGfxMiddleWare
</UL>

<P><STRONG><a name="[f5]"></a>vGfInitGDC1</STRONG> (ARM, 512 bytes, Stack size 32 bytes, graphics_init.o(.text), UNUSED, KEPT)
<BR><BR>[Stack]<UL><LI>Max Depth = 108<LI>Call Chain = vGfInitGDC1 &rArr; vGfSetLayer &rArr; i32GDC_SetDataFormat &rArr; vUpdateDCR_Special &rArr; vGDC_SetShadowRegUpdateMode
</UL>
<BR>[Calls]<UL><LI><a href="#[f0]">&gt;&gt;</a>&nbsp;&nbsp;&nbsp;vGfSetLayer
<LI><a href="#[ef]">&gt;&gt;</a>&nbsp;&nbsp;&nbsp;vGfRegisterLayers
<LI><a href="#[ea]">&gt;&gt;</a>&nbsp;&nbsp;&nbsp;vGDC_SyncConfig
<LI><a href="#[f4]">&gt;&gt;</a>&nbsp;&nbsp;&nbsp;vGDC_Switch
<LI><a href="#[e9]">&gt;&gt;</a>&nbsp;&nbsp;&nbsp;vGDC_SetSyncDir
<LI><a href="#[eb]">&gt;&gt;</a>&nbsp;&nbsp;&nbsp;vGDC_SetPolHDisp
<LI><a href="#[f2]">&gt;&gt;</a>&nbsp;&nbsp;&nbsp;vGDC_SetLayerOrder
<LI><a href="#[e8]">&gt;&gt;</a>&nbsp;&nbsp;&nbsp;vGDC_SetDotClkPol
<LI><a href="#[f1]">&gt;&gt;</a>&nbsp;&nbsp;&nbsp;vGDC_SetDitheringMode
<LI><a href="#[ec]">&gt;&gt;</a>&nbsp;&nbsp;&nbsp;vGDC_SetDispConfigType
<LI><a href="#[e6]">&gt;&gt;</a>&nbsp;&nbsp;&nbsp;vGDC_SetBgrColor
<LI><a href="#[e7]">&gt;&gt;</a>&nbsp;&nbsp;&nbsp;vGDC_SelDotClkSrc
<LI><a href="#[e5]">&gt;&gt;</a>&nbsp;&nbsp;&nbsp;vGDC_Init
<LI><a href="#[f6]">&gt;&gt;</a>&nbsp;&nbsp;&nbsp;vCCR_SetGDCSynchronisation
<LI><a href="#[f7]">&gt;&gt;</a>&nbsp;&nbsp;&nbsp;vCCR_EnableGDC1Interface
<LI><a href="#[ed]">&gt;&gt;</a>&nbsp;&nbsp;&nbsp;i32GDC_SetDisplayStart
<LI><a href="#[ee]">&gt;&gt;</a>&nbsp;&nbsp;&nbsp;i32GDC_SetDisplaySize
<LI><a href="#[e4]">&gt;&gt;</a>&nbsp;&nbsp;&nbsp;i32CCR_SetClockFreq
<LI><a href="#[e3]">&gt;&gt;</a>&nbsp;&nbsp;&nbsp;i32CCR_EnableModuleClock
</UL>
<BR>[Called By]<UL><LI><a href="#[106]">&gt;&gt;</a>&nbsp;&nbsp;&nbsp;vGfInitGfxMiddleWare
</UL>

<P><STRONG><a name="[f8]"></a>vGfInitFG</STRONG> (ARM, 120 bytes, Stack size 8 bytes, graphics_init.o(.text), UNUSED, KEPT)
<BR><BR>[Stack]<UL><LI>Max Depth = 16<LI>Call Chain = vGfInitFG &rArr; i32CCR_EnableModuleClock
</UL>
<BR>[Calls]<UL><LI><a href="#[ff]">&gt;&gt;</a>&nbsp;&nbsp;&nbsp;vFG_SetScalingFactors
<LI><a href="#[fb]">&gt;&gt;</a>&nbsp;&nbsp;&nbsp;vFG_SetOutputMode
<LI><a href="#[fa]">&gt;&gt;</a>&nbsp;&nbsp;&nbsp;vFG_SetInputMode
<LI><a href="#[fd]">&gt;&gt;</a>&nbsp;&nbsp;&nbsp;vFG_SetInputCropp
<LI><a href="#[f9]">&gt;&gt;</a>&nbsp;&nbsp;&nbsp;vFG_SetCaptureBuffers
<LI><a href="#[101]">&gt;&gt;</a>&nbsp;&nbsp;&nbsp;vFG_FrameGrabberEnable
<LI><a href="#[100]">&gt;&gt;</a>&nbsp;&nbsp;&nbsp;vFG_EnableMeasurements
<LI><a href="#[fe]">&gt;&gt;</a>&nbsp;&nbsp;&nbsp;vFG_CroppingEnable
<LI><a href="#[fc]">&gt;&gt;</a>&nbsp;&nbsp;&nbsp;vFG_ConfigureFgSignal
<LI><a href="#[e3]">&gt;&gt;</a>&nbsp;&nbsp;&nbsp;i32CCR_EnableModuleClock
</UL>
<BR>[Called By]<UL><LI><a href="#[106]">&gt;&gt;</a>&nbsp;&nbsp;&nbsp;vGfInitGfxMiddleWare
</UL>

<P><STRONG><a name="[102]"></a>vGfInitGA</STRONG> (ARM, 100 bytes, Stack size 264 bytes, graphics_init.o(.text), UNUSED, KEPT)
<BR><BR>[Stack]<UL><LI>Max Depth = 272<LI>Call Chain = vGfInitGA &rArr; i32CCR_EnableModuleClock
</UL>
<BR>[Calls]<UL><LI><a href="#[104]">&gt;&gt;</a>&nbsp;&nbsp;&nbsp;vGA_ReadAheadEnable
<LI><a href="#[103]">&gt;&gt;</a>&nbsp;&nbsp;&nbsp;vGA_Enable
<LI><a href="#[e3]">&gt;&gt;</a>&nbsp;&nbsp;&nbsp;i32CCR_EnableModuleClock
<LI><a href="#[105]">&gt;&gt;</a>&nbsp;&nbsp;&nbsp;boDrw_SetFilterCoefDrawEngine
<LI><a href="#[31]">&gt;&gt;</a>&nbsp;&nbsp;&nbsp;__aeabi_memcpy4
</UL>
<BR>[Called By]<UL><LI><a href="#[106]">&gt;&gt;</a>&nbsp;&nbsp;&nbsp;vGfInitGfxMiddleWare
</UL>

<P><STRONG><a name="[106]"></a>vGfInitGfxMiddleWare</STRONG> (ARM, 116 bytes, Stack size 16 bytes, graphics_init.o(.text), UNUSED, KEPT)
<BR><BR>[Stack]<UL><LI>Max Depth = 288<LI>Call Chain = vGfInitGfxMiddleWare &rArr; vGfInitGA &rArr; i32CCR_EnableModuleClock
</UL>
<BR>[Calls]<UL><LI><a href="#[108]">&gt;&gt;</a>&nbsp;&nbsp;&nbsp;vSetEarlyWriteResponse
<LI><a href="#[107]">&gt;&gt;</a>&nbsp;&nbsp;&nbsp;vPNG_Init
<LI><a href="#[10a]">&gt;&gt;</a>&nbsp;&nbsp;&nbsp;vGfListInit
<LI><a href="#[e3]">&gt;&gt;</a>&nbsp;&nbsp;&nbsp;i32CCR_EnableModuleClock
<LI><a href="#[102]">&gt;&gt;</a>&nbsp;&nbsp;&nbsp;vGfInitGA
<LI><a href="#[f8]">&gt;&gt;</a>&nbsp;&nbsp;&nbsp;vGfInitFG
<LI><a href="#[f5]">&gt;&gt;</a>&nbsp;&nbsp;&nbsp;vGfInitGDC1
<LI><a href="#[e1]">&gt;&gt;</a>&nbsp;&nbsp;&nbsp;vGfInitGDC0
<LI><a href="#[109]">&gt;&gt;</a>&nbsp;&nbsp;&nbsp;vGfInitMWStateVariable
</UL>
<BR>[Called By]<UL><LI><a href="#[199]">&gt;&gt;</a>&nbsp;&nbsp;&nbsp;vInitGraphicsSystem
</UL>

<P><STRONG><a name="[2aa]"></a>vGf_Layer_GetVersion</STRONG> (ARM, 40 bytes, Stack size 8 bytes, layer.o(.text), UNUSED)

<P><STRONG><a name="[ef]"></a>vGfRegisterLayers</STRONG> (ARM, 2256 bytes, Stack size 0 bytes, layer.o(.text), UNUSED, KEPT)
<BR><BR>[Called By]<UL><LI><a href="#[f5]">&gt;&gt;</a>&nbsp;&nbsp;&nbsp;vGfInitGDC1
<LI><a href="#[e1]">&gt;&gt;</a>&nbsp;&nbsp;&nbsp;vGfInitGDC0
</UL>

<P><STRONG><a name="[f0]"></a>vGfSetLayer</STRONG> (ARM, 444 bytes, Stack size 32 bytes, layer.o(.text), UNUSED, KEPT)
<BR><BR>[Stack]<UL><LI>Max Depth = 76<LI>Call Chain = vGfSetLayer &rArr; i32GDC_SetDataFormat &rArr; vUpdateDCR_Special &rArr; vGDC_SetShadowRegUpdateMode
</UL>
<BR>[Calls]<UL><LI><a href="#[10d]">&gt;&gt;</a>&nbsp;&nbsp;&nbsp;vGDC_SetLayerStart
<LI><a href="#[10f]">&gt;&gt;</a>&nbsp;&nbsp;&nbsp;i32GDC_SetLayerSize
<LI><a href="#[10b]">&gt;&gt;</a>&nbsp;&nbsp;&nbsp;i32GDC_SetDataFormat
<LI><a href="#[10e]">&gt;&gt;</a>&nbsp;&nbsp;&nbsp;i32GDC_SetCommonAlpha
<LI><a href="#[10c]">&gt;&gt;</a>&nbsp;&nbsp;&nbsp;i32GDC_FrameBuffConfig
</UL>
<BR>[Called By]<UL><LI><a href="#[f5]">&gt;&gt;</a>&nbsp;&nbsp;&nbsp;vGfInitGDC1
<LI><a href="#[e1]">&gt;&gt;</a>&nbsp;&nbsp;&nbsp;vGfInitGDC0
</UL>

<P><STRONG><a name="[110]"></a>vGfShowLayer</STRONG> (ARM, 32 bytes, Stack size 16 bytes, layer.o(.text), UNUSED, KEPT)
<BR><BR>[Stack]<UL><LI>Max Depth = 48<LI>Call Chain = vGfShowLayer &rArr; i32GDC_LayerEnable &rArr; vUpdateDCR_HighWord_Special
</UL>
<BR>[Calls]<UL><LI><a href="#[111]">&gt;&gt;</a>&nbsp;&nbsp;&nbsp;i32GDC_LayerEnable
</UL>
<BR>[Called By]<UL><LI><a href="#[1ac]">&gt;&gt;</a>&nbsp;&nbsp;&nbsp;vInitIcons
</UL>

<P><STRONG><a name="[112]"></a>vGfHideLayer</STRONG> (ARM, 32 bytes, Stack size 16 bytes, layer.o(.text), UNUSED)
<BR><BR>[Calls]<UL><LI><a href="#[111]">&gt;&gt;</a>&nbsp;&nbsp;&nbsp;i32GDC_LayerEnable
</UL>

<P><STRONG><a name="[113]"></a>vGfPositionLayer</STRONG> (ARM, 88 bytes, Stack size 24 bytes, layer.o(.text), UNUSED)
<BR><BR>[Calls]<UL><LI><a href="#[10d]">&gt;&gt;</a>&nbsp;&nbsp;&nbsp;vGDC_SetLayerStart
</UL>

<P><STRONG><a name="[114]"></a>vGfLayerSwitchBuffer</STRONG> (ARM, 96 bytes, Stack size 32 bytes, layer.o(.text), UNUSED)
<BR><BR>[Calls]<UL><LI><a href="#[115]">&gt;&gt;</a>&nbsp;&nbsp;&nbsp;i32GDC_SetLayerStartAddr
<LI><a href="#[3b]">&gt;&gt;</a>&nbsp;&nbsp;&nbsp;vGfWaitForGA
</UL>

<P><STRONG><a name="[116]"></a>vGfLayerSwitchBufferSync</STRONG> (ARM, 104 bytes, Stack size 32 bytes, layer.o(.text), UNUSED, KEPT)
<BR><BR>[Stack]<UL><LI>Max Depth = 52<LI>Call Chain = vGfLayerSwitchBufferSync &rArr; i32GDC_SetLayerStartAddr
</UL>
<BR>[Calls]<UL><LI><a href="#[115]">&gt;&gt;</a>&nbsp;&nbsp;&nbsp;i32GDC_SetLayerStartAddr
<LI><a href="#[3b]">&gt;&gt;</a>&nbsp;&nbsp;&nbsp;vGfWaitForGA
<LI><a href="#[36]">&gt;&gt;</a>&nbsp;&nbsp;&nbsp;vGfWaitForVSync
</UL>
<BR>[Called By]<UL><LI><a href="#[1b7]">&gt;&gt;</a>&nbsp;&nbsp;&nbsp;vAppMain
</UL>

<P><STRONG><a name="[2ab]"></a>uiGfGetDispLayerAddr</STRONG> (ARM, 12 bytes, Stack size 0 bytes, layer.o(.text), UNUSED)

<P><STRONG><a name="[2ac]"></a>uiGfGetWriteLayerAddr</STRONG> (ARM, 12 bytes, Stack size 0 bytes, layer.o(.text), UNUSED)

<P><STRONG><a name="[2ad]"></a>uiGfGetDispLayerWidth</STRONG> (ARM, 12 bytes, Stack size 0 bytes, layer.o(.text), UNUSED)

<P><STRONG><a name="[2ae]"></a>uiGfGetWriteLayerWidth</STRONG> (ARM, 12 bytes, Stack size 0 bytes, layer.o(.text), UNUSED)

<P><STRONG><a name="[2af]"></a>eGfGetWriteLayerFormat</STRONG> (ARM, 12 bytes, Stack size 0 bytes, layer.o(.text), UNUSED)

<P><STRONG><a name="[2b0]"></a>vGf_Listmngr_GetVersion</STRONG> (ARM, 40 bytes, Stack size 8 bytes, listmngr.o(.text), UNUSED)

<P><STRONG><a name="[10a]"></a>vGfListInit</STRONG> (ARM, 56 bytes, Stack size 8 bytes, listmngr.o(.text), UNUSED, KEPT)
<BR><BR>[Stack]<UL><LI>Max Depth = 8<LI>Call Chain = vGfListInit
</UL>
<BR>[Calls]<UL><LI><a href="#[117]">&gt;&gt;</a>&nbsp;&nbsp;&nbsp;vGA_ResetList
</UL>
<BR>[Called By]<UL><LI><a href="#[106]">&gt;&gt;</a>&nbsp;&nbsp;&nbsp;vGfInitGfxMiddleWare
</UL>

<P><STRONG><a name="[118]"></a>vGfStartListExecution</STRONG> (ARM, 80 bytes, Stack size 8 bytes, listmngr.o(.text), UNUSED)
<BR><BR>[Calls]<UL><LI><a href="#[11a]">&gt;&gt;</a>&nbsp;&nbsp;&nbsp;vGA_SetCmdListAddr
<LI><a href="#[117]">&gt;&gt;</a>&nbsp;&nbsp;&nbsp;vGA_ResetList
<LI><a href="#[119]">&gt;&gt;</a>&nbsp;&nbsp;&nbsp;vGA_CloseList
</UL>

<P><STRONG><a name="[74]"></a>vGfListExecute</STRONG> (ARM, 84 bytes, Stack size 8 bytes, listmngr.o(.text))
<BR><BR>[Stack]<UL><LI>Max Depth = 16<LI>Call Chain = vGfListExecute &rArr; vGA_CloseList
</UL>
<BR>[Calls]<UL><LI><a href="#[11a]">&gt;&gt;</a>&nbsp;&nbsp;&nbsp;vGA_SetCmdListAddr
<LI><a href="#[117]">&gt;&gt;</a>&nbsp;&nbsp;&nbsp;vGA_ResetList
<LI><a href="#[119]">&gt;&gt;</a>&nbsp;&nbsp;&nbsp;vGA_CloseList
<LI><a href="#[3b]">&gt;&gt;</a>&nbsp;&nbsp;&nbsp;vGfWaitForGA
</UL>
<BR>[Called By]<UL><LI><a href="#[90]">&gt;&gt;</a>&nbsp;&nbsp;&nbsp;vGfBuffTransformationFullOptimized
<LI><a href="#[81]">&gt;&gt;</a>&nbsp;&nbsp;&nbsp;vGfBuffRotateNeedleTipandBase
<LI><a href="#[7f]">&gt;&gt;</a>&nbsp;&nbsp;&nbsp;vGfBuffRotateNeedleTipandBaseFill
<LI><a href="#[7e]">&gt;&gt;</a>&nbsp;&nbsp;&nbsp;vGfBuffRotateNeedle
<LI><a href="#[79]">&gt;&gt;</a>&nbsp;&nbsp;&nbsp;vGfBuffRotateNeedleFill
<LI><a href="#[71]">&gt;&gt;</a>&nbsp;&nbsp;&nbsp;vGfBuffRotateBitmapOptimized
<LI><a href="#[1d4]">&gt;&gt;</a>&nbsp;&nbsp;&nbsp;vShowPRNDS
<LI><a href="#[1cb]">&gt;&gt;</a>&nbsp;&nbsp;&nbsp;stShowString
<LI><a href="#[1c5]">&gt;&gt;</a>&nbsp;&nbsp;&nbsp;vfShowImageAt
<LI><a href="#[14]">&gt;&gt;</a>&nbsp;&nbsp;&nbsp;vShowTotalCurrent
<LI><a href="#[13]">&gt;&gt;</a>&nbsp;&nbsp;&nbsp;vShowSOCNumber
<LI><a href="#[e]">&gt;&gt;</a>&nbsp;&nbsp;&nbsp;vSetSpeedNeedle
<LI><a href="#[c]">&gt;&gt;</a>&nbsp;&nbsp;&nbsp;vSetIcons
<LI><a href="#[2a]">&gt;&gt;</a>&nbsp;&nbsp;&nbsp;vRunIconFunction
<LI><a href="#[1ac]">&gt;&gt;</a>&nbsp;&nbsp;&nbsp;vInitIcons
<LI><a href="#[1c1]">&gt;&gt;</a>&nbsp;&nbsp;&nbsp;vClearScreen
<LI><a href="#[1a7]">&gt;&gt;</a>&nbsp;&nbsp;&nbsp;vInitSytem
<LI><a href="#[197]">&gt;&gt;</a>&nbsp;&nbsp;&nbsp;vGfCopyImagesROMtoRAM
</UL>

<P><STRONG><a name="[11b]"></a>vGfListResetAll</STRONG> (ARM, 32 bytes, Stack size 8 bytes, listmngr.o(.text), UNUSED)
<BR><BR>[Calls]<UL><LI><a href="#[117]">&gt;&gt;</a>&nbsp;&nbsp;&nbsp;vGA_ResetList
</UL>

<P><STRONG><a name="[2b1]"></a>pstGfListGetExec</STRONG> (ARM, 12 bytes, Stack size 0 bytes, listmngr.o(.text), UNUSED)

<P><STRONG><a name="[a0]"></a>pstGfListGetWrite</STRONG> (ARM, 12 bytes, Stack size 0 bytes, listmngr.o(.text), UNUSED)
<BR><BR>[Called By]<UL><LI><a href="#[9f]">&gt;&gt;</a>&nbsp;&nbsp;&nbsp;vGfInsertList
</UL>

<P><STRONG><a name="[11c]"></a>vGfListWaitToComplete</STRONG> (ARM, 12 bytes, Stack size 8 bytes, listmngr.o(.text), UNUSED, KEPT)
<BR><BR>[Stack]<UL><LI>Max Depth = 16<LI>Call Chain = vGfListWaitToComplete &rArr; vGfWaitForGA
</UL>
[...]
<BR><BR>[Calls]<UL><LI><a href="#[31]">&gt;&gt;</a>&nbsp;&nbsp;&nbsp;__aeabi_memcpy4
<LI><a href="#[63]">&gt;&gt;</a>&nbsp;&nbsp;&nbsp;__aeabi_dmul (via BLX)
<LI><a href="#[66]">&gt;&gt;</a>&nbsp;&nbsp;&nbsp;__aeabi_dadd (via BLX)
</UL>
<BR>[Called By]<UL><LI><a href="#[130]">&gt;&gt;</a>&nbsp;&nbsp;&nbsp;RE_FORWARDROT
</UL>

<P><STRONG><a name="[12a]"></a>RE_MAX2</STRONG> (ARM, 76 bytes, Stack size 32 bytes, rotation.o(.text), UNUSED)
<BR><BR>[Calls]<UL><LI><a href="#[67]">&gt;&gt;</a>&nbsp;&nbsp;&nbsp;__aeabi_cdrcmple (via BLX)
</UL>
<BR>[Called By]<UL><LI><a href="#[130]">&gt;&gt;</a>&nbsp;&nbsp;&nbsp;RE_FORWARDROT
</UL>

<P><STRONG><a name="[12b]"></a>RE_3DTO2D</STRONG> (ARM, 440 bytes, Stack size 48 bytes, rotation.o(.text), UNUSED)
<BR><BR>[Calls]<UL><LI><a href="#[31]">&gt;&gt;</a>&nbsp;&nbsp;&nbsp;__aeabi_memcpy4
<LI><a href="#[60]">&gt;&gt;</a>&nbsp;&nbsp;&nbsp;__aeabi_ddiv (via BLX)
<LI><a href="#[66]">&gt;&gt;</a>&nbsp;&nbsp;&nbsp;__aeabi_dadd (via BLX)
</UL>
<BR>[Called By]<UL><LI><a href="#[130]">&gt;&gt;</a>&nbsp;&nbsp;&nbsp;RE_FORWARDROT
</UL>

<P><STRONG><a name="[12c]"></a>RE_MINSCREENOBJECTTYPE</STRONG> (ARM, 428 bytes, Stack size 64 bytes, rotation.o(.text), UNUSED)
<BR><BR>[Calls]<UL><LI><a href="#[31]">&gt;&gt;</a>&nbsp;&nbsp;&nbsp;__aeabi_memcpy4
<LI><a href="#[67]">&gt;&gt;</a>&nbsp;&nbsp;&nbsp;__aeabi_cdrcmple (via BLX)
</UL>
<BR>[Called By]<UL><LI><a href="#[130]">&gt;&gt;</a>&nbsp;&nbsp;&nbsp;RE_FORWARDROT
</UL>

<P><STRONG><a name="[12d]"></a>RE_TRANSLATESCREENOBJECT</STRONG> (ARM, 516 bytes, Stack size 40 bytes, rotation.o(.text), UNUSED)
<BR><BR>[Calls]<UL><LI><a href="#[31]">&gt;&gt;</a>&nbsp;&nbsp;&nbsp;__aeabi_memcpy4
<LI><a href="#[64]">&gt;&gt;</a>&nbsp;&nbsp;&nbsp;__aeabi_dsub (via BLX)
</UL>
<BR>[Called By]<UL><LI><a href="#[130]">&gt;&gt;</a>&nbsp;&nbsp;&nbsp;RE_FORWARDROT
</UL>

<P><STRONG><a name="[12e]"></a>RE_SCALESCREENOBJECT_X</STRONG> (ARM, 180 bytes, Stack size 40 bytes, rotation.o(.text), UNUSED)
<BR><BR>[Calls]<UL><LI><a href="#[31]">&gt;&gt;</a>&nbsp;&nbsp;&nbsp;__aeabi_memcpy4
<LI><a href="#[63]">&gt;&gt;</a>&nbsp;&nbsp;&nbsp;__aeabi_dmul (via BLX)
</UL>
<BR>[Called By]<UL><LI><a href="#[130]">&gt;&gt;</a>&nbsp;&nbsp;&nbsp;RE_FORWARDROT
<LI><a href="#[8d]">&gt;&gt;</a>&nbsp;&nbsp;&nbsp;vRotLib_PerspectiveBlend
<LI><a href="#[8b]">&gt;&gt;</a>&nbsp;&nbsp;&nbsp;vRotLib_Perspective
</UL>

<P><STRONG><a name="[12f]"></a>RE_SCALESCREENOBJECT_Y</STRONG> (ARM, 180 bytes, Stack size 40 bytes, rotation.o(.text), UNUSED)
<BR><BR>[Calls]<UL><LI><a href="#[31]">&gt;&gt;</a>&nbsp;&nbsp;&nbsp;__aeabi_memcpy4
<LI><a href="#[63]">&gt;&gt;</a>&nbsp;&nbsp;&nbsp;__aeabi_dmul (via BLX)
</UL>
<BR>[Called By]<UL><LI><a href="#[130]">&gt;&gt;</a>&nbsp;&nbsp;&nbsp;RE_FORWARDROT
<LI><a href="#[8d]">&gt;&gt;</a>&nbsp;&nbsp;&nbsp;vRotLib_PerspectiveBlend
<LI><a href="#[8b]">&gt;&gt;</a>&nbsp;&nbsp;&nbsp;vRotLib_Perspective
</UL>

<P><STRONG><a name="[130]"></a>RE_FORWARDROT</STRONG> (ARM, 728 bytes, Stack size 528 bytes, rotation.o(.text), UNUSED)
<BR><BR>[Calls]<UL><LI><a href="#[12f]">&gt;&gt;</a>&nbsp;&nbsp;&nbsp;RE_SCALESCREENOBJECT_Y
<LI><a href="#[12e]">&gt;&gt;</a>&nbsp;&nbsp;&nbsp;RE_SCALESCREENOBJECT_X
<LI><a href="#[12d]">&gt;&gt;</a>&nbsp;&nbsp;&nbsp;RE_TRANSLATESCREENOBJECT
<LI><a href="#[12c]">&gt;&gt;</a>&nbsp;&nbsp;&nbsp;RE_MINSCREENOBJECTTYPE
<LI><a href="#[12b]">&gt;&gt;</a>&nbsp;&nbsp;&nbsp;RE_3DTO2D
<LI><a href="#[12a]">&gt;&gt;</a>&nbsp;&nbsp;&nbsp;RE_MAX2
<LI><a href="#[129]">&gt;&gt;</a>&nbsp;&nbsp;&nbsp;RE_VECTORMATRIXMULT
<LI><a href="#[128]">&gt;&gt;</a>&nbsp;&nbsp;&nbsp;RE_CREATESCREENOBJECT
<LI><a href="#[127]">&gt;&gt;</a>&nbsp;&nbsp;&nbsp;RE_ROTMATRIX
<LI><a href="#[126]">&gt;&gt;</a>&nbsp;&nbsp;&nbsp;RE_DEG2RAD
<LI><a href="#[31]">&gt;&gt;</a>&nbsp;&nbsp;&nbsp;__aeabi_memcpy4
<LI><a href="#[99]">&gt;&gt;</a>&nbsp;&nbsp;&nbsp;__aeabi_ui2d (via BLX)
</UL>
<BR>[Called By]<UL><LI><a href="#[8d]">&gt;&gt;</a>&nbsp;&nbsp;&nbsp;vRotLib_PerspectiveBlend
<LI><a href="#[8b]">&gt;&gt;</a>&nbsp;&nbsp;&nbsp;vRotLib_Perspective
</UL>

<P><STRONG><a name="[131]"></a>RE_SORTCORNERS</STRONG> (ARM, 7260 bytes, Stack size 368 bytes, rotation.o(.text), UNUSED)
<BR><BR>[Calls]<UL><LI><a href="#[11d]">&gt;&gt;</a>&nbsp;&nbsp;&nbsp;RE_FLOAT64TOUINT32
<LI><a href="#[ad]">&gt;&gt;</a>&nbsp;&nbsp;&nbsp;sqrt (via BLX)
<LI><a href="#[63]">&gt;&gt;</a>&nbsp;&nbsp;&nbsp;__aeabi_dmul (via BLX)
<LI><a href="#[5f]">&gt;&gt;</a>&nbsp;&nbsp;&nbsp;__aeabi_cdcmple (via BLX)
<LI><a href="#[99]">&gt;&gt;</a>&nbsp;&nbsp;&nbsp;__aeabi_ui2d (via BLX)
<LI><a href="#[62]">&gt;&gt;</a>&nbsp;&nbsp;&nbsp;__aeabi_i2d (via BLX)
<LI><a href="#[61]">&gt;&gt;</a>&nbsp;&nbsp;&nbsp;__aeabi_d2iz (via BLX)
<LI><a href="#[60]">&gt;&gt;</a>&nbsp;&nbsp;&nbsp;__aeabi_ddiv (via BLX)
<LI><a href="#[64]">&gt;&gt;</a>&nbsp;&nbsp;&nbsp;__aeabi_dsub (via BLX)
<LI><a href="#[66]">&gt;&gt;</a>&nbsp;&nbsp;&nbsp;__aeabi_dadd (via BLX)
</UL>
<BR>[Called By]<UL><LI><a href="#[13d]">&gt;&gt;</a>&nbsp;&nbsp;&nbsp;vRotLib_CalculateForwardRotatedCornerCoordinates_Shear
<LI><a href="#[b4]">&gt;&gt;</a>&nbsp;&nbsp;&nbsp;vRotLib_PerspectiveOGL
<LI><a href="#[b6]">&gt;&gt;</a>&nbsp;&nbsp;&nbsp;vRotLib_PerspectiveBlendOGL
<LI><a href="#[8d]">&gt;&gt;</a>&nbsp;&nbsp;&nbsp;vRotLib_PerspectiveBlend
<LI><a href="#[8b]">&gt;&gt;</a>&nbsp;&nbsp;&nbsp;vRotLib_Perspective
</UL>

<P><STRONG><a name="[132]"></a>RE_SCALEMATRIX</STRONG> (ARM, 292 bytes, Stack size 40 bytes, rotation.o(.text), UNUSED)
<BR><BR>[Calls]<UL><LI><a href="#[31]">&gt;&gt;</a>&nbsp;&nbsp;&nbsp;__aeabi_memcpy4
<LI><a href="#[63]">&gt;&gt;</a>&nbsp;&nbsp;&nbsp;__aeabi_dmul (via BLX)
</UL>
<BR>[Called By]<UL><LI><a href="#[137]">&gt;&gt;</a>&nbsp;&nbsp;&nbsp;RE_BACKWARDMATRIX
</UL>

<P><STRONG><a name="[133]"></a>RE_MAXMATRIXELEMENT</STRONG> (ARM, 528 bytes, Stack size 40 bytes, rotation.o(.text), UNUSED)
<BR><BR>[Calls]<UL><LI><a href="#[124]">&gt;&gt;</a>&nbsp;&nbsp;&nbsp;RE_DOUBLEABS
<LI><a href="#[67]">&gt;&gt;</a>&nbsp;&nbsp;&nbsp;__aeabi_cdrcmple (via BLX)
</UL>
<BR>[Called By]<UL><LI><a href="#[137]">&gt;&gt;</a>&nbsp;&nbsp;&nbsp;RE_BACKWARDMATRIX
</UL>

<P><STRONG><a name="[137]"></a>RE_BACKWARDMATRIX</STRONG> (ARM, 34648 bytes, Stack size 376 bytes, rotation.o(.text), UNUSED)
<BR><BR>[Calls]<UL><LI><a href="#[134]">&gt;&gt;</a>&nbsp;&nbsp;&nbsp;round
<LI><a href="#[133]">&gt;&gt;</a>&nbsp;&nbsp;&nbsp;RE_MAXMATRIXELEMENT
<LI><a href="#[132]">&gt;&gt;</a>&nbsp;&nbsp;&nbsp;RE_SCALEMATRIX
<LI><a href="#[31]">&gt;&gt;</a>&nbsp;&nbsp;&nbsp;__aeabi_memcpy4
<LI><a href="#[63]">&gt;&gt;</a>&nbsp;&nbsp;&nbsp;__aeabi_dmul (via BLX)
<LI><a href="#[99]">&gt;&gt;</a>&nbsp;&nbsp;&nbsp;__aeabi_ui2d (via BLX)
<LI><a href="#[60]">&gt;&gt;</a>&nbsp;&nbsp;&nbsp;__aeabi_ddiv (via BLX)
<LI><a href="#[64]">&gt;&gt;</a>&nbsp;&nbsp;&nbsp;__aeabi_dsub (via BLX)
<LI><a href="#[a5]">&gt;&gt;</a>&nbsp;&nbsp;&nbsp;__aeabi_drsub (via BLX)
<LI><a href="#[66]">&gt;&gt;</a>&nbsp;&nbsp;&nbsp;__aeabi_dadd (via BLX)
</UL>
<BR>[Called By]<UL><LI><a href="#[b4]">&gt;&gt;</a>&nbsp;&nbsp;&nbsp;vRotLib_PerspectiveOGL
<LI><a href="#[b6]">&gt;&gt;</a>&nbsp;&nbsp;&nbsp;vRotLib_PerspectiveBlendOGL
<LI><a href="#[8d]">&gt;&gt;</a>&nbsp;&nbsp;&nbsp;vRotLib_PerspectiveBlend
<LI><a href="#[8b]">&gt;&gt;</a>&nbsp;&nbsp;&nbsp;vRotLib_Perspective
</UL>

<P><STRONG><a name="[138]"></a>RE_FLOAT64TRUNC</STRONG> (ARM, 36 bytes, Stack size 24 bytes, rotation.o(.text), UNUSED)
<BR><BR>[Calls]<UL><LI><a href="#[120]">&gt;&gt;</a>&nbsp;&nbsp;&nbsp;__aeabi_l2d (via BLX)
<LI><a href="#[11f]">&gt;&gt;</a>&nbsp;&nbsp;&nbsp;__aeabi_d2lz (via BLX)
</UL>
<BR>[Called By]<UL><LI><a href="#[139]">&gt;&gt;</a>&nbsp;&nbsp;&nbsp;RE_TRANSLATEOBJECT
</UL>

<P><STRONG><a name="[139]"></a>RE_TRANSLATEOBJECT</STRONG> (ARM, 552 bytes, Stack size 72 bytes, rotation.o(.text), UNUSED)
<BR><BR>[Calls]<UL><LI><a href="#[138]">&gt;&gt;</a>&nbsp;&nbsp;&nbsp;RE_FLOAT64TRUNC
<LI><a href="#[11e]">&gt;&gt;</a>&nbsp;&nbsp;&nbsp;RE_FLOAT64ROUND
<LI><a href="#[63]">&gt;&gt;</a>&nbsp;&nbsp;&nbsp;__aeabi_dmul (via BLX)
<LI><a href="#[5f]">&gt;&gt;</a>&nbsp;&nbsp;&nbsp;__aeabi_cdcmple (via BLX)
<LI><a href="#[62]">&gt;&gt;</a>&nbsp;&nbsp;&nbsp;__aeabi_i2d (via BLX)
<LI><a href="#[61]">&gt;&gt;</a>&nbsp;&nbsp;&nbsp;__aeabi_d2iz (via BLX)
<LI><a href="#[60]">&gt;&gt;</a>&nbsp;&nbsp;&nbsp;__aeabi_ddiv (via BLX)
<LI><a href="#[64]">&gt;&gt;</a>&nbsp;&nbsp;&nbsp;__aeabi_dsub (via BLX)
</UL>
<BR>[Called By]<UL><LI><a href="#[b4]">&gt;&gt;</a>&nbsp;&nbsp;&nbsp;vRotLib_PerspectiveOGL
<LI><a href="#[b6]">&gt;&gt;</a>&nbsp;&nbsp;&nbsp;vRotLib_PerspectiveBlendOGL
</UL>

<P><STRONG><a name="[13a]"></a>vRotLib_CalculateForwardRotatedCornerCoordinates_RotateFull</STRONG> (ARM, 2776 bytes, Stack size 152 bytes, rotation.o(.text))
<BR><BR>[Stack]<UL><LI>Max Depth = 352<LI>Call Chain = vRotLib_CalculateForwardRotatedCornerCoordinates_RotateFull &rArr; sin &rArr; __ieee754_rem_pio2 &rArr; __aeabi_dmul
</UL>
<BR>[Calls]<UL><LI><a href="#[13b]">&gt;&gt;</a>&nbsp;&nbsp;&nbsp;vSaveGlFwRotCornerCoord
<LI><a href="#[11e]">&gt;&gt;</a>&nbsp;&nbsp;&nbsp;RE_FLOAT64ROUND
<LI><a href="#[11d]">&gt;&gt;</a>&nbsp;&nbsp;&nbsp;RE_FLOAT64TOUINT32
<LI><a href="#[9b]">&gt;&gt;</a>&nbsp;&nbsp;&nbsp;sin (via BLX)
<LI><a href="#[9a]">&gt;&gt;</a>&nbsp;&nbsp;&nbsp;cos (via BLX)
<LI><a href="#[5e]">&gt;&gt;</a>&nbsp;&nbsp;&nbsp;__aeabi_f2d (via BLX)
<LI><a href="#[63]">&gt;&gt;</a>&nbsp;&nbsp;&nbsp;__aeabi_dmul (via BLX)
<LI><a href="#[5f]">&gt;&gt;</a>&nbsp;&nbsp;&nbsp;__aeabi_cdcmple (via BLX)
<LI><a href="#[62]">&gt;&gt;</a>&nbsp;&nbsp;&nbsp;__aeabi_i2d (via BLX)
<LI><a href="#[60]">&gt;&gt;</a>&nbsp;&nbsp;&nbsp;__aeabi_ddiv (via BLX)
<LI><a href="#[64]">&gt;&gt;</a>&nbsp;&nbsp;&nbsp;__aeabi_dsub (via BLX)
<LI><a href="#[a5]">&gt;&gt;</a>&nbsp;&nbsp;&nbsp;__aeabi_drsub (via BLX)
<LI><a href="#[66]">&gt;&gt;</a>&nbsp;&nbsp;&nbsp;__aeabi_dadd (via BLX)
</UL>
<BR>[Called By]<UL><LI><a href="#[76]">&gt;&gt;</a>&nbsp;&nbsp;&nbsp;vRotLib_RotateBlend
<LI><a href="#[6e]">&gt;&gt;</a>&nbsp;&nbsp;&nbsp;vRotLib_Rotate
</UL>

<P><STRONG><a name="[13c]"></a>vRotLib_CalculateForwardRotatedCornerCoordinates_RotatePart</STRONG> (ARM, 2732 bytes, Stack size 152 bytes, rotation.o(.text), UNUSED)
<BR><BR>[Calls]<UL><LI><a href="#[13b]">&gt;&gt;</a>&nbsp;&nbsp;&nbsp;vSaveGlFwRotCornerCoord
<LI><a href="#[11e]">&gt;&gt;</a>&nbsp;&nbsp;&nbsp;RE_FLOAT64ROUND
<LI><a href="#[11d]">&gt;&gt;</a>&nbsp;&nbsp;&nbsp;RE_FLOAT64TOUINT32
<LI><a href="#[9b]">&gt;&gt;</a>&nbsp;&nbsp;&nbsp;sin (via BLX)
<LI><a href="#[9a]">&gt;&gt;</a>&nbsp;&nbsp;&nbsp;cos (via BLX)
<LI><a href="#[5e]">&gt;&gt;</a>&nbsp;&nbsp;&nbsp;__aeabi_f2d (via BLX)
<LI><a href="#[63]">&gt;&gt;</a>&nbsp;&nbsp;&nbsp;__aeabi_dmul (via BLX)
<LI><a href="#[5f]">&gt;&gt;</a>&nbsp;&nbsp;&nbsp;__aeabi_cdcmple (via BLX)
<LI><a href="#[62]">&gt;&gt;</a>&nbsp;&nbsp;&nbsp;__aeabi_i2d (via BLX)
<LI><a href="#[60]">&gt;&gt;</a>&nbsp;&nbsp;&nbsp;__aeabi_ddiv (via BLX)
<LI><a href="#[64]">&gt;&gt;</a>&nbsp;&nbsp;&nbsp;__aeabi_dsub (via BLX)
<LI><a href="#[a5]">&gt;&gt;</a>&nbsp;&nbsp;&nbsp;__aeabi_drsub (via BLX)
<LI><a href="#[66]">&gt;&gt;</a>&nbsp;&nbsp;&nbsp;__aeabi_dadd (via BLX)
</UL>
<BR>[Called By]<UL><LI><a href="#[70]">&gt;&gt;</a>&nbsp;&nbsp;&nbsp;vRotLib_Rotate_Part
<LI><a href="#[78]">&gt;&gt;</a>&nbsp;&nbsp;&nbsp;vRotLib_RotateBlend_Part
</UL>

<P><STRONG><a name="[13d]"></a>vRotLib_CalculateForwardRotatedCornerCoordinates_Shear</STRONG> (ARM, 932 bytes, Stack size 216 bytes, rotation.o(.text), UNUSED)
<BR><BR>[Calls]<UL><LI><a href="#[131]">&gt;&gt;</a>&nbsp;&nbsp;&nbsp;RE_SORTCORNERS
<LI><a href="#[13b]">&gt;&gt;</a>&nbsp;&nbsp;&nbsp;vSaveGlFwRotCornerCoord
<LI><a href="#[11d]">&gt;&gt;</a>&nbsp;&nbsp;&nbsp;RE_FLOAT64TOUINT32
<LI><a href="#[5e]">&gt;&gt;</a>&nbsp;&nbsp;&nbsp;__aeabi_f2d (via BLX)
<LI><a href="#[63]">&gt;&gt;</a>&nbsp;&nbsp;&nbsp;__aeabi_dmul (via BLX)
<LI><a href="#[99]">&gt;&gt;</a>&nbsp;&nbsp;&nbsp;__aeabi_ui2d (via BLX)
<LI><a href="#[62]">&gt;&gt;</a>&nbsp;&nbsp;&nbsp;__aeabi_i2d (via BLX)
<LI><a href="#[98]">&gt;&gt;</a>&nbsp;&nbsp;&nbsp;__aeabi_d2uiz (via BLX)
<LI><a href="#[66]">&gt;&gt;</a>&nbsp;&nbsp;&nbsp;__aeabi_dadd (via BLX)
</UL>
<BR>[Called By]<UL><LI><a href="#[85]">&gt;&gt;</a>&nbsp;&nbsp;&nbsp;vRotLib_ShearBlend
<LI><a href="#[83]">&gt;&gt;</a>&nbsp;&nbsp;&nbsp;vRotLib_Shear
</UL>

<P><STRONG><a name="[13e]"></a>vRotLib_CalculateForwardRotatedCornerCoordinates_Scale</STRONG> (ARM, 1236 bytes, Stack size 120 bytes, rotation.o(.text), UNUSED)
<BR><BR>[Calls]<UL><LI><a href="#[13b]">&gt;&gt;</a>&nbsp;&nbsp;&nbsp;vSaveGlFwRotCornerCoord
<LI><a href="#[11d]">&gt;&gt;</a>&nbsp;&nbsp;&nbsp;RE_FLOAT64TOUINT32
<LI><a href="#[5e]">&gt;&gt;</a>&nbsp;&nbsp;&nbsp;__aeabi_f2d (via BLX)
<LI><a href="#[67]">&gt;&gt;</a>&nbsp;&nbsp;&nbsp;__aeabi_cdrcmple (via BLX)
<LI><a href="#[63]">&gt;&gt;</a>&nbsp;&nbsp;&nbsp;__aeabi_dmul (via BLX)
<LI><a href="#[99]">&gt;&gt;</a>&nbsp;&nbsp;&nbsp;__aeabi_ui2d (via BLX)
<LI><a href="#[62]">&gt;&gt;</a>&nbsp;&nbsp;&nbsp;__aeabi_i2d (via BLX)
<LI><a href="#[98]">&gt;&gt;</a>&nbsp;&nbsp;&nbsp;__aeabi_d2uiz (via BLX)
<LI><a href="#[66]">&gt;&gt;</a>&nbsp;&nbsp;&nbsp;__aeabi_dadd (via BLX)
</UL>
<BR>[Called By]<UL><LI><a href="#[89]">&gt;&gt;</a>&nbsp;&nbsp;&nbsp;vRotLib_ScaleBlend
<LI><a href="#[87]">&gt;&gt;</a>&nbsp;&nbsp;&nbsp;vRotLib_Scale
</UL>

<P><STRONG><a name="[13f]"></a>vRotLib_CheckForNegativeCoordinates</STRONG> (ARM, 960 bytes, Stack size 40 bytes, rotation.o(.text), UNUSED)
<BR><BR>[Called By]<UL><LI><a href="#[83]">&gt;&gt;</a>&nbsp;&nbsp;&nbsp;vRotLib_Shear
<LI><a href="#[87]">&gt;&gt;</a>&nbsp;&nbsp;&nbsp;vRotLib_Scale
<LI><a href="#[70]">&gt;&gt;</a>&nbsp;&nbsp;&nbsp;vRotLib_Rotate_Part
<LI><a href="#[6e]">&gt;&gt;</a>&nbsp;&nbsp;&nbsp;vRotLib_Rotate
<LI><a href="#[b4]">&gt;&gt;</a>&nbsp;&nbsp;&nbsp;vRotLib_PerspectiveOGL
<LI><a href="#[8b]">&gt;&gt;</a>&nbsp;&nbsp;&nbsp;vRotLib_Perspective
</UL>

<P><STRONG><a name="[142]"></a>vRotLib_CheckForNegativeCoordinatesBlend</STRONG> (ARM, 896 bytes, Stack size 40 bytes, rotation.o(.text))
<BR><BR>[Stack]<UL><LI>Max Depth = 40<LI>Call Chain = vRotLib_CheckForNegativeCoordinatesBlend
</UL>
<BR>[Called By]<UL><LI><a href="#[85]">&gt;&gt;</a>&nbsp;&nbsp;&nbsp;vRotLib_ShearBlend
<LI><a href="#[89]">&gt;&gt;</a>&nbsp;&nbsp;&nbsp;vRotLib_ScaleBlend
<LI><a href="#[78]">&gt;&gt;</a>&nbsp;&nbsp;&nbsp;vRotLib_RotateBlend_Part
<LI><a href="#[76]">&gt;&gt;</a>&nbsp;&nbsp;&nbsp;vRotLib_RotateBlend
<LI><a href="#[b6]">&gt;&gt;</a>&nbsp;&nbsp;&nbsp;vRotLib_PerspectiveBlendOGL
<LI><a href="#[8d]">&gt;&gt;</a>&nbsp;&nbsp;&nbsp;vRotLib_PerspectiveBlend
</UL>

<P><STRONG><a name="[14e]"></a>vUpdateDCR_HighWord_Special</STRONG> (ARM, 84 bytes, Stack size 8 bytes, gdc.o(.text), UNUSED, KEPT)
<BR><BR>[Stack]<UL><LI>Max Depth = 8<LI>Call Chain = vUpdateDCR_HighWord_Special
</UL>
<BR>[Called By]<UL><LI><a href="#[111]">&gt;&gt;</a>&nbsp;&nbsp;&nbsp;i32GDC_LayerEnable
<LI><a href="#[f4]">&gt;&gt;</a>&nbsp;&nbsp;&nbsp;vGDC_Switch
<LI><a href="#[f1]">&gt;&gt;</a>&nbsp;&nbsp;&nbsp;vGDC_SetDitheringMode
<LI><a href="#[ec]">&gt;&gt;</a>&nbsp;&nbsp;&nbsp;vGDC_SetDispConfigType
<LI><a href="#[154]">&gt;&gt;</a>&nbsp;&nbsp;&nbsp;vGDC_GAPIFEnable
<LI><a href="#[153]">&gt;&gt;</a>&nbsp;&nbsp;&nbsp;boGDC_ClrDcrBusErrors
<LI><a href="#[151]">&gt;&gt;</a>&nbsp;&nbsp;&nbsp;vGDC_WindowEnable
<LI><a href="#[150]">&gt;&gt;</a>&nbsp;&nbsp;&nbsp;vGDC_EnableSelectiveCorr
<LI><a href="#[14f]">&gt;&gt;</a>&nbsp;&nbsp;&nbsp;vGDC_ColorCorrectEnable
</UL>

<P><STRONG><a name="[14c]"></a>vUpdateDCR_Special</STRONG> (ARM, 64 bytes, Stack size 12 bytes, gdc.o(.text), UNUSED, KEPT)
<BR><BR>[Stack]<UL><LI>Max Depth = 20<LI>Call Chain = vUpdateDCR_Special &rArr; vGDC_SetShadowRegUpdateMode
</UL>
<BR>[Calls]<UL><LI><a href="#[14d]">&gt;&gt;</a>&nbsp;&nbsp;&nbsp;vGDC_SetShadowRegUpdateMode
</UL>
<BR>[Called By]<UL><LI><a href="#[10b]">&gt;&gt;</a>&nbsp;&nbsp;&nbsp;i32GDC_SetDataFormat
<LI><a href="#[153]">&gt;&gt;</a>&nbsp;&nbsp;&nbsp;boGDC_ClrDcrBusErrors
</UL>

<P><STRONG><a name="[157]"></a>vUART_Wait</STRONG> (ARM, 44 bytes, Stack size 8 bytes, hsuart.o(.text), UNUSED, KEPT)
<BR><BR>[Stack]<UL><LI>Max Depth = 8<LI>Call Chain = vUART_Wait
</UL>
<BR>[Called By]<UL><LI><a href="#[155]">&gt;&gt;</a>&nbsp;&nbsp;&nbsp;vUART_Reset
</UL>

<P><STRONG><a name="[2b]"></a>Reset_Hndlr</STRONG> (ARM, 0 bytes, Stack size unknown bytes, core_bootloader_keil.o(init), UNUSED, KEPT)
<BR><BR>[Stack]<UL><LI>Max Depth = 680 + Unknown Stack Size
<LI>Call Chain = Reset_Hndlr &rArr; vAppMain &rArr; vInitSytem &rArr; vInitGraphicsSystem &rArr; vGfInitGfxMiddleWare &rArr; vGfInitGA &rArr; i32CCR_EnableModuleClock
</UL>
<BR>[Calls]<UL><LI><a href="#[1b7]">&gt;&gt;</a>&nbsp;&nbsp;&nbsp;vAppMain (via Veneer)
<LI><a href="#[266]">&gt;&gt;</a>&nbsp;&nbsp;&nbsp;vASM_Init_zi
<LI><a href="#[263]">&gt;&gt;</a>&nbsp;&nbsp;&nbsp;vASM_Init8WordsInBurst
<LI><a href="#[265]">&gt;&gt;</a>&nbsp;&nbsp;&nbsp;vASM_Copy_all_areas
<LI><a href="#[264]">&gt;&gt;</a>&nbsp;&nbsp;&nbsp;vDMC_Cfg
</UL>

<P><STRONG><a name="[19a]"></a>vInterruptEnable</STRONG> (ARM, 20 bytes, Stack size 8 bytes, boardcfg.o(.text), UNUSED, KEPT)
<BR><BR>[Stack]<UL><LI>Max Depth = 8 + Unknown Stack Size
<LI>Call Chain = vInterruptEnable
</UL>
<BR>[Calls]<UL><LI><a href="#[19b]">&gt;&gt;</a>&nbsp;&nbsp;&nbsp;asm_enable_core_vic_port
<LI><a href="#[19d]">&gt;&gt;</a>&nbsp;&nbsp;&nbsp;asm_enable_core_fast_int
<LI><a href="#[19c]">&gt;&gt;</a>&nbsp;&nbsp;&nbsp;asm_enable_core_int
</UL>
<BR>[Called By]<UL><LI><a href="#[1a6]">&gt;&gt;</a>&nbsp;&nbsp;&nbsp;vBoardCfg
</UL>

<P><STRONG><a name="[19e]"></a>vConfigureQSPI0ReadAccess</STRONG> (ARM, 404 bytes, Stack size 48 bytes, boardcfg.o(.text), UNUSED, KEPT)
<BR><BR>[Stack]<UL><LI>Max Depth = 68<LI>Call Chain = vConfigureQSPI0ReadAccess &rArr; i32AssignQSPISettings
</UL>
<BR>[Calls]<UL><LI><a href="#[e4]">&gt;&gt;</a>&nbsp;&nbsp;&nbsp;i32CCR_SetClockFreq
<LI><a href="#[e3]">&gt;&gt;</a>&nbsp;&nbsp;&nbsp;i32CCR_EnableModuleClock
<LI><a href="#[1a1]">&gt;&gt;</a>&nbsp;&nbsp;&nbsp;i32QSPIC_ConfigurePrgControl
<LI><a href="#[1a0]">&gt;&gt;</a>&nbsp;&nbsp;&nbsp;i32QSPIC_ConfigureDirectControl
<LI><a href="#[1a3]">&gt;&gt;</a>&nbsp;&nbsp;&nbsp;i32GPIO_SetPinFunction
<LI><a href="#[1a2]">&gt;&gt;</a>&nbsp;&nbsp;&nbsp;i32GPIO_EnableLatchFunction
<LI><a href="#[1a4]">&gt;&gt;</a>&nbsp;&nbsp;&nbsp;i32GPIO_SetOutputResistance
<LI><a href="#[1a5]">&gt;&gt;</a>&nbsp;&nbsp;&nbsp;i32GPIO_EnablePullDown
<LI><a href="#[19f]">&gt;&gt;</a>&nbsp;&nbsp;&nbsp;i32AssignQSPISettings
</UL>
<BR>[Called By]<UL><LI><a href="#[1a6]">&gt;&gt;</a>&nbsp;&nbsp;&nbsp;vBoardCfg
</UL>

<P><STRONG><a name="[24f]"></a>_dadd1</STRONG> (Thumb, 0 bytes, Stack size unknown bytes, daddsub_clz.o(x$fpl$dadd), UNUSED)
<BR><BR>[Called By]<UL><LI><a href="#[250]">&gt;&gt;</a>&nbsp;&nbsp;&nbsp;_dsub
<LI><a href="#[24e]">&gt;&gt;</a>&nbsp;&nbsp;&nbsp;_drsb
</UL>

<P><STRONG><a name="[241]"></a>_dsub1</STRONG> (Thumb, 0 bytes, Stack size unknown bytes, daddsub_clz.o(x$fpl$dsub), UNUSED)
<BR><BR>[Called By]<UL><LI><a href="#[24e]">&gt;&gt;</a>&nbsp;&nbsp;&nbsp;_drsb
<LI><a href="#[240]">&gt;&gt;</a>&nbsp;&nbsp;&nbsp;_dadd
</UL>

<P><STRONG><a name="[25f]"></a>_fadd1</STRONG> (Thumb, 0 bytes, Stack size unknown bytes, faddsub_clz.o(x$fpl$fadd), UNUSED)
<BR><BR>[Called By]<UL><LI><a href="#[260]">&gt;&gt;</a>&nbsp;&nbsp;&nbsp;_fsub
<LI><a href="#[25e]">&gt;&gt;</a>&nbsp;&nbsp;&nbsp;_frsb
</UL>

<P><STRONG><a name="[254]"></a>_fsub1</STRONG> (Thumb, 0 bytes, Stack size unknown bytes, faddsub_clz.o(x$fpl$fsub), UNUSED)
<BR><BR>[Called By]<UL><LI><a href="#[25e]">&gt;&gt;</a>&nbsp;&nbsp;&nbsp;_frsb
<LI><a href="#[253]">&gt;&gt;</a>&nbsp;&nbsp;&nbsp;_fadd
</UL>

<P><STRONG><a name="[a]"></a>_printf_input_char</STRONG> (Thumb, 10 bytes, Stack size 0 bytes, _printf_char_common.o(.text))
<BR>[Address Reference Count : 1]<UL><LI> _printf_char_common.o(.text)
</UL><P>
<H3>
Undefined Global Symbols
</H3><HR></body></html>
